[Sat Jan 28 21:52:31 2023] Linux version 6.2.0-rc3-00008-g1fe4fd6f5cad (root@little-penguin-1) (gcc (Ubuntu 11.3.0-1ubuntu1~22.04) 11.3.0, GNU ld (GNU Binutils for Ubuntu) 2.38) #1 SMP PREEMPT_DYNAMIC Mon Jan  9 22:00:58 UTC 2023
[Sat Jan 28 21:52:31 2023] Command line: BOOT_IMAGE=/vmlinuz-6.2.0-rc3-00008-g1fe4fd6f5cad root=/dev/mapper/ubuntu--vg-ubuntu--lv ro
[Sat Jan 28 21:52:31 2023] x86/fpu: Supporting XSAVE feature 0x001: 'x87 floating point registers'
[Sat Jan 28 21:52:31 2023] x86/fpu: Supporting XSAVE feature 0x002: 'SSE registers'
[Sat Jan 28 21:52:31 2023] x86/fpu: Supporting XSAVE feature 0x004: 'AVX registers'
[Sat Jan 28 21:52:31 2023] x86/fpu: xstate_offset[2]:  576, xstate_sizes[2]:  256
[Sat Jan 28 21:52:31 2023] x86/fpu: Enabled xstate features 0x7, context size is 832 bytes, using 'standard' format.
[Sat Jan 28 21:52:31 2023] signal: max sigframe size: 1776
[Sat Jan 28 21:52:31 2023] BIOS-provided physical RAM map:
[Sat Jan 28 21:52:31 2023] BIOS-e820: [mem 0x0000000000000000-0x000000000009fbff] usable
[Sat Jan 28 21:52:31 2023] BIOS-e820: [mem 0x000000000009fc00-0x000000000009ffff] reserved
[Sat Jan 28 21:52:31 2023] BIOS-e820: [mem 0x00000000000f0000-0x00000000000fffff] reserved
[Sat Jan 28 21:52:31 2023] BIOS-e820: [mem 0x0000000000100000-0x00000000dffeffff] usable
[Sat Jan 28 21:52:31 2023] BIOS-e820: [mem 0x00000000dfff0000-0x00000000dfffffff] ACPI data
[Sat Jan 28 21:52:31 2023] BIOS-e820: [mem 0x00000000fec00000-0x00000000fec00fff] reserved
[Sat Jan 28 21:52:31 2023] BIOS-e820: [mem 0x00000000fee00000-0x00000000fee00fff] reserved
[Sat Jan 28 21:52:31 2023] BIOS-e820: [mem 0x00000000fffc0000-0x00000000ffffffff] reserved
[Sat Jan 28 21:52:31 2023] BIOS-e820: [mem 0x0000000100000000-0x000000021fffffff] usable
[Sat Jan 28 21:52:31 2023] NX (Execute Disable) protection: active
[Sat Jan 28 21:52:31 2023] SMBIOS 2.5 present.
[Sat Jan 28 21:52:31 2023] DMI: innotek GmbH VirtualBox/VirtualBox, BIOS VirtualBox 12/01/2006
[Sat Jan 28 21:52:31 2023] Hypervisor detected: KVM
[Sat Jan 28 21:52:31 2023] kvm-clock: Using msrs 4b564d01 and 4b564d00
[Sat Jan 28 21:52:31 2023] kvm-clock: using sched offset of 12858356767 cycles
[Sat Jan 28 21:52:31 2023] clocksource: kvm-clock: mask: 0xffffffffffffffff max_cycles: 0x1cd42e4dffb, max_idle_ns: 881590591483 ns
[Sat Jan 28 21:52:31 2023] tsc: Detected 2903.998 MHz processor
[Sat Jan 28 21:52:31 2023] e820: update [mem 0x00000000-0x00000fff] usable ==> reserved
[Sat Jan 28 21:52:31 2023] e820: remove [mem 0x000a0000-0x000fffff] usable
[Sat Jan 28 21:52:31 2023] last_pfn = 0x220000 max_arch_pfn = 0x400000000
[Sat Jan 28 21:52:31 2023] MTRRs disabled by BIOS
[Sat Jan 28 21:52:31 2023] x86/PAT: Configuration [0-7]: WB  WC  UC- UC  WB  WP  UC- WT  
[Sat Jan 28 21:52:31 2023] last_pfn = 0xdfff0 max_arch_pfn = 0x400000000
[Sat Jan 28 21:52:31 2023] found SMP MP-table at [mem 0x0009fff0-0x0009ffff]
[Sat Jan 28 21:52:31 2023] RAMDISK: [mem 0x353f3000-0x369f0fff]
[Sat Jan 28 21:52:31 2023] ACPI: Early table checksum verification disabled
[Sat Jan 28 21:52:31 2023] ACPI: RSDP 0x00000000000E0000 000024 (v02 VBOX  )
[Sat Jan 28 21:52:31 2023] ACPI: XSDT 0x00000000DFFF0030 00003C (v01 VBOX   VBOXXSDT 00000001 ASL  00000061)
[Sat Jan 28 21:52:31 2023] ACPI: FACP 0x00000000DFFF00F0 0000F4 (v04 VBOX   VBOXFACP 00000001 ASL  00000061)
[Sat Jan 28 21:52:31 2023] ACPI: DSDT 0x00000000DFFF0620 002353 (v02 VBOX   VBOXBIOS 00000002 INTL 20190509)
[Sat Jan 28 21:52:31 2023] ACPI: FACS 0x00000000DFFF0200 000040
[Sat Jan 28 21:52:31 2023] ACPI: FACS 0x00000000DFFF0200 000040
[Sat Jan 28 21:52:31 2023] ACPI: APIC 0x00000000DFFF0240 00006C (v02 VBOX   VBOXAPIC 00000001 ASL  00000061)
[Sat Jan 28 21:52:31 2023] ACPI: SSDT 0x00000000DFFF02B0 00036C (v01 VBOX   VBOXCPUT 00000002 INTL 20190509)
[Sat Jan 28 21:52:31 2023] ACPI: Reserving FACP table memory at [mem 0xdfff00f0-0xdfff01e3]
[Sat Jan 28 21:52:31 2023] ACPI: Reserving DSDT table memory at [mem 0xdfff0620-0xdfff2972]
[Sat Jan 28 21:52:31 2023] ACPI: Reserving FACS table memory at [mem 0xdfff0200-0xdfff023f]
[Sat Jan 28 21:52:31 2023] ACPI: Reserving FACS table memory at [mem 0xdfff0200-0xdfff023f]
[Sat Jan 28 21:52:31 2023] ACPI: Reserving APIC table memory at [mem 0xdfff0240-0xdfff02ab]
[Sat Jan 28 21:52:31 2023] ACPI: Reserving SSDT table memory at [mem 0xdfff02b0-0xdfff061b]
[Sat Jan 28 21:52:31 2023] No NUMA configuration found
[Sat Jan 28 21:52:31 2023] Faking a node at [mem 0x0000000000000000-0x000000021fffffff]
[Sat Jan 28 21:52:31 2023] NODE_DATA(0) allocated [mem 0x21fff8000-0x21fffbfff]
[Sat Jan 28 21:52:31 2023] Zone ranges:
[Sat Jan 28 21:52:31 2023]   DMA      [mem 0x0000000000001000-0x0000000000ffffff]
[Sat Jan 28 21:52:31 2023]   DMA32    [mem 0x0000000001000000-0x00000000ffffffff]
[Sat Jan 28 21:52:31 2023]   Normal   [mem 0x0000000100000000-0x000000021fffffff]
[Sat Jan 28 21:52:31 2023] Movable zone start for each node
[Sat Jan 28 21:52:31 2023] Early memory node ranges
[Sat Jan 28 21:52:31 2023]   node   0: [mem 0x0000000000001000-0x000000000009efff]
[Sat Jan 28 21:52:31 2023]   node   0: [mem 0x0000000000100000-0x00000000dffeffff]
[Sat Jan 28 21:52:31 2023]   node   0: [mem 0x0000000100000000-0x000000021fffffff]
[Sat Jan 28 21:52:31 2023] Initmem setup node 0 [mem 0x0000000000001000-0x000000021fffffff]
[Sat Jan 28 21:52:31 2023] On node 0, zone DMA: 1 pages in unavailable ranges
[Sat Jan 28 21:52:31 2023] On node 0, zone DMA: 97 pages in unavailable ranges
[Sat Jan 28 21:52:31 2023] On node 0, zone Normal: 16 pages in unavailable ranges
[Sat Jan 28 21:52:31 2023] ACPI: PM-Timer IO Port: 0x4008
[Sat Jan 28 21:52:31 2023] IOAPIC[0]: apic_id 4, version 32, address 0xfec00000, GSI 0-23
[Sat Jan 28 21:52:31 2023] ACPI: INT_SRC_OVR (bus 0 bus_irq 0 global_irq 2 dfl dfl)
[Sat Jan 28 21:52:31 2023] ACPI: INT_SRC_OVR (bus 0 bus_irq 9 global_irq 9 low level)
[Sat Jan 28 21:52:31 2023] ACPI: Using ACPI (MADT) for SMP configuration information
[Sat Jan 28 21:52:31 2023] smpboot: Allowing 4 CPUs, 0 hotplug CPUs
[Sat Jan 28 21:52:31 2023] PM: hibernation: Registered nosave memory: [mem 0x00000000-0x00000fff]
[Sat Jan 28 21:52:31 2023] PM: hibernation: Registered nosave memory: [mem 0x0009f000-0x0009ffff]
[Sat Jan 28 21:52:31 2023] PM: hibernation: Registered nosave memory: [mem 0x000a0000-0x000effff]
[Sat Jan 28 21:52:31 2023] PM: hibernation: Registered nosave memory: [mem 0x000f0000-0x000fffff]
[Sat Jan 28 21:52:31 2023] PM: hibernation: Registered nosave memory: [mem 0xdfff0000-0xdfffffff]
[Sat Jan 28 21:52:31 2023] PM: hibernation: Registered nosave memory: [mem 0xe0000000-0xfebfffff]
[Sat Jan 28 21:52:31 2023] PM: hibernation: Registered nosave memory: [mem 0xfec00000-0xfec00fff]
[Sat Jan 28 21:52:31 2023] PM: hibernation: Registered nosave memory: [mem 0xfec01000-0xfedfffff]
[Sat Jan 28 21:52:31 2023] PM: hibernation: Registered nosave memory: [mem 0xfee00000-0xfee00fff]
[Sat Jan 28 21:52:31 2023] PM: hibernation: Registered nosave memory: [mem 0xfee01000-0xfffbffff]
[Sat Jan 28 21:52:31 2023] PM: hibernation: Registered nosave memory: [mem 0xfffc0000-0xffffffff]
[Sat Jan 28 21:52:31 2023] [mem 0xe0000000-0xfebfffff] available for PCI devices
[Sat Jan 28 21:52:31 2023] Booting paravirtualized kernel on KVM
[Sat Jan 28 21:52:31 2023] clocksource: refined-jiffies: mask: 0xffffffff max_cycles: 0xffffffff, max_idle_ns: 1910969940391419 ns
[Sat Jan 28 21:52:31 2023] setup_percpu: NR_CPUS:64 nr_cpumask_bits:4 nr_cpu_ids:4 nr_node_ids:1
[Sat Jan 28 21:52:31 2023] percpu: Embedded 54 pages/cpu s181160 r8192 d31832 u524288
[Sat Jan 28 21:52:31 2023] pcpu-alloc: s181160 r8192 d31832 u524288 alloc=1*2097152
[Sat Jan 28 21:52:31 2023] pcpu-alloc: [0] 0 1 2 3 
[Sat Jan 28 21:52:31 2023] Fallback order for Node 0: 0 
[Sat Jan 28 21:52:31 2023] Built 1 zonelists, mobility grouping on.  Total pages: 2064112
[Sat Jan 28 21:52:31 2023] Policy zone: Normal
[Sat Jan 28 21:52:31 2023] Kernel command line: BOOT_IMAGE=/vmlinuz-6.2.0-rc3-00008-g1fe4fd6f5cad root=/dev/mapper/ubuntu--vg-ubuntu--lv ro
[Sat Jan 28 21:52:31 2023] Unknown kernel command line parameters "BOOT_IMAGE=/vmlinuz-6.2.0-rc3-00008-g1fe4fd6f5cad", will be passed to user space.
[Sat Jan 28 21:52:31 2023] random: crng init done
[Sat Jan 28 21:52:31 2023] Dentry cache hash table entries: 1048576 (order: 11, 8388608 bytes, linear)
[Sat Jan 28 21:52:31 2023] Inode-cache hash table entries: 524288 (order: 10, 4194304 bytes, linear)
[Sat Jan 28 21:52:31 2023] mem auto-init: stack:off, heap alloc:off, heap free:off
[Sat Jan 28 21:52:31 2023] software IO TLB: area num 4.
[Sat Jan 28 21:52:31 2023] Memory: 8115120K/8388152K available (18432K kernel code, 2641K rwdata, 6300K rodata, 2488K init, 1832K bss, 272772K reserved, 0K cma-reserved)
[Sat Jan 28 21:52:31 2023] SLUB: HWalign=64, Order=0-3, MinObjects=0, CPUs=4, Nodes=1
[Sat Jan 28 21:52:31 2023] Kernel/User page tables isolation: enabled
[Sat Jan 28 21:52:31 2023] Dynamic Preempt: voluntary
[Sat Jan 28 21:52:31 2023] rcu: Preemptible hierarchical RCU implementation.
[Sat Jan 28 21:52:31 2023] rcu: 	RCU event tracing is enabled.
[Sat Jan 28 21:52:31 2023] rcu: 	RCU restricting CPUs from NR_CPUS=64 to nr_cpu_ids=4.
[Sat Jan 28 21:52:31 2023] 	Trampoline variant of Tasks RCU enabled.
[Sat Jan 28 21:52:31 2023] rcu: RCU calculated value of scheduler-enlistment delay is 100 jiffies.
[Sat Jan 28 21:52:31 2023] rcu: Adjusting geometry for rcu_fanout_leaf=16, nr_cpu_ids=4
[Sat Jan 28 21:52:31 2023] NR_IRQS: 4352, nr_irqs: 456, preallocated irqs: 16
[Sat Jan 28 21:52:31 2023] rcu: srcu_init: Setting srcu_struct sizes based on contention.
[Sat Jan 28 21:52:31 2023] Console: colour VGA+ 80x25
[Sat Jan 28 21:52:31 2023] printk: console [tty0] enabled
[Sat Jan 28 21:52:31 2023] ACPI: Core revision 20221020
[Sat Jan 28 21:52:31 2023] APIC: Switch to symmetric I/O mode setup
[Sat Jan 28 21:52:31 2023] ..TIMER: vector=0x30 apic1=0 pin1=2 apic2=-1 pin2=-1
[Sat Jan 28 21:52:31 2023] clocksource: tsc-early: mask: 0xffffffffffffffff max_cycles: 0x29dc03c1beb, max_idle_ns: 440795205215 ns
[Sat Jan 28 21:52:31 2023] Calibrating delay loop (skipped) preset value.. 5807.99 BogoMIPS (lpj=2903998)
[Sat Jan 28 21:52:31 2023] pid_max: default: 32768 minimum: 301
[Sat Jan 28 21:52:31 2023] LSM: initializing lsm=capability,integrity,selinux
[Sat Jan 28 21:52:31 2023] SELinux:  Initializing.
[Sat Jan 28 21:52:31 2023] Mount-cache hash table entries: 16384 (order: 5, 131072 bytes, linear)
[Sat Jan 28 21:52:31 2023] Mountpoint-cache hash table entries: 16384 (order: 5, 131072 bytes, linear)
[Sat Jan 28 21:52:31 2023] Last level iTLB entries: 4KB 64, 2MB 8, 4MB 8
[Sat Jan 28 21:52:31 2023] Last level dTLB entries: 4KB 64, 2MB 0, 4MB 0, 1GB 4
[Sat Jan 28 21:52:31 2023] Spectre V1 : Mitigation: usercopy/swapgs barriers and __user pointer sanitization
[Sat Jan 28 21:52:31 2023] Spectre V2 : Mitigation: Retpolines
[Sat Jan 28 21:52:31 2023] Spectre V2 : Spectre v2 / SpectreRSB mitigation: Filling RSB on context switch
[Sat Jan 28 21:52:31 2023] Spectre V2 : Spectre v2 / SpectreRSB : Filling RSB on VMEXIT
[Sat Jan 28 21:52:31 2023] RETBleed: WARNING: Spectre v2 mitigation leaves CPU vulnerable to RETBleed attacks, data leaks possible!
[Sat Jan 28 21:52:31 2023] RETBleed: Vulnerable
[Sat Jan 28 21:52:31 2023] Speculative Store Bypass: Vulnerable
[Sat Jan 28 21:52:31 2023] MDS: Mitigation: Clear CPU buffers
[Sat Jan 28 21:52:31 2023] MMIO Stale Data: Mitigation: Clear CPU buffers
[Sat Jan 28 21:52:31 2023] SRBDS: Unknown: Dependent on hypervisor status
[Sat Jan 28 21:52:31 2023] Freeing SMP alternatives memory: 44K
[Sat Jan 28 21:52:31 2023] APIC calibration not consistent with PM-Timer: 101ms instead of 100ms
[Sat Jan 28 21:52:31 2023] APIC delta adjusted to PM-Timer: 6274379 (6379673)
[Sat Jan 28 21:52:31 2023] smpboot: CPU0: Intel(R) Core(TM) i7-7820HQ CPU @ 2.90GHz (family: 0x6, model: 0x9e, stepping: 0x9)
[Sat Jan 28 21:52:31 2023] cblist_init_generic: Setting adjustable number of callback queues.
[Sat Jan 28 21:52:31 2023] cblist_init_generic: Setting shift to 2 and lim to 1.
[Sat Jan 28 21:52:31 2023] Performance Events: unsupported p6 CPU model 158 no PMU driver, software events only.
[Sat Jan 28 21:52:31 2023] rcu: Hierarchical SRCU implementation.
[Sat Jan 28 21:52:31 2023] rcu: 	Max phase no-delay instances is 400.
[Sat Jan 28 21:52:31 2023] smp: Bringing up secondary CPUs ...
[Sat Jan 28 21:52:31 2023] x86: Booting SMP configuration:
[Sat Jan 28 21:52:31 2023] .... node  #0, CPUs:      #1 #2 #3
[Sat Jan 28 21:52:31 2023] smp: Brought up 1 node, 4 CPUs
[Sat Jan 28 21:52:31 2023] smpboot: Max logical packages: 1
[Sat Jan 28 21:52:31 2023] smpboot: Total of 4 processors activated (23231.98 BogoMIPS)
[Sat Jan 28 21:52:31 2023] devtmpfs: initialized
[Sat Jan 28 21:52:31 2023] clocksource: jiffies: mask: 0xffffffff max_cycles: 0xffffffff, max_idle_ns: 1911260446275000 ns
[Sat Jan 28 21:52:31 2023] futex hash table entries: 1024 (order: 4, 65536 bytes, linear)
[Sat Jan 28 21:52:31 2023] PM: RTC time: 21:52:31, date: 2023-01-28
[Sat Jan 28 21:52:31 2023] NET: Registered PF_NETLINK/PF_ROUTE protocol family
[Sat Jan 28 21:52:31 2023] audit: initializing netlink subsys (disabled)
[Sat Jan 28 21:52:31 2023] audit: type=2000 audit(1674942764.770:1): state=initialized audit_enabled=0 res=1
[Sat Jan 28 21:52:31 2023] thermal_sys: Registered thermal governor 'step_wise'
[Sat Jan 28 21:52:31 2023] thermal_sys: Registered thermal governor 'user_space'
[Sat Jan 28 21:52:31 2023] cpuidle: using governor menu
[Sat Jan 28 21:52:31 2023] PCI: Using configuration type 1 for base access
[Sat Jan 28 21:52:31 2023] kprobes: kprobe jump-optimization is enabled. All kprobes are optimized if possible.
[Sat Jan 28 21:52:31 2023] HugeTLB: registered 2.00 MiB page size, pre-allocated 0 pages
[Sat Jan 28 21:52:31 2023] HugeTLB: 28 KiB vmemmap can be freed for a 2.00 MiB page
[Sat Jan 28 21:52:31 2023] ACPI: Added _OSI(Module Device)
[Sat Jan 28 21:52:31 2023] ACPI: Added _OSI(Processor Device)
[Sat Jan 28 21:52:31 2023] ACPI: Added _OSI(3.0 _SCP Extensions)
[Sat Jan 28 21:52:31 2023] ACPI: Added _OSI(Processor Aggregator Device)
[Sat Jan 28 21:52:31 2023] ACPI: 2 ACPI AML tables successfully acquired and loaded
[Sat Jan 28 21:52:31 2023] ACPI: Interpreter enabled
[Sat Jan 28 21:52:31 2023] ACPI: PM: (supports S0 S5)
[Sat Jan 28 21:52:31 2023] ACPI: Using IOAPIC for interrupt routing
[Sat Jan 28 21:52:31 2023] PCI: Using host bridge windows from ACPI; if necessary, use "pci=nocrs" and report a bug
[Sat Jan 28 21:52:31 2023] PCI: Using E820 reservations for host bridge windows
[Sat Jan 28 21:52:31 2023] ACPI: Enabled 2 GPEs in block 00 to 07
[Sat Jan 28 21:52:31 2023] ACPI: PCI Root Bridge [PCI0] (domain 0000 [bus 00-ff])
[Sat Jan 28 21:52:31 2023] acpi PNP0A03:00: _OSC: OS supports [ASPM ClockPM Segments MSI HPX-Type3]
[Sat Jan 28 21:52:31 2023] acpi PNP0A03:00: _OSC: not requesting OS control; OS requires [ExtendedConfig ASPM ClockPM MSI]
[Sat Jan 28 21:52:31 2023] acpi PNP0A03:00: fail to add MMCONFIG information, can't access extended configuration space under this bridge
[Sat Jan 28 21:52:31 2023] PCI host bridge to bus 0000:00
[Sat Jan 28 21:52:31 2023] pci_bus 0000:00: root bus resource [io  0x0000-0x0cf7 window]
[Sat Jan 28 21:52:31 2023] pci_bus 0000:00: root bus resource [io  0x0d00-0xffff window]
[Sat Jan 28 21:52:31 2023] pci_bus 0000:00: root bus resource [mem 0x000a0000-0x000bffff window]
[Sat Jan 28 21:52:31 2023] pci_bus 0000:00: root bus resource [mem 0xe0000000-0xfdffffff window]
[Sat Jan 28 21:52:31 2023] pci_bus 0000:00: root bus resource [bus 00-ff]
[Sat Jan 28 21:52:31 2023] pci 0000:00:00.0: [8086:1237] type 00 class 0x060000
[Sat Jan 28 21:52:31 2023] pci 0000:00:01.0: [8086:7000] type 00 class 0x060100
[Sat Jan 28 21:52:31 2023] pci 0000:00:01.1: [8086:7111] type 00 class 0x01018a
[Sat Jan 28 21:52:31 2023] pci 0000:00:01.1: reg 0x20: [io  0xd000-0xd00f]
[Sat Jan 28 21:52:31 2023] pci 0000:00:01.1: legacy IDE quirk: reg 0x10: [io  0x01f0-0x01f7]
[Sat Jan 28 21:52:31 2023] pci 0000:00:01.1: legacy IDE quirk: reg 0x14: [io  0x03f6]
[Sat Jan 28 21:52:31 2023] pci 0000:00:01.1: legacy IDE quirk: reg 0x18: [io  0x0170-0x0177]
[Sat Jan 28 21:52:31 2023] pci 0000:00:01.1: legacy IDE quirk: reg 0x1c: [io  0x0376]
[Sat Jan 28 21:52:31 2023] pci 0000:00:02.0: [15ad:0405] type 00 class 0x030000
[Sat Jan 28 21:52:31 2023] pci 0000:00:02.0: reg 0x10: [io  0xd010-0xd01f]
[Sat Jan 28 21:52:31 2023] pci 0000:00:02.0: reg 0x14: [mem 0xe0000000-0xe0ffffff pref]
[Sat Jan 28 21:52:31 2023] pci 0000:00:02.0: reg 0x18: [mem 0xf0000000-0xf01fffff]
[Sat Jan 28 21:52:31 2023] pci 0000:00:02.0: Video device with shadowed ROM at [mem 0x000c0000-0x000dffff]
[Sat Jan 28 21:52:31 2023] pci 0000:00:03.0: [8086:100e] type 00 class 0x020000
[Sat Jan 28 21:52:31 2023] pci 0000:00:03.0: reg 0x10: [mem 0xf0200000-0xf021ffff]
[Sat Jan 28 21:52:31 2023] pci 0000:00:03.0: reg 0x18: [io  0xd020-0xd027]
[Sat Jan 28 21:52:31 2023] pci 0000:00:04.0: [80ee:cafe] type 00 class 0x088000
[Sat Jan 28 21:52:31 2023] pci 0000:00:04.0: reg 0x10: [io  0xd040-0xd05f]
[Sat Jan 28 21:52:31 2023] pci 0000:00:04.0: reg 0x14: [mem 0xf0400000-0xf07fffff]
[Sat Jan 28 21:52:31 2023] pci 0000:00:04.0: reg 0x18: [mem 0xf0800000-0xf0803fff pref]
[Sat Jan 28 21:52:31 2023] pci 0000:00:05.0: [8086:2415] type 00 class 0x040100
[Sat Jan 28 21:52:31 2023] pci 0000:00:05.0: reg 0x10: [io  0xd100-0xd1ff]
[Sat Jan 28 21:52:31 2023] pci 0000:00:05.0: reg 0x14: [io  0xd200-0xd23f]
[Sat Jan 28 21:52:31 2023] pci 0000:00:06.0: [106b:003f] type 00 class 0x0c0310
[Sat Jan 28 21:52:31 2023] pci 0000:00:06.0: reg 0x10: [mem 0xf0804000-0xf0804fff]
[Sat Jan 28 21:52:31 2023] pci 0000:00:07.0: [8086:7113] type 00 class 0x068000
[Sat Jan 28 21:52:31 2023] pci 0000:00:07.0: quirk: [io  0x4000-0x403f] claimed by PIIX4 ACPI
[Sat Jan 28 21:52:31 2023] pci 0000:00:07.0: quirk: [io  0x4100-0x410f] claimed by PIIX4 SMB
[Sat Jan 28 21:52:31 2023] pci 0000:00:0b.0: [8086:265c] type 00 class 0x0c0320
[Sat Jan 28 21:52:31 2023] pci 0000:00:0b.0: reg 0x10: [mem 0xf0805000-0xf0805fff]
[Sat Jan 28 21:52:31 2023] pci 0000:00:0d.0: [8086:2829] type 00 class 0x010601
[Sat Jan 28 21:52:31 2023] pci 0000:00:0d.0: reg 0x10: [io  0xd240-0xd247]
[Sat Jan 28 21:52:31 2023] pci 0000:00:0d.0: reg 0x14: [io  0xd248-0xd24b]
[Sat Jan 28 21:52:31 2023] pci 0000:00:0d.0: reg 0x18: [io  0xd250-0xd257]
[Sat Jan 28 21:52:31 2023] pci 0000:00:0d.0: reg 0x1c: [io  0xd258-0xd25b]
[Sat Jan 28 21:52:31 2023] pci 0000:00:0d.0: reg 0x20: [io  0xd260-0xd26f]
[Sat Jan 28 21:52:31 2023] pci 0000:00:0d.0: reg 0x24: [mem 0xf0806000-0xf0807fff]
[Sat Jan 28 21:52:31 2023] ACPI: PCI: Interrupt link LNKA configured for IRQ 11
[Sat Jan 28 21:52:31 2023] ACPI: PCI: Interrupt link LNKB configured for IRQ 10
[Sat Jan 28 21:52:31 2023] ACPI: PCI: Interrupt link LNKC configured for IRQ 9
[Sat Jan 28 21:52:31 2023] ACPI: PCI: Interrupt link LNKD configured for IRQ 11
[Sat Jan 28 21:52:31 2023] iommu: Default domain type: Translated 
[Sat Jan 28 21:52:31 2023] iommu: DMA domain TLB invalidation policy: lazy mode 
[Sat Jan 28 21:52:31 2023] SCSI subsystem initialized
[Sat Jan 28 21:52:31 2023] libata version 3.00 loaded.
[Sat Jan 28 21:52:31 2023] ACPI: bus type USB registered
[Sat Jan 28 21:52:31 2023] usbcore: registered new interface driver usbfs
[Sat Jan 28 21:52:31 2023] usbcore: registered new interface driver hub
[Sat Jan 28 21:52:31 2023] usbcore: registered new device driver usb
[Sat Jan 28 21:52:31 2023] pps_core: LinuxPPS API ver. 1 registered
[Sat Jan 28 21:52:31 2023] pps_core: Software ver. 5.3.6 - Copyright 2005-2007 Rodolfo Giometti <giometti@linux.it>
[Sat Jan 28 21:52:31 2023] PTP clock support registered
[Sat Jan 28 21:52:31 2023] Advanced Linux Sound Architecture Driver Initialized.
[Sat Jan 28 21:52:31 2023] NetLabel: Initializing
[Sat Jan 28 21:52:31 2023] NetLabel:  domain hash size = 128
[Sat Jan 28 21:52:31 2023] NetLabel:  protocols = UNLABELED CIPSOv4 CALIPSO
[Sat Jan 28 21:52:31 2023] NetLabel:  unlabeled traffic allowed by default
[Sat Jan 28 21:52:31 2023] PCI: Using ACPI for IRQ routing
[Sat Jan 28 21:52:31 2023] PCI: pci_cache_line_size set to 64 bytes
[Sat Jan 28 21:52:31 2023] e820: reserve RAM buffer [mem 0x0009fc00-0x0009ffff]
[Sat Jan 28 21:52:31 2023] e820: reserve RAM buffer [mem 0xdfff0000-0xdfffffff]
[Sat Jan 28 21:52:31 2023] pci 0000:00:02.0: vgaarb: setting as boot VGA device
[Sat Jan 28 21:52:31 2023] pci 0000:00:02.0: vgaarb: bridge control possible
[Sat Jan 28 21:52:31 2023] pci 0000:00:02.0: vgaarb: VGA device added: decodes=io+mem,owns=io+mem,locks=none
[Sat Jan 28 21:52:31 2023] vgaarb: loaded
[Sat Jan 28 21:52:31 2023] clocksource: Switched to clocksource kvm-clock
[Sat Jan 28 21:52:31 2023] VFS: Disk quotas dquot_6.6.0
[Sat Jan 28 21:52:31 2023] VFS: Dquot-cache hash table entries: 512 (order 0, 4096 bytes)
[Sat Jan 28 21:52:31 2023] pnp: PnP ACPI init
[Sat Jan 28 21:52:31 2023] pnp: PnP ACPI: found 2 devices
[Sat Jan 28 21:52:31 2023] clocksource: acpi_pm: mask: 0xffffff max_cycles: 0xffffff, max_idle_ns: 2085701024 ns
[Sat Jan 28 21:52:31 2023] NET: Registered PF_INET protocol family
[Sat Jan 28 21:52:31 2023] IP idents hash table entries: 131072 (order: 8, 1048576 bytes, linear)
[Sat Jan 28 21:52:31 2023] tcp_listen_portaddr_hash hash table entries: 4096 (order: 4, 65536 bytes, linear)
[Sat Jan 28 21:52:31 2023] Table-perturb hash table entries: 65536 (order: 6, 262144 bytes, linear)
[Sat Jan 28 21:52:31 2023] TCP established hash table entries: 65536 (order: 7, 524288 bytes, linear)
[Sat Jan 28 21:52:31 2023] TCP bind hash table entries: 65536 (order: 9, 2097152 bytes, linear)
[Sat Jan 28 21:52:31 2023] TCP: Hash tables configured (established 65536 bind 65536)
[Sat Jan 28 21:52:31 2023] UDP hash table entries: 4096 (order: 5, 131072 bytes, linear)
[Sat Jan 28 21:52:31 2023] UDP-Lite hash table entries: 4096 (order: 5, 131072 bytes, linear)
[Sat Jan 28 21:52:31 2023] NET: Registered PF_UNIX/PF_LOCAL protocol family
[Sat Jan 28 21:52:31 2023] RPC: Registered named UNIX socket transport module.
[Sat Jan 28 21:52:31 2023] RPC: Registered udp transport module.
[Sat Jan 28 21:52:31 2023] RPC: Registered tcp transport module.
[Sat Jan 28 21:52:31 2023] RPC: Registered tcp NFSv4.1 backchannel transport module.
[Sat Jan 28 21:52:31 2023] pci_bus 0000:00: resource 4 [io  0x0000-0x0cf7 window]
[Sat Jan 28 21:52:31 2023] pci_bus 0000:00: resource 5 [io  0x0d00-0xffff window]
[Sat Jan 28 21:52:31 2023] pci_bus 0000:00: resource 6 [mem 0x000a0000-0x000bffff window]
[Sat Jan 28 21:52:31 2023] pci_bus 0000:00: resource 7 [mem 0xe0000000-0xfdffffff window]
[Sat Jan 28 21:52:31 2023] pci 0000:00:00.0: Limiting direct PCI/PCI transfers
[Sat Jan 28 21:52:31 2023] PCI: CLS 0 bytes, default 64
[Sat Jan 28 21:52:31 2023] PCI-DMA: Using software bounce buffering for IO (SWIOTLB)
[Sat Jan 28 21:52:31 2023] Unpacking initramfs...
[Sat Jan 28 21:52:31 2023] software IO TLB: mapped [mem 0x00000000dbff0000-0x00000000dfff0000] (64MB)
[Sat Jan 28 21:52:31 2023] RAPL PMU: API unit is 2^-32 Joules, 0 fixed counters, 10737418240 ms ovfl timer
[Sat Jan 28 21:52:31 2023] clocksource: tsc: mask: 0xffffffffffffffff max_cycles: 0x29dc03c1beb, max_idle_ns: 440795205215 ns
[Sat Jan 28 21:52:31 2023] clocksource: Switched to clocksource tsc
[Sat Jan 28 21:52:31 2023] platform rtc_cmos: registered platform RTC device (no PNP device found)
[Sat Jan 28 21:52:31 2023] Initialise system trusted keyrings
[Sat Jan 28 21:52:31 2023] workingset: timestamp_bits=56 max_order=21 bucket_order=0
[Sat Jan 28 21:52:31 2023] NFS: Registering the id_resolver key type
[Sat Jan 28 21:52:31 2023] Key type id_resolver registered
[Sat Jan 28 21:52:31 2023] Key type id_legacy registered
[Sat Jan 28 21:52:31 2023] 9p: Installing v9fs 9p2000 file system support
[Sat Jan 28 21:52:31 2023] Key type asymmetric registered
[Sat Jan 28 21:52:31 2023] Asymmetric key parser 'x509' registered
[Sat Jan 28 21:52:31 2023] Block layer SCSI generic (bsg) driver version 0.4 loaded (major 251)
[Sat Jan 28 21:52:31 2023] io scheduler mq-deadline registered
[Sat Jan 28 21:52:31 2023] io scheduler kyber registered
[Sat Jan 28 21:52:31 2023] ACPI: AC: AC Adapter [AC] (on-line)
[Sat Jan 28 21:52:31 2023] input: Power Button as /devices/LNXSYSTM:00/LNXPWRBN:00/input/input0
[Sat Jan 28 21:52:31 2023] ACPI: button: Power Button [PWRF]
[Sat Jan 28 21:52:31 2023] input: Sleep Button as /devices/LNXSYSTM:00/LNXSLPBN:00/input/input1
[Sat Jan 28 21:52:31 2023] ACPI: button: Sleep Button [SLPF]
[Sat Jan 28 21:52:31 2023] ACPI: video: Video Device [GFX0] (multi-head: yes  rom: no  post: no)
[Sat Jan 28 21:52:31 2023] input: Video Bus as /devices/LNXSYSTM:00/LNXSYBUS:00/PNP0A03:00/LNXVIDEO:00/input/input2
[Sat Jan 28 21:52:31 2023] Serial: 8250/16550 driver, 4 ports, IRQ sharing enabled
[Sat Jan 28 21:52:31 2023] ACPI: battery: Slot [BAT0] (battery present)
[Sat Jan 28 21:52:31 2023] Non-volatile memory driver v1.3
[Sat Jan 28 21:52:31 2023] Linux agpgart interface v0.103
[Sat Jan 28 21:52:31 2023] ACPI: bus type drm_connector registered
[Sat Jan 28 21:52:31 2023] loop: module loaded
[Sat Jan 28 21:52:31 2023] ahci 0000:00:0d.0: version 3.0
[Sat Jan 28 21:52:31 2023] ahci 0000:00:0d.0: SSS flag set, parallel bus scan disabled
[Sat Jan 28 21:52:31 2023] ahci 0000:00:0d.0: AHCI 0001.0100 32 slots 1 ports 3 Gbps 0x1 impl SATA mode
[Sat Jan 28 21:52:31 2023] ahci 0000:00:0d.0: flags: 64bit ncq stag only ccc 
[Sat Jan 28 21:52:31 2023] scsi host0: ahci
[Sat Jan 28 21:52:31 2023] ata1: SATA max UDMA/133 abar m8192@0xf0806000 port 0xf0806100 irq 21
[Sat Jan 28 21:52:31 2023] ata_piix 0000:00:01.1: version 2.13
[Sat Jan 28 21:52:31 2023] scsi host1: ata_piix
[Sat Jan 28 21:52:31 2023] scsi host2: ata_piix
[Sat Jan 28 21:52:31 2023] ata2: PATA max UDMA/33 cmd 0x1f0 ctl 0x3f6 bmdma 0xd000 irq 14
[Sat Jan 28 21:52:31 2023] ata3: PATA max UDMA/33 cmd 0x170 ctl 0x376 bmdma 0xd008 irq 15
[Sat Jan 28 21:52:31 2023] e100: Intel(R) PRO/100 Network Driver
[Sat Jan 28 21:52:31 2023] e100: Copyright(c) 1999-2006 Intel Corporation
[Sat Jan 28 21:52:31 2023] e1000: Intel(R) PRO/1000 Network Driver
[Sat Jan 28 21:52:31 2023] e1000: Copyright (c) 1999-2006 Intel Corporation.
[Sat Jan 28 21:52:31 2023] Freeing initrd memory: 22520K
[Sat Jan 28 21:52:31 2023] ata3.00: ATAPI: VBOX CD-ROM, 1.0, max UDMA/133
[Sat Jan 28 21:52:32 2023] ata1: SATA link up 3.0 Gbps (SStatus 123 SControl 300)
[Sat Jan 28 21:52:32 2023] ata1.00: ATA-6: VBOX HARDDISK, 1.0, max UDMA/133
[Sat Jan 28 21:52:32 2023] ata1.00: 67108864 sectors, multi 128: LBA48 NCQ (depth 32)
[Sat Jan 28 21:52:32 2023] ata1.00: configured for UDMA/133
[Sat Jan 28 21:52:32 2023] scsi 0:0:0:0: Direct-Access     ATA      VBOX HARDDISK    1.0  PQ: 0 ANSI: 5
[Sat Jan 28 21:52:32 2023] sd 0:0:0:0: [sda] 67108864 512-byte logical blocks: (34.4 GB/32.0 GiB)
[Sat Jan 28 21:52:32 2023] sd 0:0:0:0: Attached scsi generic sg0 type 0
[Sat Jan 28 21:52:32 2023] sd 0:0:0:0: [sda] Write Protect is off
[Sat Jan 28 21:52:32 2023] scsi 2:0:0:0: CD-ROM            VBOX     CD-ROM           1.0  PQ: 0 ANSI: 5
[Sat Jan 28 21:52:32 2023] sd 0:0:0:0: [sda] Mode Sense: 00 3a 00 00
[Sat Jan 28 21:52:32 2023] sd 0:0:0:0: [sda] Write cache: enabled, read cache: enabled, doesn't support DPO or FUA
[Sat Jan 28 21:52:32 2023] sr 2:0:0:0: [sr0] scsi3-mmc drive: 32x/32x xa/form2 tray
[Sat Jan 28 21:52:32 2023] sd 0:0:0:0: [sda] Preferred minimum I/O size 512 bytes
[Sat Jan 28 21:52:32 2023] cdrom: Uniform CD-ROM driver Revision: 3.20
[Sat Jan 28 21:52:32 2023] sr 2:0:0:0: Attached scsi CD-ROM sr0
[Sat Jan 28 21:52:32 2023] sr 2:0:0:0: Attached scsi generic sg1 type 5
[Sat Jan 28 21:52:32 2023] e1000 0000:00:03.0 eth0: (PCI:33MHz:32-bit) 08:00:27:0f:09:77
[Sat Jan 28 21:52:32 2023] e1000 0000:00:03.0 eth0: Intel(R) PRO/1000 Network Connection
[Sat Jan 28 21:52:32 2023] e1000e: Intel(R) PRO/1000 Network Driver
[Sat Jan 28 21:52:32 2023] e1000e: Copyright(c) 1999 - 2015 Intel Corporation.
[Sat Jan 28 21:52:32 2023] sky2: driver version 1.30
[Sat Jan 28 21:52:32 2023] ohci-pci 0000:00:06.0: OHCI PCI host controller
[Sat Jan 28 21:52:32 2023] ohci-pci 0000:00:06.0: new USB bus registered, assigned bus number 1
[Sat Jan 28 21:52:32 2023] ohci-pci 0000:00:06.0: irq 22, io mem 0xf0804000
[Sat Jan 28 21:52:32 2023]  sda: sda1 sda2 sda3
[Sat Jan 28 21:52:32 2023] sd 0:0:0:0: [sda] Attached SCSI disk
[Sat Jan 28 21:52:32 2023] usb usb1: New USB device found, idVendor=1d6b, idProduct=0001, bcdDevice= 6.02
[Sat Jan 28 21:52:32 2023] usb usb1: New USB device strings: Mfr=3, Product=2, SerialNumber=1
[Sat Jan 28 21:52:32 2023] usb usb1: Product: OHCI PCI host controller
[Sat Jan 28 21:52:32 2023] usb usb1: Manufacturer: Linux 6.2.0-rc3-00008-g1fe4fd6f5cad ohci_hcd
[Sat Jan 28 21:52:32 2023] usb usb1: SerialNumber: 0000:00:06.0
[Sat Jan 28 21:52:32 2023] hub 1-0:1.0: USB hub found
[Sat Jan 28 21:52:32 2023] hub 1-0:1.0: 12 ports detected
[Sat Jan 28 21:52:32 2023] ehci-pci 0000:00:0b.0: EHCI Host Controller
[Sat Jan 28 21:52:32 2023] usbcore: registered new interface driver usblp
[Sat Jan 28 21:52:32 2023] ehci-pci 0000:00:0b.0: new USB bus registered, assigned bus number 2
[Sat Jan 28 21:52:32 2023] usbcore: registered new interface driver usb-storage
[Sat Jan 28 21:52:32 2023] ehci-pci 0000:00:0b.0: irq 19, io mem 0xf0805000
[Sat Jan 28 21:52:32 2023] i8042: PNP: PS/2 Controller [PNP0303:PS2K,PNP0f03:PS2M] at 0x60,0x64 irq 1,12
[Sat Jan 28 21:52:32 2023] ehci-pci 0000:00:0b.0: USB 2.0 started, EHCI 1.00
[Sat Jan 28 21:52:32 2023] serio: i8042 KBD port at 0x60,0x64 irq 1
[Sat Jan 28 21:52:32 2023] serio: i8042 AUX port at 0x60,0x64 irq 12
[Sat Jan 28 21:52:32 2023] input: AT Translated Set 2 keyboard as /devices/platform/i8042/serio0/input/input3
[Sat Jan 28 21:52:32 2023] usb usb2: New USB device found, idVendor=1d6b, idProduct=0002, bcdDevice= 6.02
[Sat Jan 28 21:52:32 2023] usb usb2: New USB device strings: Mfr=3, Product=2, SerialNumber=1
[Sat Jan 28 21:52:32 2023] rtc_cmos rtc_cmos: registered as rtc0
[Sat Jan 28 21:52:32 2023] rtc_cmos rtc_cmos: alarms up to one day, 114 bytes nvram
[Sat Jan 28 21:52:32 2023] usb usb2: Product: EHCI Host Controller
[Sat Jan 28 21:52:32 2023] usb usb2: Manufacturer: Linux 6.2.0-rc3-00008-g1fe4fd6f5cad ehci_hcd
[Sat Jan 28 21:52:32 2023] usb usb2: SerialNumber: 0000:00:0b.0
[Sat Jan 28 21:52:32 2023] hub 2-0:1.0: USB hub found
[Sat Jan 28 21:52:32 2023] fail to initialize ptp_kvm
[Sat Jan 28 21:52:32 2023] hub 2-0:1.0: 12 ports detected
[Sat Jan 28 21:52:32 2023] device-mapper: ioctl: 4.47.0-ioctl (2022-07-28) initialised: dm-devel@redhat.com
[Sat Jan 28 21:52:32 2023] intel_pstate: CPU model not supported
[Sat Jan 28 21:52:32 2023] hid: raw HID events driver (C) Jiri Kosina
[Sat Jan 28 21:52:32 2023] usbcore: registered new interface driver usbhid
[Sat Jan 28 21:52:32 2023] usbhid: USB HID core driver
[Sat Jan 28 21:52:32 2023] Initializing XFRM netlink socket
[Sat Jan 28 21:52:32 2023] NET: Registered PF_INET6 protocol family
[Sat Jan 28 21:52:32 2023] Segment Routing with IPv6
[Sat Jan 28 21:52:32 2023] In-situ OAM (IOAM) with IPv6
[Sat Jan 28 21:52:32 2023] sit: IPv6, IPv4 and MPLS over IPv4 tunneling driver
[Sat Jan 28 21:52:32 2023] NET: Registered PF_PACKET protocol family
[Sat Jan 28 21:52:32 2023] 9pnet: Installing 9P2000 support
[Sat Jan 28 21:52:32 2023] Key type dns_resolver registered
[Sat Jan 28 21:52:32 2023] IPI shorthand broadcast: enabled
[Sat Jan 28 21:52:32 2023] sched_clock: Marking stable (1187321944, 53520421)->(1262188387, -21346022)
[Sat Jan 28 21:52:32 2023] registered taskstats version 1
[Sat Jan 28 21:52:32 2023] Loading compiled-in X.509 certificates
[Sat Jan 28 21:52:32 2023] PM:   Magic number: 7:641:905
[Sat Jan 28 21:52:32 2023] usb usb2-port6: hash matches
[Sat Jan 28 21:52:32 2023] printk: console [netcon0] enabled
[Sat Jan 28 21:52:32 2023] netconsole: network logging started
[Sat Jan 28 21:52:32 2023] cfg80211: Loading compiled-in X.509 certificates for regulatory database
[Sat Jan 28 21:52:32 2023] modprobe (67) used greatest stack depth: 13496 bytes left
[Sat Jan 28 21:52:32 2023] cfg80211: Loaded X.509 cert 'sforshee: 00b28ddf47aef9cea7'
[Sat Jan 28 21:52:32 2023] ALSA device list:
[Sat Jan 28 21:52:32 2023]   No soundcards found.
[Sat Jan 28 21:52:32 2023] Freeing unused kernel image (initmem) memory: 2488K
[Sat Jan 28 21:52:32 2023] Write protecting the kernel read-only data: 26624k
[Sat Jan 28 21:52:32 2023] Freeing unused kernel image (rodata/data gap) memory: 1892K
[Sat Jan 28 21:52:32 2023] x86/mm: Checked W+X mappings: passed, no W+X pages found.
[Sat Jan 28 21:52:32 2023] x86/mm: Checking user space page tables
[Sat Jan 28 21:52:32 2023] x86/mm: Checked W+X mappings: passed, no W+X pages found.
[Sat Jan 28 21:52:32 2023] Run /init as init process
[Sat Jan 28 21:52:32 2023]   with arguments:
[Sat Jan 28 21:52:32 2023]     /init
[Sat Jan 28 21:52:32 2023]   with environment:
[Sat Jan 28 21:52:32 2023]     HOME=/
[Sat Jan 28 21:52:32 2023]     TERM=linux
[Sat Jan 28 21:52:32 2023]     BOOT_IMAGE=/vmlinuz-6.2.0-rc3-00008-g1fe4fd6f5cad
[Sat Jan 28 21:52:32 2023] systemd-udevd (89) used greatest stack depth: 13456 bytes left
[Sat Jan 28 21:52:32 2023] input: ImExPS/2 Generic Explorer Mouse as /devices/platform/i8042/serio1/input/input5
[Sat Jan 28 21:52:32 2023] e1000 0000:00:03.0 enp0s3: renamed from eth0
[Sat Jan 28 21:52:32 2023] udevadm (101) used greatest stack depth: 13392 bytes left
[Sat Jan 28 21:52:32 2023] usb 1-1: new full-speed USB device number 2 using ohci-pci
[Sat Jan 28 21:52:32 2023] usb 1-1: New USB device found, idVendor=80ee, idProduct=0021, bcdDevice= 1.00
[Sat Jan 28 21:52:32 2023] usb 1-1: New USB device strings: Mfr=1, Product=3, SerialNumber=0
[Sat Jan 28 21:52:32 2023] usb 1-1: Product: USB Tablet
[Sat Jan 28 21:52:32 2023] usb 1-1: Manufacturer: VirtualBox
[Sat Jan 28 21:52:32 2023] input: VirtualBox USB Tablet as /devices/pci0000:00/0000:00:06.0/usb1/1-1/1-1:1.0/0003:80EE:0021.0001/input/input6
[Sat Jan 28 21:52:32 2023] hid-generic 0003:80EE:0021.0001: input,hidraw0: USB HID v1.10 Mouse [VirtualBox USB Tablet] on usb-0000:00:06.0-1/input0
[Sat Jan 28 21:52:34 2023] EXT4-fs (dm-0): mounted filesystem 324fa06a-7fbe-4365-ad8e-19c52647350e with ordered data mode. Quota mode: none.
[Sat Jan 28 21:52:34 2023] systemd-udevd (96) used greatest stack depth: 12912 bytes left
[Sat Jan 28 21:52:34 2023] systemd[1]: systemd 249.11-0ubuntu3.6 running in system mode (+PAM +AUDIT +SELINUX +APPARMOR +IMA +SMACK +SECCOMP +GCRYPT +GNUTLS +OPENSSL +ACL +BLKID +CURL +ELFUTILS +FIDO2 +IDN2 -IDN +IPTC +KMOD +LIBCRYPTSETUP +LIBFDISK +PCRE2 -PWQUALITY -P11KIT -QRENCODE +BZIP2 +LZ4 +XZ +ZLIB +ZSTD -XKBCOMMON +UTMP +SYSVINIT default-hierarchy=unified)
[Sat Jan 28 21:52:34 2023] systemd[1]: Detected virtualization oracle.
[Sat Jan 28 21:52:34 2023] systemd[1]: Detected architecture x86-64.
[Sat Jan 28 21:52:34 2023] systemd[1]: Hostname set to <little-penguin-1>.
[Sat Jan 28 21:52:35 2023] systemd[1]: Queued start job for default target Graphical Interface.
[Sat Jan 28 21:52:35 2023] systemd[1]: Created slice Slice /system/modprobe.
[Sat Jan 28 21:52:35 2023] systemd[1]: Created slice Slice /system/systemd-fsck.
[Sat Jan 28 21:52:35 2023] systemd[1]: Created slice User and Session Slice.
[Sat Jan 28 21:52:35 2023] systemd[1]: Started Forward Password Requests to Wall Directory Watch.
[Sat Jan 28 21:52:35 2023] systemd[1]: Set up automount Arbitrary Executable File Formats File System Automount Point.
[Sat Jan 28 21:52:35 2023] systemd[1]: Reached target Slice Units.
[Sat Jan 28 21:52:35 2023] systemd[1]: Reached target Swaps.
[Sat Jan 28 21:52:35 2023] systemd[1]: Reached target Local Verity Protected Volumes.
[Sat Jan 28 21:52:35 2023] systemd[1]: Listening on Device-mapper event daemon FIFOs.
[Sat Jan 28 21:52:35 2023] systemd[1]: Listening on LVM2 poll daemon socket.
[Sat Jan 28 21:52:35 2023] systemd[1]: Listening on multipathd control socket.
[Sat Jan 28 21:52:35 2023] systemd[1]: Listening on Syslog Socket.
[Sat Jan 28 21:52:35 2023] systemd[1]: Listening on fsck to fsckd communication Socket.
[Sat Jan 28 21:52:35 2023] systemd[1]: Listening on initctl Compatibility Named Pipe.
[Sat Jan 28 21:52:35 2023] systemd[1]: Listening on Journal Audit Socket.
[Sat Jan 28 21:52:35 2023] systemd[1]: Listening on Journal Socket (/dev/log).
[Sat Jan 28 21:52:35 2023] systemd[1]: Listening on Journal Socket.
[Sat Jan 28 21:52:35 2023] systemd[1]: Listening on Network Service Netlink Socket.
[Sat Jan 28 21:52:35 2023] systemd[1]: Listening on udev Control Socket.
[Sat Jan 28 21:52:35 2023] systemd[1]: Listening on udev Kernel Socket.
[Sat Jan 28 21:52:35 2023] systemd[1]: Mounting Huge Pages File System...
[Sat Jan 28 21:52:35 2023] systemd[1]: Mounting POSIX Message Queue File System...
[Sat Jan 28 21:52:35 2023] systemd[1]: Mounting Kernel Debug File System...
[Sat Jan 28 21:52:35 2023] systemd[1]: Mounting Kernel Trace File System...
[Sat Jan 28 21:52:35 2023] systemd[1]: systemd-journald.service: unit configures an IP firewall, but the local system does not support BPF/cgroup firewalling.
[Sat Jan 28 21:52:35 2023] systemd[1]: (This warning is only shown for the first unit using IP firewalling.)
[Sat Jan 28 21:52:35 2023] systemd[1]: Starting Journal Service...
[Sat Jan 28 21:52:35 2023] systemd[1]: Starting Set the console keyboard layout...
[Sat Jan 28 21:52:35 2023] systemd[1]: Condition check resulted in Create List of Static Device Nodes being skipped.
[Sat Jan 28 21:52:35 2023] systemd[1]: Starting Monitoring of LVM2 mirrors, snapshots etc. using dmeventd or progress polling...
[Sat Jan 28 21:52:35 2023] systemd[1]: Condition check resulted in LXD - agent being skipped.
[Sat Jan 28 21:52:35 2023] systemd[1]: Starting Load Kernel Module chromeos_pstore...
[Sat Jan 28 21:52:35 2023] systemd[1]: Starting Load Kernel Module configfs...
[Sat Jan 28 21:52:35 2023] systemd[1]: Starting Load Kernel Module drm...
[Sat Jan 28 21:52:35 2023] systemd[1]: Starting Load Kernel Module efi_pstore...
[Sat Jan 28 21:52:35 2023] systemd[1]: Starting Load Kernel Module fuse...
[Sat Jan 28 21:52:35 2023] systemd[1]: Starting Load Kernel Module pstore_blk...
[Sat Jan 28 21:52:35 2023] systemd[1]: Starting Load Kernel Module pstore_zone...
[Sat Jan 28 21:52:35 2023] systemd[1]: Starting Load Kernel Module ramoops...
[Sat Jan 28 21:52:35 2023] systemd[1]: Condition check resulted in OpenVSwitch configuration for cleanup being skipped.
[Sat Jan 28 21:52:35 2023] systemd[1]: Condition check resulted in File System Check on Root Device being skipped.
[Sat Jan 28 21:52:35 2023] systemd[1]: Starting Load Kernel Modules...
[Sat Jan 28 21:52:35 2023] systemd[1]: Starting Remount Root and Kernel File Systems...
[Sat Jan 28 21:52:35 2023] systemd[1]: Starting Coldplug All udev Devices...
[Sat Jan 28 21:52:35 2023] systemd[1]: Mounted Huge Pages File System.
[Sat Jan 28 21:52:35 2023] systemd[1]: Mounted POSIX Message Queue File System.
[Sat Jan 28 21:52:35 2023] systemd[1]: Mounted Kernel Debug File System.
[Sat Jan 28 21:52:35 2023] systemd[1]: Mounted Kernel Trace File System.
[Sat Jan 28 21:52:35 2023] systemd[1]: Finished Monitoring of LVM2 mirrors, snapshots etc. using dmeventd or progress polling.
[Sat Jan 28 21:52:35 2023] systemd[1]: modprobe@chromeos_pstore.service: Deactivated successfully.
[Sat Jan 28 21:52:35 2023] systemd[1]: Finished Load Kernel Module chromeos_pstore.
[Sat Jan 28 21:52:35 2023] systemd[1]: modprobe@configfs.service: Deactivated successfully.
[Sat Jan 28 21:52:35 2023] systemd[1]: Finished Load Kernel Module configfs.
[Sat Jan 28 21:52:35 2023] systemd[1]: modprobe@drm.service: Deactivated successfully.
[Sat Jan 28 21:52:35 2023] systemd[1]: Finished Load Kernel Module drm.
[Sat Jan 28 21:52:35 2023] systemd[1]: modprobe@efi_pstore.service: Deactivated successfully.
[Sat Jan 28 21:52:35 2023] systemd[1]: Finished Load Kernel Module efi_pstore.
[Sat Jan 28 21:52:35 2023] systemd[1]: modprobe@fuse.service: Deactivated successfully.
[Sat Jan 28 21:52:35 2023] systemd[1]: Finished Load Kernel Module fuse.
[Sat Jan 28 21:52:35 2023] systemd[1]: modprobe@pstore_blk.service: Deactivated successfully.
[Sat Jan 28 21:52:35 2023] systemd[1]: Finished Load Kernel Module pstore_blk.
[Sat Jan 28 21:52:35 2023] systemd[1]: modprobe@pstore_zone.service: Deactivated successfully.
[Sat Jan 28 21:52:35 2023] systemd[1]: Finished Load Kernel Module pstore_zone.
[Sat Jan 28 21:52:35 2023] systemd[1]: modprobe@ramoops.service: Deactivated successfully.
[Sat Jan 28 21:52:35 2023] systemd[1]: Finished Load Kernel Module ramoops.
[Sat Jan 28 21:52:35 2023] systemd[1]: Finished Load Kernel Modules.
[Sat Jan 28 21:52:35 2023] systemd[1]: Condition check resulted in FUSE Control File System being skipped.
[Sat Jan 28 21:52:35 2023] systemd[1]: Condition check resulted in Kernel Configuration File System being skipped.
[Sat Jan 28 21:52:35 2023] EXT4-fs (dm-0): re-mounted 324fa06a-7fbe-4365-ad8e-19c52647350e. Quota mode: none.
[Sat Jan 28 21:52:35 2023] systemd[1]: Starting Apply Kernel Variables...
[Sat Jan 28 21:52:35 2023] systemd[1]: Finished Remount Root and Kernel File Systems.
[Sat Jan 28 21:52:35 2023] systemd[1]: Starting Device-Mapper Multipath Device Controller...
[Sat Jan 28 21:52:35 2023] systemd[1]: Condition check resulted in Platform Persistent Storage Archival being skipped.
[Sat Jan 28 21:52:35 2023] systemd[1]: Starting Load/Save Random Seed...
[Sat Jan 28 21:52:35 2023] systemd[1]: Starting Create System Users...
[Sat Jan 28 21:52:35 2023] systemd[1]: Started Journal Service.
[Sat Jan 28 21:52:35 2023] systemd-journald[299]: Received client request to flush runtime journal.
[Sat Jan 28 21:52:35 2023] loop0: detected capacity change from 0 to 126896
[Sat Jan 28 21:52:35 2023] loop1: detected capacity change from 0 to 129584
[Sat Jan 28 21:52:35 2023] loop0: detected capacity change from 0 to 210912
[Sat Jan 28 21:52:35 2023] loop1: detected capacity change from 0 to 163736
[Sat Jan 28 21:52:35 2023] loop0: detected capacity change from 0 to 101624
[Sat Jan 28 21:52:36 2023] EXT4-fs (sda2): mounted filesystem 4ac2bb2f-e63b-401c-9bb6-7baadf5666f8 with ordered data mode. Quota mode: none.
[Sat Jan 28 21:52:36 2023] systemd-update- (531) used greatest stack depth: 12848 bytes left
[Sat Jan 28 21:52:37 2023] e1000: enp0s3 NIC Link is Up 1000 Mbps Full Duplex, Flow Control: RX
[Sat Jan 28 21:52:37 2023] IPv6: ADDRCONF(NETDEV_CHANGE): enp0s3: link becomes ready
[Sat Jan 28 21:52:40 2023] loop0: detected capacity change from 0 to 8
