Linux version 6.2.0-rc5-next-20230127-08766-ge2f86c02fdc9 (sucho@little-penguin-1) (gcc (Ubuntu 11.3.0-1ubuntu1~22.04) 11.3.0, GNU ld (GNU Binutils for Ubuntu) 2.38) #1 SMP PREEMPT_DYNAMIC Sat Jan 28 23:57:40 UTC 2023
Command line: BOOT_IMAGE=/vmlinuz-6.2.0-rc5-next-20230127-08766-ge2f86c02fdc9 root=/dev/mapper/ubuntu--vg-ubuntu--lv ro
x86/fpu: Supporting XSAVE feature 0x001: 'x87 floating point registers'
x86/fpu: Supporting XSAVE feature 0x002: 'SSE registers'
x86/fpu: Supporting XSAVE feature 0x004: 'AVX registers'
x86/fpu: xstate_offset[2]:  576, xstate_sizes[2]:  256
x86/fpu: Enabled xstate features 0x7, context size is 832 bytes, using 'standard' format.
signal: max sigframe size: 1776
BIOS-provided physical RAM map:
BIOS-e820: [mem 0x0000000000000000-0x000000000009fbff] usable
BIOS-e820: [mem 0x000000000009fc00-0x000000000009ffff] reserved
BIOS-e820: [mem 0x00000000000f0000-0x00000000000fffff] reserved
BIOS-e820: [mem 0x0000000000100000-0x00000000dffeffff] usable
BIOS-e820: [mem 0x00000000dfff0000-0x00000000dfffffff] ACPI data
BIOS-e820: [mem 0x00000000fec00000-0x00000000fec00fff] reserved
BIOS-e820: [mem 0x00000000fee00000-0x00000000fee00fff] reserved
BIOS-e820: [mem 0x00000000fffc0000-0x00000000ffffffff] reserved
BIOS-e820: [mem 0x0000000100000000-0x000000021fffffff] usable
NX (Execute Disable) protection: active
SMBIOS 2.5 present.
DMI: innotek GmbH VirtualBox/VirtualBox, BIOS VirtualBox 12/01/2006
Hypervisor detected: KVM
kvm-clock: Using msrs 4b564d01 and 4b564d00
kvm-clock: using sched offset of 14261803478 cycles
clocksource: kvm-clock: mask: 0xffffffffffffffff max_cycles: 0x1cd42e4dffb, max_idle_ns: 881590591483 ns
tsc: Detected 2903.998 MHz processor
e820: update [mem 0x00000000-0x00000fff] usable ==> reserved
e820: remove [mem 0x000a0000-0x000fffff] usable
last_pfn = 0x220000 max_arch_pfn = 0x400000000
MTRRs disabled by BIOS
x86/PAT: Configuration [0-7]: WB  WC  UC- UC  WB  WP  UC- WT  
last_pfn = 0xdfff0 max_arch_pfn = 0x400000000
found SMP MP-table at [mem 0x0009fff0-0x0009ffff]
RAMDISK: [mem 0x353f3000-0x369f0fff]
ACPI: Early table checksum verification disabled
ACPI: RSDP 0x00000000000E0000 000024 (v02 VBOX  )
ACPI: XSDT 0x00000000DFFF0030 00003C (v01 VBOX   VBOXXSDT 00000001 ASL  00000061)
ACPI: FACP 0x00000000DFFF00F0 0000F4 (v04 VBOX   VBOXFACP 00000001 ASL  00000061)
ACPI: DSDT 0x00000000DFFF0620 002353 (v02 VBOX   VBOXBIOS 00000002 INTL 20190509)
ACPI: FACS 0x00000000DFFF0200 000040
ACPI: FACS 0x00000000DFFF0200 000040
ACPI: APIC 0x00000000DFFF0240 00006C (v02 VBOX   VBOXAPIC 00000001 ASL  00000061)
ACPI: SSDT 0x00000000DFFF02B0 00036C (v01 VBOX   VBOXCPUT 00000002 INTL 20190509)
ACPI: Reserving FACP table memory at [mem 0xdfff00f0-0xdfff01e3]
ACPI: Reserving DSDT table memory at [mem 0xdfff0620-0xdfff2972]
ACPI: Reserving FACS table memory at [mem 0xdfff0200-0xdfff023f]
ACPI: Reserving FACS table memory at [mem 0xdfff0200-0xdfff023f]
ACPI: Reserving APIC table memory at [mem 0xdfff0240-0xdfff02ab]
ACPI: Reserving SSDT table memory at [mem 0xdfff02b0-0xdfff061b]
No NUMA configuration found
Faking a node at [mem 0x0000000000000000-0x000000021fffffff]
NODE_DATA(0) allocated [mem 0x21fff8000-0x21fffbfff]
Zone ranges:
  DMA      [mem 0x0000000000001000-0x0000000000ffffff]
  DMA32    [mem 0x0000000001000000-0x00000000ffffffff]
  Normal   [mem 0x0000000100000000-0x000000021fffffff]
Movable zone start for each node
Early memory node ranges
  node   0: [mem 0x0000000000001000-0x000000000009efff]
  node   0: [mem 0x0000000000100000-0x00000000dffeffff]
  node   0: [mem 0x0000000100000000-0x000000021fffffff]
Initmem setup node 0 [mem 0x0000000000001000-0x000000021fffffff]
On node 0, zone DMA: 1 pages in unavailable ranges
On node 0, zone DMA: 97 pages in unavailable ranges
On node 0, zone Normal: 16 pages in unavailable ranges
ACPI: PM-Timer IO Port: 0x4008
IOAPIC[0]: apic_id 4, version 32, address 0xfec00000, GSI 0-23
ACPI: INT_SRC_OVR (bus 0 bus_irq 0 global_irq 2 dfl dfl)
ACPI: INT_SRC_OVR (bus 0 bus_irq 9 global_irq 9 low level)
ACPI: Using ACPI (MADT) for SMP configuration information
smpboot: Allowing 4 CPUs, 0 hotplug CPUs
PM: hibernation: Registered nosave memory: [mem 0x00000000-0x00000fff]
PM: hibernation: Registered nosave memory: [mem 0x0009f000-0x0009ffff]
PM: hibernation: Registered nosave memory: [mem 0x000a0000-0x000effff]
PM: hibernation: Registered nosave memory: [mem 0x000f0000-0x000fffff]
PM: hibernation: Registered nosave memory: [mem 0xdfff0000-0xdfffffff]
PM: hibernation: Registered nosave memory: [mem 0xe0000000-0xfebfffff]
PM: hibernation: Registered nosave memory: [mem 0xfec00000-0xfec00fff]
PM: hibernation: Registered nosave memory: [mem 0xfec01000-0xfedfffff]
PM: hibernation: Registered nosave memory: [mem 0xfee00000-0xfee00fff]
PM: hibernation: Registered nosave memory: [mem 0xfee01000-0xfffbffff]
PM: hibernation: Registered nosave memory: [mem 0xfffc0000-0xffffffff]
[mem 0xe0000000-0xfebfffff] available for PCI devices
Booting paravirtualized kernel on KVM
clocksource: refined-jiffies: mask: 0xffffffff max_cycles: 0xffffffff, max_idle_ns: 1910969940391419 ns
setup_percpu: NR_CPUS:64 nr_cpumask_bits:4 nr_cpu_ids:4 nr_node_ids:1
percpu: Embedded 54 pages/cpu s182248 r8192 d30744 u524288
pcpu-alloc: s182248 r8192 d30744 u524288 alloc=1*2097152
pcpu-alloc: [0] 0 1 2 3 
Fallback order for Node 0: 0 
Built 1 zonelists, mobility grouping on.  Total pages: 2064112
Policy zone: Normal
Kernel command line: BOOT_IMAGE=/vmlinuz-6.2.0-rc5-next-20230127-08766-ge2f86c02fdc9 root=/dev/mapper/ubuntu--vg-ubuntu--lv ro
Unknown kernel command line parameters "BOOT_IMAGE=/vmlinuz-6.2.0-rc5-next-20230127-08766-ge2f86c02fdc9", will be passed to user space.
random: crng init done
Dentry cache hash table entries: 1048576 (order: 11, 8388608 bytes, linear)
Inode-cache hash table entries: 524288 (order: 10, 4194304 bytes, linear)
mem auto-init: stack:off, heap alloc:off, heap free:off
software IO TLB: area num 4.
Memory: 8115124K/8388152K available (18432K kernel code, 2648K rwdata, 6240K rodata, 2572K init, 1724K bss, 272768K reserved, 0K cma-reserved)
SLUB: HWalign=64, Order=0-3, MinObjects=0, CPUs=4, Nodes=1
Kernel/User page tables isolation: enabled
Dynamic Preempt: voluntary
rcu: Preemptible hierarchical RCU implementation.
rcu: 	RCU event tracing is enabled.
rcu: 	RCU restricting CPUs from NR_CPUS=64 to nr_cpu_ids=4.
	Trampoline variant of Tasks RCU enabled.
rcu: RCU calculated value of scheduler-enlistment delay is 100 jiffies.
rcu: Adjusting geometry for rcu_fanout_leaf=16, nr_cpu_ids=4
NR_IRQS: 4352, nr_irqs: 456, preallocated irqs: 16
rcu: srcu_init: Setting srcu_struct sizes based on contention.
Console: colour VGA+ 80x25
printk: console [tty0] enabled
ACPI: Core revision 20221020
APIC: Switch to symmetric I/O mode setup
..TIMER: vector=0x30 apic1=0 pin1=2 apic2=-1 pin2=-1
clocksource: tsc-early: mask: 0xffffffffffffffff max_cycles: 0x29dc03c1beb, max_idle_ns: 440795205215 ns
Calibrating delay loop (skipped) preset value.. 5807.99 BogoMIPS (lpj=2903998)
pid_max: default: 32768 minimum: 301
LSM: initializing lsm=capability,integrity,selinux
SELinux:  Initializing.
Mount-cache hash table entries: 16384 (order: 5, 131072 bytes, linear)
Mountpoint-cache hash table entries: 16384 (order: 5, 131072 bytes, linear)
Last level iTLB entries: 4KB 64, 2MB 8, 4MB 8
Last level dTLB entries: 4KB 64, 2MB 0, 4MB 0, 1GB 4
Spectre V1 : Mitigation: usercopy/swapgs barriers and __user pointer sanitization
Spectre V2 : Mitigation: Retpolines
Spectre V2 : Spectre v2 / SpectreRSB mitigation: Filling RSB on context switch
Spectre V2 : Spectre v2 / SpectreRSB : Filling RSB on VMEXIT
RETBleed: WARNING: Spectre v2 mitigation leaves CPU vulnerable to RETBleed attacks, data leaks possible!
RETBleed: Vulnerable
Speculative Store Bypass: Vulnerable
MDS: Mitigation: Clear CPU buffers
MMIO Stale Data: Mitigation: Clear CPU buffers
SRBDS: Unknown: Dependent on hypervisor status
Freeing SMP alternatives memory: 44K
APIC calibration not consistent with PM-Timer: 125ms instead of 100ms
APIC delta adjusted to PM-Timer: 6349807 (7937889)
smpboot: CPU0: Intel(R) Core(TM) i7-7820HQ CPU @ 2.90GHz (family: 0x6, model: 0x9e, stepping: 0x9)
cblist_init_generic: Setting adjustable number of callback queues.
cblist_init_generic: Setting shift to 2 and lim to 1.
Performance Events: unsupported p6 CPU model 158 no PMU driver, software events only.
rcu: Hierarchical SRCU implementation.
rcu: 	Max phase no-delay instances is 400.
smp: Bringing up secondary CPUs ...
x86: Booting SMP configuration:
.... node  #0, CPUs:      #1 #2 #3
smp: Brought up 1 node, 4 CPUs
smpboot: Max logical packages: 1
smpboot: Total of 4 processors activated (23231.98 BogoMIPS)
devtmpfs: initialized
clocksource: jiffies: mask: 0xffffffff max_cycles: 0xffffffff, max_idle_ns: 1911260446275000 ns
futex hash table entries: 1024 (order: 4, 65536 bytes, linear)
PM: RTC time: 23:59:46, date: 2023-01-28
NET: Registered PF_NETLINK/PF_ROUTE protocol family
audit: initializing netlink subsys (disabled)
thermal_sys: Registered thermal governor 'step_wise'
thermal_sys: Registered thermal governor 'user_space'
audit: type=2000 audit(1674950400.451:1): state=initialized audit_enabled=0 res=1
cpuidle: using governor menu
PCI: Using configuration type 1 for base access
kprobes: kprobe jump-optimization is enabled. All kprobes are optimized if possible.
HugeTLB: registered 2.00 MiB page size, pre-allocated 0 pages
HugeTLB: 28 KiB vmemmap can be freed for a 2.00 MiB page
ACPI: Added _OSI(Module Device)
ACPI: Added _OSI(Processor Device)
ACPI: Added _OSI(3.0 _SCP Extensions)
ACPI: Added _OSI(Processor Aggregator Device)
ACPI: 2 ACPI AML tables successfully acquired and loaded
ACPI: Interpreter enabled
ACPI: PM: (supports S0 S5)
ACPI: Using IOAPIC for interrupt routing
PCI: Using host bridge windows from ACPI; if necessary, use "pci=nocrs" and report a bug
PCI: Using E820 reservations for host bridge windows
ACPI: Enabled 2 GPEs in block 00 to 07
ACPI: PCI Root Bridge [PCI0] (domain 0000 [bus 00-ff])
acpi PNP0A03:00: _OSC: OS supports [ASPM ClockPM Segments MSI HPX-Type3]
acpi PNP0A03:00: _OSC: not requesting OS control; OS requires [ExtendedConfig ASPM ClockPM MSI]
acpi PNP0A03:00: fail to add MMCONFIG information, can't access extended configuration space under this bridge
PCI host bridge to bus 0000:00
pci_bus 0000:00: root bus resource [io  0x0000-0x0cf7 window]
pci_bus 0000:00: root bus resource [io  0x0d00-0xffff window]
pci_bus 0000:00: root bus resource [mem 0x000a0000-0x000bffff window]
pci_bus 0000:00: root bus resource [mem 0xe0000000-0xfdffffff window]
pci_bus 0000:00: root bus resource [bus 00-ff]
pci 0000:00:00.0: [8086:1237] type 00 class 0x060000
pci 0000:00:01.0: [8086:7000] type 00 class 0x060100
pci 0000:00:01.1: [8086:7111] type 00 class 0x01018a
pci 0000:00:01.1: reg 0x20: [io  0xd000-0xd00f]
pci 0000:00:01.1: legacy IDE quirk: reg 0x10: [io  0x01f0-0x01f7]
pci 0000:00:01.1: legacy IDE quirk: reg 0x14: [io  0x03f6]
pci 0000:00:01.1: legacy IDE quirk: reg 0x18: [io  0x0170-0x0177]
pci 0000:00:01.1: legacy IDE quirk: reg 0x1c: [io  0x0376]
pci 0000:00:02.0: [15ad:0405] type 00 class 0x030000
pci 0000:00:02.0: reg 0x10: [io  0xd010-0xd01f]
pci 0000:00:02.0: reg 0x14: [mem 0xe0000000-0xe0ffffff pref]
pci 0000:00:02.0: reg 0x18: [mem 0xf0000000-0xf01fffff]
pci 0000:00:02.0: Video device with shadowed ROM at [mem 0x000c0000-0x000dffff]
pci 0000:00:03.0: [8086:100e] type 00 class 0x020000
pci 0000:00:03.0: reg 0x10: [mem 0xf0200000-0xf021ffff]
pci 0000:00:03.0: reg 0x18: [io  0xd020-0xd027]
pci 0000:00:04.0: [80ee:cafe] type 00 class 0x088000
pci 0000:00:04.0: reg 0x10: [io  0xd040-0xd05f]
pci 0000:00:04.0: reg 0x14: [mem 0xf0400000-0xf07fffff]
pci 0000:00:04.0: reg 0x18: [mem 0xf0800000-0xf0803fff pref]
pci 0000:00:05.0: [8086:2415] type 00 class 0x040100
pci 0000:00:05.0: reg 0x10: [io  0xd100-0xd1ff]
pci 0000:00:05.0: reg 0x14: [io  0xd200-0xd23f]
pci 0000:00:06.0: [106b:003f] type 00 class 0x0c0310
pci 0000:00:06.0: reg 0x10: [mem 0xf0804000-0xf0804fff]
pci 0000:00:07.0: [8086:7113] type 00 class 0x068000
pci 0000:00:07.0: quirk: [io  0x4000-0x403f] claimed by PIIX4 ACPI
pci 0000:00:07.0: quirk: [io  0x4100-0x410f] claimed by PIIX4 SMB
pci 0000:00:0b.0: [8086:265c] type 00 class 0x0c0320
pci 0000:00:0b.0: reg 0x10: [mem 0xf0805000-0xf0805fff]
pci 0000:00:0d.0: [8086:2829] type 00 class 0x010601
pci 0000:00:0d.0: reg 0x10: [io  0xd240-0xd247]
pci 0000:00:0d.0: reg 0x14: [io  0xd248-0xd24b]
pci 0000:00:0d.0: reg 0x18: [io  0xd250-0xd257]
pci 0000:00:0d.0: reg 0x1c: [io  0xd258-0xd25b]
pci 0000:00:0d.0: reg 0x20: [io  0xd260-0xd26f]
pci 0000:00:0d.0: reg 0x24: [mem 0xf0806000-0xf0807fff]
ACPI: PCI: Interrupt link LNKA configured for IRQ 11
ACPI: PCI: Interrupt link LNKB configured for IRQ 10
ACPI: PCI: Interrupt link LNKC configured for IRQ 9
ACPI: PCI: Interrupt link LNKD configured for IRQ 11
iommu: Default domain type: Translated 
iommu: DMA domain TLB invalidation policy: lazy mode 
SCSI subsystem initialized
libata version 3.00 loaded.
ACPI: bus type USB registered
usbcore: registered new interface driver usbfs
usbcore: registered new interface driver hub
usbcore: registered new device driver usb
pps_core: LinuxPPS API ver. 1 registered
pps_core: Software ver. 5.3.6 - Copyright 2005-2007 Rodolfo Giometti <giometti@linux.it>
PTP clock support registered
Advanced Linux Sound Architecture Driver Initialized.
NetLabel: Initializing
NetLabel:  domain hash size = 128
NetLabel:  protocols = UNLABELED CIPSOv4 CALIPSO
NetLabel:  unlabeled traffic allowed by default
PCI: Using ACPI for IRQ routing
PCI: pci_cache_line_size set to 64 bytes
e820: reserve RAM buffer [mem 0x0009fc00-0x0009ffff]
e820: reserve RAM buffer [mem 0xdfff0000-0xdfffffff]
pci 0000:00:02.0: vgaarb: setting as boot VGA device
pci 0000:00:02.0: vgaarb: bridge control possible
pci 0000:00:02.0: vgaarb: VGA device added: decodes=io+mem,owns=io+mem,locks=none
vgaarb: loaded
clocksource: Switched to clocksource kvm-clock
VFS: Disk quotas dquot_6.6.0
VFS: Dquot-cache hash table entries: 512 (order 0, 4096 bytes)
pnp: PnP ACPI init
pnp: PnP ACPI: found 2 devices
clocksource: acpi_pm: mask: 0xffffff max_cycles: 0xffffff, max_idle_ns: 2085701024 ns
NET: Registered PF_INET protocol family
IP idents hash table entries: 131072 (order: 8, 1048576 bytes, linear)
tcp_listen_portaddr_hash hash table entries: 4096 (order: 4, 65536 bytes, linear)
Table-perturb hash table entries: 65536 (order: 6, 262144 bytes, linear)
TCP established hash table entries: 65536 (order: 7, 524288 bytes, linear)
TCP bind hash table entries: 65536 (order: 9, 2097152 bytes, linear)
TCP: Hash tables configured (established 65536 bind 65536)
UDP hash table entries: 4096 (order: 5, 131072 bytes, linear)
UDP-Lite hash table entries: 4096 (order: 5, 131072 bytes, linear)
NET: Registered PF_UNIX/PF_LOCAL protocol family
RPC: Registered named UNIX socket transport module.
RPC: Registered udp transport module.
RPC: Registered tcp transport module.
RPC: Registered tcp NFSv4.1 backchannel transport module.
pci_bus 0000:00: resource 4 [io  0x0000-0x0cf7 window]
pci_bus 0000:00: resource 5 [io  0x0d00-0xffff window]
pci_bus 0000:00: resource 6 [mem 0x000a0000-0x000bffff window]
pci_bus 0000:00: resource 7 [mem 0xe0000000-0xfdffffff window]
pci 0000:00:00.0: Limiting direct PCI/PCI transfers
PCI: CLS 0 bytes, default 64
PCI-DMA: Using software bounce buffering for IO (SWIOTLB)
Unpacking initramfs...
software IO TLB: mapped [mem 0x00000000dbff0000-0x00000000dfff0000] (64MB)
RAPL PMU: API unit is 2^-32 Joules, 0 fixed counters, 10737418240 ms ovfl timer
clocksource: tsc: mask: 0xffffffffffffffff max_cycles: 0x29dc03c1beb, max_idle_ns: 440795205215 ns
Freeing initrd memory: 22520K
clocksource: Switched to clocksource tsc
platform rtc_cmos: registered platform RTC device (no PNP device found)
Initialise system trusted keyrings
workingset: timestamp_bits=56 max_order=21 bucket_order=0
NFS: Registering the id_resolver key type
Key type id_resolver registered
Key type id_legacy registered
9p: Installing v9fs 9p2000 file system support
Key type asymmetric registered
Asymmetric key parser 'x509' registered
Block layer SCSI generic (bsg) driver version 0.4 loaded (major 251)
io scheduler mq-deadline registered
io scheduler kyber registered
ACPI: AC: AC Adapter [AC] (on-line)
input: Power Button as /devices/LNXSYSTM:00/LNXPWRBN:00/input/input0
ACPI: button: Power Button [PWRF]
input: Sleep Button as /devices/LNXSYSTM:00/LNXSLPBN:00/input/input1
ACPI: button: Sleep Button [SLPF]
ACPI: video: Video Device [GFX0] (multi-head: yes  rom: no  post: no)
input: Video Bus as /devices/LNXSYSTM:00/LNXSYBUS:00/PNP0A03:00/LNXVIDEO:00/input/input2
Serial: 8250/16550 driver, 4 ports, IRQ sharing enabled
ACPI: battery: Slot [BAT0] (battery present)
Non-volatile memory driver v1.3
Linux agpgart interface v0.103
ACPI: bus type drm_connector registered
loop: module loaded
ahci 0000:00:0d.0: version 3.0
ahci 0000:00:0d.0: SSS flag set, parallel bus scan disabled
ahci 0000:00:0d.0: AHCI 0001.0100 32 slots 1 ports 3 Gbps 0x1 impl SATA mode
ahci 0000:00:0d.0: flags: 64bit ncq stag only ccc 
scsi host0: ahci
ata1: SATA max UDMA/133 abar m8192@0xf0806000 port 0xf0806100 irq 21
ata_piix 0000:00:01.1: version 2.13
scsi host1: ata_piix
scsi host2: ata_piix
ata2: PATA max UDMA/33 cmd 0x1f0 ctl 0x3f6 bmdma 0xd000 irq 14
ata3: PATA max UDMA/33 cmd 0x170 ctl 0x376 bmdma 0xd008 irq 15
e100: Intel(R) PRO/100 Network Driver
e100: Copyright(c) 1999-2006 Intel Corporation
e1000: Intel(R) PRO/1000 Network Driver
e1000: Copyright (c) 1999-2006 Intel Corporation.
ata3.00: ATAPI: VBOX CD-ROM, 1.0, max UDMA/133
ata1: SATA link up 3.0 Gbps (SStatus 123 SControl 300)
ata1.00: ATA-6: VBOX HARDDISK, 1.0, max UDMA/133
ata1.00: 83886080 sectors, multi 128: LBA48 NCQ (depth 32)
ata1.00: configured for UDMA/133
scsi 0:0:0:0: Direct-Access     ATA      VBOX HARDDISK    1.0  PQ: 0 ANSI: 5
scsi 0:0:0:0: Attached scsi generic sg0 type 0
sd 0:0:0:0: [sda] 83886080 512-byte logical blocks: (42.9 GB/40.0 GiB)
sd 0:0:0:0: [sda] Write Protect is off
sd 0:0:0:0: [sda] Mode Sense: 00 3a 00 00
sd 0:0:0:0: [sda] Write cache: enabled, read cache: enabled, doesn't support DPO or FUA
scsi 2:0:0:0: CD-ROM            VBOX     CD-ROM           1.0  PQ: 0 ANSI: 5
sd 0:0:0:0: [sda] Preferred minimum I/O size 512 bytes
 sda: sda1 sda2 sda3
sd 0:0:0:0: [sda] Attached SCSI disk
sr 2:0:0:0: [sr0] scsi3-mmc drive: 32x/32x xa/form2 tray
cdrom: Uniform CD-ROM driver Revision: 3.20
sr 2:0:0:0: Attached scsi CD-ROM sr0
sr 2:0:0:0: Attached scsi generic sg1 type 5
e1000 0000:00:03.0 eth0: (PCI:33MHz:32-bit) 08:00:27:ea:eb:df
e1000 0000:00:03.0 eth0: Intel(R) PRO/1000 Network Connection
e1000e: Intel(R) PRO/1000 Network Driver
e1000e: Copyright(c) 1999 - 2015 Intel Corporation.
sky2: driver version 1.30
ohci-pci 0000:00:06.0: OHCI PCI host controller
ohci-pci 0000:00:06.0: new USB bus registered, assigned bus number 1
ohci-pci 0000:00:06.0: irq 22, io mem 0xf0804000
usb usb1: New USB device found, idVendor=1d6b, idProduct=0001, bcdDevice= 6.02
usb usb1: New USB device strings: Mfr=3, Product=2, SerialNumber=1
usb usb1: Product: OHCI PCI host controller
usb usb1: Manufacturer: Linux 6.2.0-rc5-next-20230127-08766-ge2f86c02fdc9 ohci_hcd
usb usb1: SerialNumber: 0000:00:06.0
hub 1-0:1.0: USB hub found
hub 1-0:1.0: 12 ports detected
ehci-pci 0000:00:0b.0: EHCI Host Controller
usbcore: registered new interface driver usblp
ehci-pci 0000:00:0b.0: new USB bus registered, assigned bus number 2
usbcore: registered new interface driver usb-storage
ehci-pci 0000:00:0b.0: irq 19, io mem 0xf0805000
i8042: PNP: PS/2 Controller [PNP0303:PS2K,PNP0f03:PS2M] at 0x60,0x64 irq 1,12
serio: i8042 KBD port at 0x60,0x64 irq 1
serio: i8042 AUX port at 0x60,0x64 irq 12
input: AT Translated Set 2 keyboard as /devices/platform/i8042/serio0/input/input3
rtc_cmos rtc_cmos: registered as rtc0
ehci-pci 0000:00:0b.0: USB 2.0 started, EHCI 1.00
usb usb2: New USB device found, idVendor=1d6b, idProduct=0002, bcdDevice= 6.02
rtc_cmos rtc_cmos: alarms up to one day, 114 bytes nvram
usb usb2: New USB device strings: Mfr=3, Product=2, SerialNumber=1
fail to initialize ptp_kvm
usb usb2: Product: EHCI Host Controller
usb usb2: Manufacturer: Linux 6.2.0-rc5-next-20230127-08766-ge2f86c02fdc9 ehci_hcd
usb usb2: SerialNumber: 0000:00:0b.0
hub 2-0:1.0: USB hub found
hub 2-0:1.0: 12 ports detected
device-mapper: ioctl: 4.47.0-ioctl (2022-07-28) initialised: dm-devel@redhat.com
intel_pstate: CPU model not supported
hid: raw HID events driver (C) Jiri Kosina
usbcore: registered new interface driver usbhid
usbhid: USB HID core driver
Initializing XFRM netlink socket
NET: Registered PF_INET6 protocol family
Segment Routing with IPv6
In-situ OAM (IOAM) with IPv6
sit: IPv6, IPv4 and MPLS over IPv4 tunneling driver
NET: Registered PF_PACKET protocol family
9pnet: Installing 9P2000 support
Key type dns_resolver registered
IPI shorthand broadcast: enabled
sched_clock: Marking stable (2124766238, 62478540)->(2262142039, -74897261)
registered taskstats version 1
Loading compiled-in X.509 certificates
PM:   Magic number: 7:956:1010
printk: console [netcon0] enabled
netconsole: network logging started
cfg80211: Loading compiled-in X.509 certificates for regulatory database
modprobe (68) used greatest stack depth: 13616 bytes left
Loaded X.509 cert 'sforshee: 00b28ddf47aef9cea7'
ALSA device list:
  No soundcards found.
Freeing unused kernel image (initmem) memory: 2572K
Write protecting the kernel read-only data: 26624k
Freeing unused kernel image (rodata/data gap) memory: 1952K
x86/mm: Checked W+X mappings: passed, no W+X pages found.
x86/mm: Checking user space page tables
x86/mm: Checked W+X mappings: passed, no W+X pages found.
Run /init as init process
  with arguments:
    /init
  with environment:
    HOME=/
    TERM=linux
    BOOT_IMAGE=/vmlinuz-6.2.0-rc5-next-20230127-08766-ge2f86c02fdc9
systemd-udevd (90) used greatest stack depth: 13464 bytes left
input: ImExPS/2 Generic Explorer Mouse as /devices/platform/i8042/serio1/input/input5
e1000 0000:00:03.0 enp0s3: renamed from eth0
probe-bcache (116) used greatest stack depth: 13400 bytes left
usb 1-1: new full-speed USB device number 2 using ohci-pci
usb 1-1: New USB device found, idVendor=80ee, idProduct=0021, bcdDevice= 1.00
usb 1-1: New USB device strings: Mfr=1, Product=3, SerialNumber=0
usb 1-1: Product: USB Tablet
usb 1-1: Manufacturer: VirtualBox
input: VirtualBox USB Tablet as /devices/pci0000:00/0000:00:06.0/usb1/1-1/1-1:1.0/0003:80EE:0021.0001/input/input6
hid-generic 0003:80EE:0021.0001: input,hidraw0: USB HID v1.10 Mouse [VirtualBox USB Tablet] on usb-0000:00:06.0-1/input0
EXT4-fs (dm-0): mounted filesystem c801b85f-71ef-4a8e-aa06-782ed226c86f with ordered data mode. Quota mode: none.
systemd-udevd (97) used greatest stack depth: 12800 bytes left
systemd[1]: systemd 249.11-0ubuntu3.6 running in system mode (+PAM +AUDIT +SELINUX +APPARMOR +IMA +SMACK +SECCOMP +GCRYPT +GNUTLS +OPENSSL +ACL +BLKID +CURL +ELFUTILS +FIDO2 +IDN2 -IDN +IPTC +KMOD +LIBCRYPTSETUP +LIBFDISK +PCRE2 -PWQUALITY -P11KIT -QRENCODE +BZIP2 +LZ4 +XZ +ZLIB +ZSTD -XKBCOMMON +UTMP +SYSVINIT default-hierarchy=unified)
systemd[1]: Detected virtualization oracle.
systemd[1]: Detected architecture x86-64.
systemd[1]: Hostname set to <little-penguin-1>.
memfd_create() without MFD_EXEC nor MFD_NOEXEC_SEAL, pid=1 'systemd'
systemd[1]: Queued start job for default target Graphical Interface.
systemd[1]: Created slice Slice /system/modprobe.
systemd[1]: Created slice Slice /system/systemd-fsck.
systemd[1]: Created slice User and Session Slice.
systemd[1]: Started Forward Password Requests to Wall Directory Watch.
systemd[1]: Set up automount Arbitrary Executable File Formats File System Automount Point.
systemd[1]: Reached target Slice Units.
systemd[1]: Reached target Local Verity Protected Volumes.
systemd[1]: Listening on Device-mapper event daemon FIFOs.
systemd[1]: Listening on LVM2 poll daemon socket.
systemd[1]: Listening on multipathd control socket.
systemd[1]: Listening on Syslog Socket.
systemd[1]: Listening on fsck to fsckd communication Socket.
systemd[1]: Listening on initctl Compatibility Named Pipe.
systemd[1]: Listening on Journal Audit Socket.
systemd[1]: Listening on Journal Socket (/dev/log).
systemd[1]: Listening on Journal Socket.
systemd[1]: Listening on Network Service Netlink Socket.
systemd[1]: Listening on udev Control Socket.
systemd[1]: Listening on udev Kernel Socket.
systemd[1]: Mounting Huge Pages File System...
systemd[1]: Mounting POSIX Message Queue File System...
systemd[1]: Mounting Kernel Debug File System...
systemd[1]: Mounting Kernel Trace File System...
systemd[1]: systemd-journald.service: unit configures an IP firewall, but the local system does not support BPF/cgroup firewalling.
systemd[1]: (This warning is only shown for the first unit using IP firewalling.)
systemd[1]: Starting Journal Service...
systemd[1]: Starting Set the console keyboard layout...
systemd[1]: Condition check resulted in Create List of Static Device Nodes being skipped.
systemd[1]: Starting Monitoring of LVM2 mirrors, snapshots etc. using dmeventd or progress polling...
systemd[1]: Condition check resulted in LXD - agent being skipped.
systemd[1]: Starting Load Kernel Module chromeos_pstore...
systemd[1]: Starting Load Kernel Module configfs...
systemd[1]: Starting Load Kernel Module drm...
systemd[1]: Starting Load Kernel Module efi_pstore...
systemd[1]: Starting Load Kernel Module fuse...
systemd[1]: Starting Load Kernel Module pstore_blk...
systemd[1]: Starting Load Kernel Module pstore_zone...
systemd[1]: Starting Load Kernel Module ramoops...
systemd[1]: Condition check resulted in OpenVSwitch configuration for cleanup being skipped.
systemd[1]: Condition check resulted in File System Check on Root Device being skipped.
systemd[1]: Starting Load Kernel Modules...
systemd[1]: Starting Remount Root and Kernel File Systems...
systemd[1]: Starting Coldplug All udev Devices...
systemd[1]: Mounted Huge Pages File System.
systemd[1]: Mounted POSIX Message Queue File System.
systemd[1]: Mounted Kernel Debug File System.
systemd[1]: Mounted Kernel Trace File System.
systemd[1]: modprobe@chromeos_pstore.service: Deactivated successfully.
systemd[1]: Finished Load Kernel Module chromeos_pstore.
systemd[1]: Started Journal Service.
EXT4-fs (dm-0): re-mounted c801b85f-71ef-4a8e-aa06-782ed226c86f. Quota mode: none.
Adding 4194300k swap on /swap.img.  Priority:-2 extents:5 across:11583484k 
systemd-journald[299]: Received client request to flush runtime journal.
journal-offline (345) used greatest stack depth: 12720 bytes left
loop0: detected capacity change from 0 to 126896
loop0: detected capacity change from 0 to 163736
loop0: detected capacity change from 0 to 96176
EXT4-fs (sda2): mounted filesystem 284e2072-437f-4e40-bd3e-7c8f48fa4e3b with ordered data mode. Quota mode: none.
e1000: enp0s3 NIC Link is Up 1000 Mbps Full Duplex, Flow Control: RX
IPv6: ADDRCONF(NETDEV_CHANGE): enp0s3: link becomes ready
loop0: detected capacity change from 0 to 8
