Jan  8 19:59:58 little-penguin-1 kernel: [    0.000000] Linux version 5.15.0-57-generic (buildd@lcy02-amd64-110) (gcc (Ubuntu 11.3.0-1ubuntu1~22.04) 11.3.0, GNU ld (GNU Binutils for Ubuntu) 2.38) #63-Ubuntu SMP Thu Nov 24 13:43:17 UTC 2022 (Ubuntu 5.15.0-57.63-generic 5.15.74)
Jan  8 19:59:58 little-penguin-1 kernel: [    0.000000] Command line: BOOT_IMAGE=/vmlinuz-5.15.0-57-generic root=/dev/mapper/ubuntu--vg-ubuntu--lv ro
Jan  8 19:59:58 little-penguin-1 kernel: [    0.000000] KERNEL supported cpus:
Jan  8 19:59:58 little-penguin-1 kernel: [    0.000000]   Intel GenuineIntel
Jan  8 19:59:58 little-penguin-1 kernel: [    0.000000]   AMD AuthenticAMD
Jan  8 19:59:58 little-penguin-1 kernel: [    0.000000]   Hygon HygonGenuine
Jan  8 19:59:58 little-penguin-1 kernel: [    0.000000]   Centaur CentaurHauls
Jan  8 19:59:58 little-penguin-1 kernel: [    0.000000]   zhaoxin   Shanghai  
Jan  8 19:59:58 little-penguin-1 kernel: [    0.000000] x86/fpu: Supporting XSAVE feature 0x001: 'x87 floating point registers'
Jan  8 19:59:58 little-penguin-1 kernel: [    0.000000] x86/fpu: Supporting XSAVE feature 0x002: 'SSE registers'
Jan  8 19:59:58 little-penguin-1 kernel: [    0.000000] x86/fpu: Supporting XSAVE feature 0x004: 'AVX registers'
Jan  8 19:59:58 little-penguin-1 kernel: [    0.000000] x86/fpu: xstate_offset[2]:  576, xstate_sizes[2]:  256
Jan  8 19:59:58 little-penguin-1 kernel: [    0.000000] x86/fpu: Enabled xstate features 0x7, context size is 832 bytes, using 'standard' format.
Jan  8 19:59:58 little-penguin-1 kernel: [    0.000000] signal: max sigframe size: 1776
Jan  8 19:59:58 little-penguin-1 kernel: [    0.000000] BIOS-provided physical RAM map:
Jan  8 19:59:58 little-penguin-1 kernel: [    0.000000] BIOS-e820: [mem 0x0000000000000000-0x000000000009fbff] usable
Jan  8 19:59:58 little-penguin-1 kernel: [    0.000000] BIOS-e820: [mem 0x000000000009fc00-0x000000000009ffff] reserved
Jan  8 19:59:58 little-penguin-1 kernel: [    0.000000] BIOS-e820: [mem 0x00000000000f0000-0x00000000000fffff] reserved
Jan  8 19:59:58 little-penguin-1 kernel: [    0.000000] BIOS-e820: [mem 0x0000000000100000-0x00000000dffeffff] usable
Jan  8 19:59:58 little-penguin-1 kernel: [    0.000000] BIOS-e820: [mem 0x00000000dfff0000-0x00000000dfffffff] ACPI data
Jan  8 19:59:58 little-penguin-1 kernel: [    0.000000] BIOS-e820: [mem 0x00000000fec00000-0x00000000fec00fff] reserved
Jan  8 19:59:58 little-penguin-1 kernel: [    0.000000] BIOS-e820: [mem 0x00000000fee00000-0x00000000fee00fff] reserved
Jan  8 19:59:58 little-penguin-1 kernel: [    0.000000] BIOS-e820: [mem 0x00000000fffc0000-0x00000000ffffffff] reserved
Jan  8 19:59:58 little-penguin-1 kernel: [    0.000000] BIOS-e820: [mem 0x0000000100000000-0x000000021fffffff] usable
Jan  8 19:59:58 little-penguin-1 kernel: [    0.000000] NX (Execute Disable) protection: active
Jan  8 19:59:58 little-penguin-1 kernel: [    0.000000] SMBIOS 2.5 present.
Jan  8 19:59:58 little-penguin-1 kernel: [    0.000000] DMI: innotek GmbH VirtualBox/VirtualBox, BIOS VirtualBox 12/01/2006
Jan  8 19:59:58 little-penguin-1 kernel: [    0.000000] Hypervisor detected: KVM
Jan  8 19:59:58 little-penguin-1 kernel: [    0.000000] kvm-clock: Using msrs 4b564d01 and 4b564d00
Jan  8 19:59:58 little-penguin-1 kernel: [    0.000000] kvm-clock: cpu 0, msr 1b0801001, primary cpu clock
Jan  8 19:59:58 little-penguin-1 kernel: [    0.000001] kvm-clock: using sched offset of 4678341362 cycles
Jan  8 19:59:58 little-penguin-1 kernel: [    0.000016] clocksource: kvm-clock: mask: 0xffffffffffffffff max_cycles: 0x1cd42e4dffb, max_idle_ns: 881590591483 ns
Jan  8 19:59:58 little-penguin-1 kernel: [    0.000019] tsc: Detected 2903.998 MHz processor
Jan  8 19:59:58 little-penguin-1 kernel: [    0.001860] e820: update [mem 0x00000000-0x00000fff] usable ==> reserved
Jan  8 19:59:58 little-penguin-1 kernel: [    0.001865] e820: remove [mem 0x000a0000-0x000fffff] usable
Jan  8 19:59:58 little-penguin-1 kernel: [    0.001871] last_pfn = 0x220000 max_arch_pfn = 0x400000000
Jan  8 19:59:58 little-penguin-1 kernel: [    0.001882] Disabled
Jan  8 19:59:58 little-penguin-1 kernel: [    0.001883] x86/PAT: MTRRs disabled, skipping PAT initialization too.
Jan  8 19:59:58 little-penguin-1 kernel: [    0.001886] CPU MTRRs all blank - virtualized system.
Jan  8 19:59:58 little-penguin-1 kernel: [    0.001889] x86/PAT: Configuration [0-7]: WB  WT  UC- UC  WB  WT  UC- UC  
Jan  8 19:59:58 little-penguin-1 kernel: [    0.001894] last_pfn = 0xdfff0 max_arch_pfn = 0x400000000
Jan  8 19:59:58 little-penguin-1 kernel: [    0.001934] found SMP MP-table at [mem 0x0009fff0-0x0009ffff]
Jan  8 19:59:58 little-penguin-1 kernel: [    0.002524] RAMDISK: [mem 0x2b349000-0x3199bfff]
Jan  8 19:59:58 little-penguin-1 kernel: [    0.002531] ACPI: Early table checksum verification disabled
Jan  8 19:59:58 little-penguin-1 kernel: [    0.002535] ACPI: RSDP 0x00000000000E0000 000024 (v02 VBOX  )
Jan  8 19:59:58 little-penguin-1 kernel: [    0.002540] ACPI: XSDT 0x00000000DFFF0030 00003C (v01 VBOX   VBOXXSDT 00000001 ASL  00000061)
Jan  8 19:59:58 little-penguin-1 kernel: [    0.002545] ACPI: FACP 0x00000000DFFF00F0 0000F4 (v04 VBOX   VBOXFACP 00000001 ASL  00000061)
Jan  8 19:59:58 little-penguin-1 kernel: [    0.002552] ACPI: DSDT 0x00000000DFFF0620 002353 (v02 VBOX   VBOXBIOS 00000002 INTL 20190509)
Jan  8 19:59:58 little-penguin-1 kernel: [    0.002556] ACPI: FACS 0x00000000DFFF0200 000040
Jan  8 19:59:58 little-penguin-1 kernel: [    0.002560] ACPI: FACS 0x00000000DFFF0200 000040
Jan  8 19:59:58 little-penguin-1 kernel: [    0.002564] ACPI: APIC 0x00000000DFFF0240 00006C (v02 VBOX   VBOXAPIC 00000001 ASL  00000061)
Jan  8 19:59:58 little-penguin-1 kernel: [    0.002568] ACPI: SSDT 0x00000000DFFF02B0 00036C (v01 VBOX   VBOXCPUT 00000002 INTL 20190509)
Jan  8 19:59:58 little-penguin-1 kernel: [    0.002571] ACPI: Reserving FACP table memory at [mem 0xdfff00f0-0xdfff01e3]
Jan  8 19:59:58 little-penguin-1 kernel: [    0.002573] ACPI: Reserving DSDT table memory at [mem 0xdfff0620-0xdfff2972]
Jan  8 19:59:58 little-penguin-1 kernel: [    0.002575] ACPI: Reserving FACS table memory at [mem 0xdfff0200-0xdfff023f]
Jan  8 19:59:58 little-penguin-1 kernel: [    0.002576] ACPI: Reserving FACS table memory at [mem 0xdfff0200-0xdfff023f]
Jan  8 19:59:58 little-penguin-1 kernel: [    0.002577] ACPI: Reserving APIC table memory at [mem 0xdfff0240-0xdfff02ab]
Jan  8 19:59:58 little-penguin-1 kernel: [    0.002579] ACPI: Reserving SSDT table memory at [mem 0xdfff02b0-0xdfff061b]
Jan  8 19:59:58 little-penguin-1 kernel: [    0.002904] No NUMA configuration found
Jan  8 19:59:58 little-penguin-1 kernel: [    0.002906] Faking a node at [mem 0x0000000000000000-0x000000021fffffff]
Jan  8 19:59:58 little-penguin-1 kernel: [    0.002913] NODE_DATA(0) allocated [mem 0x21ffd2000-0x21fffbfff]
Jan  8 19:59:58 little-penguin-1 kernel: [    0.003314] Zone ranges:
Jan  8 19:59:58 little-penguin-1 kernel: [    0.003315]   DMA      [mem 0x0000000000001000-0x0000000000ffffff]
Jan  8 19:59:58 little-penguin-1 kernel: [    0.003318]   DMA32    [mem 0x0000000001000000-0x00000000ffffffff]
Jan  8 19:59:58 little-penguin-1 kernel: [    0.003320]   Normal   [mem 0x0000000100000000-0x000000021fffffff]
Jan  8 19:59:58 little-penguin-1 kernel: [    0.003322]   Device   empty
Jan  8 19:59:58 little-penguin-1 kernel: [    0.003324] Movable zone start for each node
Jan  8 19:59:58 little-penguin-1 kernel: [    0.003326] Early memory node ranges
Jan  8 19:59:58 little-penguin-1 kernel: [    0.003327]   node   0: [mem 0x0000000000001000-0x000000000009efff]
Jan  8 19:59:58 little-penguin-1 kernel: [    0.003329]   node   0: [mem 0x0000000000100000-0x00000000dffeffff]
Jan  8 19:59:58 little-penguin-1 kernel: [    0.003331]   node   0: [mem 0x0000000100000000-0x000000021fffffff]
Jan  8 19:59:58 little-penguin-1 kernel: [    0.003333] Initmem setup node 0 [mem 0x0000000000001000-0x000000021fffffff]
Jan  8 19:59:58 little-penguin-1 kernel: [    0.003340] On node 0, zone DMA: 1 pages in unavailable ranges
Jan  8 19:59:58 little-penguin-1 kernel: [    0.003374] On node 0, zone DMA: 97 pages in unavailable ranges
Jan  8 19:59:58 little-penguin-1 kernel: [    0.021814] On node 0, zone Normal: 16 pages in unavailable ranges
Jan  8 19:59:58 little-penguin-1 kernel: [    0.022133] ACPI: PM-Timer IO Port: 0x4008
Jan  8 19:59:58 little-penguin-1 kernel: [    0.022188] IOAPIC[0]: apic_id 4, version 32, address 0xfec00000, GSI 0-23
Jan  8 19:59:58 little-penguin-1 kernel: [    0.022191] ACPI: INT_SRC_OVR (bus 0 bus_irq 0 global_irq 2 dfl dfl)
Jan  8 19:59:58 little-penguin-1 kernel: [    0.022193] ACPI: INT_SRC_OVR (bus 0 bus_irq 9 global_irq 9 low level)
Jan  8 19:59:58 little-penguin-1 kernel: [    0.022197] ACPI: Using ACPI (MADT) for SMP configuration information
Jan  8 19:59:58 little-penguin-1 kernel: [    0.022203] smpboot: Allowing 4 CPUs, 0 hotplug CPUs
Jan  8 19:59:58 little-penguin-1 kernel: [    0.022218] PM: hibernation: Registered nosave memory: [mem 0x00000000-0x00000fff]
Jan  8 19:59:58 little-penguin-1 kernel: [    0.022220] PM: hibernation: Registered nosave memory: [mem 0x0009f000-0x0009ffff]
Jan  8 19:59:58 little-penguin-1 kernel: [    0.022222] PM: hibernation: Registered nosave memory: [mem 0x000a0000-0x000effff]
Jan  8 19:59:58 little-penguin-1 kernel: [    0.022223] PM: hibernation: Registered nosave memory: [mem 0x000f0000-0x000fffff]
Jan  8 19:59:58 little-penguin-1 kernel: [    0.022225] PM: hibernation: Registered nosave memory: [mem 0xdfff0000-0xdfffffff]
Jan  8 19:59:58 little-penguin-1 kernel: [    0.022226] PM: hibernation: Registered nosave memory: [mem 0xe0000000-0xfebfffff]
Jan  8 19:59:58 little-penguin-1 kernel: [    0.022228] PM: hibernation: Registered nosave memory: [mem 0xfec00000-0xfec00fff]
Jan  8 19:59:58 little-penguin-1 kernel: [    0.022229] PM: hibernation: Registered nosave memory: [mem 0xfec01000-0xfedfffff]
Jan  8 19:59:58 little-penguin-1 kernel: [    0.022230] PM: hibernation: Registered nosave memory: [mem 0xfee00000-0xfee00fff]
Jan  8 19:59:58 little-penguin-1 kernel: [    0.022231] PM: hibernation: Registered nosave memory: [mem 0xfee01000-0xfffbffff]
Jan  8 19:59:58 little-penguin-1 kernel: [    0.022232] PM: hibernation: Registered nosave memory: [mem 0xfffc0000-0xffffffff]
Jan  8 19:59:58 little-penguin-1 kernel: [    0.022234] [mem 0xe0000000-0xfebfffff] available for PCI devices
Jan  8 19:59:58 little-penguin-1 kernel: [    0.022236] Booting paravirtualized kernel on KVM
Jan  8 19:59:58 little-penguin-1 kernel: [    0.022238] clocksource: refined-jiffies: mask: 0xffffffff max_cycles: 0xffffffff, max_idle_ns: 7645519600211568 ns
Jan  8 19:59:58 little-penguin-1 kernel: [    0.022243] setup_percpu: NR_CPUS:8192 nr_cpumask_bits:4 nr_cpu_ids:4 nr_node_ids:1
Jan  8 19:59:58 little-penguin-1 kernel: [    0.022339] percpu: Embedded 60 pages/cpu s208896 r8192 d28672 u524288
Jan  8 19:59:58 little-penguin-1 kernel: [    0.022344] pcpu-alloc: s208896 r8192 d28672 u524288 alloc=1*2097152
Jan  8 19:59:58 little-penguin-1 kernel: [    0.022347] pcpu-alloc: [0] 0 1 2 3 
Jan  8 19:59:58 little-penguin-1 kernel: [    0.022369] kvm-guest: PV spinlocks enabled
Jan  8 19:59:58 little-penguin-1 kernel: [    0.022372] PV qspinlock hash table entries: 256 (order: 0, 4096 bytes, linear)
Jan  8 19:59:58 little-penguin-1 kernel: [    0.022378] Built 1 zonelists, mobility grouping on.  Total pages: 2064112
Jan  8 19:59:58 little-penguin-1 kernel: [    0.022380] Policy zone: Normal
Jan  8 19:59:58 little-penguin-1 kernel: [    0.022381] Kernel command line: BOOT_IMAGE=/vmlinuz-5.15.0-57-generic root=/dev/mapper/ubuntu--vg-ubuntu--lv ro
Jan  8 19:59:58 little-penguin-1 kernel: [    0.022415] Unknown kernel command line parameters "BOOT_IMAGE=/vmlinuz-5.15.0-57-generic", will be passed to user space.
Jan  8 19:59:58 little-penguin-1 kernel: [    0.022672] Dentry cache hash table entries: 1048576 (order: 11, 8388608 bytes, linear)
Jan  8 19:59:58 little-penguin-1 kernel: [    0.022829] Inode-cache hash table entries: 524288 (order: 10, 4194304 bytes, linear)
Jan  8 19:59:58 little-penguin-1 kernel: [    0.022899] mem auto-init: stack:off, heap alloc:on, heap free:off
Jan  8 19:59:58 little-penguin-1 kernel: [    0.045680] Memory: 8026492K/8388152K available (16393K kernel code, 4378K rwdata, 10812K rodata, 3232K init, 6568K bss, 361400K reserved, 0K cma-reserved)
Jan  8 19:59:58 little-penguin-1 kernel: [    0.046671] SLUB: HWalign=64, Order=0-3, MinObjects=0, CPUs=4, Nodes=1
Jan  8 19:59:58 little-penguin-1 kernel: [    0.046712] Kernel/User page tables isolation: enabled
Jan  8 19:59:58 little-penguin-1 kernel: [    0.046731] ftrace: allocating 50532 entries in 198 pages
Jan  8 19:59:58 little-penguin-1 kernel: [    0.071385] ftrace: allocated 198 pages with 4 groups
Jan  8 19:59:58 little-penguin-1 kernel: [    0.071548] rcu: Hierarchical RCU implementation.
Jan  8 19:59:58 little-penguin-1 kernel: [    0.071550] rcu: 	RCU restricting CPUs from NR_CPUS=8192 to nr_cpu_ids=4.
Jan  8 19:59:58 little-penguin-1 kernel: [    0.071552] 	Rude variant of Tasks RCU enabled.
Jan  8 19:59:58 little-penguin-1 kernel: [    0.071553] 	Tracing variant of Tasks RCU enabled.
Jan  8 19:59:58 little-penguin-1 kernel: [    0.071554] rcu: RCU calculated value of scheduler-enlistment delay is 25 jiffies.
Jan  8 19:59:58 little-penguin-1 kernel: [    0.071555] rcu: Adjusting geometry for rcu_fanout_leaf=16, nr_cpu_ids=4
Jan  8 19:59:58 little-penguin-1 kernel: [    0.076823] NR_IRQS: 524544, nr_irqs: 456, preallocated irqs: 16
Jan  8 19:59:58 little-penguin-1 kernel: [    0.077250] random: crng init done
Jan  8 19:59:58 little-penguin-1 kernel: [    0.089268] Console: colour VGA+ 80x25
Jan  8 19:59:58 little-penguin-1 kernel: [    0.134431] printk: console [tty0] enabled
Jan  8 19:59:58 little-penguin-1 kernel: [    0.134715] ACPI: Core revision 20210730
Jan  8 19:59:58 little-penguin-1 kernel: [    0.135058] APIC: Switch to symmetric I/O mode setup
Jan  8 19:59:58 little-penguin-1 kernel: [    0.135765] x2apic enabled
Jan  8 19:59:58 little-penguin-1 kernel: [    0.136342] Switched APIC routing to physical x2apic.
Jan  8 19:59:58 little-penguin-1 kernel: [    0.138114] ..TIMER: vector=0x30 apic1=0 pin1=2 apic2=-1 pin2=-1
Jan  8 19:59:58 little-penguin-1 kernel: [    0.138476] clocksource: tsc-early: mask: 0xffffffffffffffff max_cycles: 0x29dc03c1beb, max_idle_ns: 440795205215 ns
Jan  8 19:59:58 little-penguin-1 kernel: [    0.139161] Calibrating delay loop (skipped) preset value.. 5807.99 BogoMIPS (lpj=11615992)
Jan  8 19:59:58 little-penguin-1 kernel: [    0.139666] pid_max: default: 32768 minimum: 301
Jan  8 19:59:58 little-penguin-1 kernel: [    0.140021] LSM: Security Framework initializing
Jan  8 19:59:58 little-penguin-1 kernel: [    0.140329] landlock: Up and running.
Jan  8 19:59:58 little-penguin-1 kernel: [    0.140594] Yama: becoming mindful.
Jan  8 19:59:58 little-penguin-1 kernel: [    0.140983] AppArmor: AppArmor initialized
Jan  8 19:59:58 little-penguin-1 kernel: [    0.141298] Mount-cache hash table entries: 16384 (order: 5, 131072 bytes, linear)
Jan  8 19:59:58 little-penguin-1 kernel: [    0.141811] Mountpoint-cache hash table entries: 16384 (order: 5, 131072 bytes, linear)
Jan  8 19:59:58 little-penguin-1 kernel: [    0.142732] Last level iTLB entries: 4KB 64, 2MB 8, 4MB 8
Jan  8 19:59:58 little-penguin-1 kernel: [    0.143048] Last level dTLB entries: 4KB 64, 2MB 0, 4MB 0, 1GB 4
Jan  8 19:59:58 little-penguin-1 kernel: [    0.143157] Spectre V1 : Mitigation: usercopy/swapgs barriers and __user pointer sanitization
Jan  8 19:59:58 little-penguin-1 kernel: [    0.143157] Spectre V2 : Mitigation: Retpolines
Jan  8 19:59:58 little-penguin-1 kernel: [    0.143157] Spectre V2 : Spectre v2 / SpectreRSB mitigation: Filling RSB on context switch
Jan  8 19:59:58 little-penguin-1 kernel: [    0.143157] Spectre V2 : Spectre v2 / SpectreRSB : Filling RSB on VMEXIT
Jan  8 19:59:58 little-penguin-1 kernel: [    0.143157] RETBleed: WARNING: Spectre v2 mitigation leaves CPU vulnerable to RETBleed attacks, data leaks possible!
Jan  8 19:59:58 little-penguin-1 kernel: [    0.143157] RETBleed: Vulnerable
Jan  8 19:59:58 little-penguin-1 kernel: [    0.143157] Speculative Store Bypass: Vulnerable
Jan  8 19:59:58 little-penguin-1 kernel: [    0.143157] MDS: Mitigation: Clear CPU buffers
Jan  8 19:59:58 little-penguin-1 kernel: [    0.143157] MMIO Stale Data: Mitigation: Clear CPU buffers
Jan  8 19:59:58 little-penguin-1 kernel: [    0.143157] SRBDS: Unknown: Dependent on hypervisor status
Jan  8 19:59:58 little-penguin-1 kernel: [    0.161949] Freeing SMP alternatives memory: 40K
Jan  8 19:59:58 little-penguin-1 kernel: [    0.279899] smpboot: CPU0: Intel(R) Core(TM) i7-7820HQ CPU @ 2.90GHz (family: 0x6, model: 0x9e, stepping: 0x9)
Jan  8 19:59:58 little-penguin-1 kernel: [    0.280607] Performance Events: unsupported p6 CPU model 158 no PMU driver, software events only.
Jan  8 19:59:58 little-penguin-1 kernel: [    0.281158] rcu: Hierarchical SRCU implementation.
Jan  8 19:59:58 little-penguin-1 kernel: [    0.281811] NMI watchdog: Perf NMI watchdog permanently disabled
Jan  8 19:59:58 little-penguin-1 kernel: [    0.282199] smp: Bringing up secondary CPUs ...
Jan  8 19:59:58 little-penguin-1 kernel: [    0.282554] x86: Booting SMP configuration:
Jan  8 19:59:58 little-penguin-1 kernel: [    0.282824] .... node  #0, CPUs:      #1
Jan  8 19:59:58 little-penguin-1 kernel: [    0.065946] kvm-clock: cpu 1, msr 1b0801041, secondary cpu clock
Jan  8 19:59:58 little-penguin-1 kernel: [    0.283255]  #2
Jan  8 19:59:58 little-penguin-1 kernel: [    0.065946] kvm-clock: cpu 2, msr 1b0801081, secondary cpu clock
Jan  8 19:59:58 little-penguin-1 kernel: [    0.287255]  #3
Jan  8 19:59:58 little-penguin-1 kernel: [    0.065946] kvm-clock: cpu 3, msr 1b08010c1, secondary cpu clock
Jan  8 19:59:58 little-penguin-1 kernel: [    0.290438] smp: Brought up 1 node, 4 CPUs
Jan  8 19:59:58 little-penguin-1 kernel: [    0.291822] smpboot: Max logical packages: 1
Jan  8 19:59:58 little-penguin-1 kernel: [    0.292108] smpboot: Total of 4 processors activated (23231.98 BogoMIPS)
Jan  8 19:59:58 little-penguin-1 kernel: [    0.292796] devtmpfs: initialized
Jan  8 19:59:58 little-penguin-1 kernel: [    0.292796] x86/mm: Memory block size: 128MB
Jan  8 19:59:58 little-penguin-1 kernel: [    0.295302] clocksource: jiffies: mask: 0xffffffff max_cycles: 0xffffffff, max_idle_ns: 7645041785100000 ns
Jan  8 19:59:58 little-penguin-1 kernel: [    0.295853] futex hash table entries: 1024 (order: 4, 65536 bytes, linear)
Jan  8 19:59:58 little-penguin-1 kernel: [    0.296310] pinctrl core: initialized pinctrl subsystem
Jan  8 19:59:58 little-penguin-1 kernel: [    0.296721] PM: RTC time: 19:59:48, date: 2023-01-08
Jan  8 19:59:58 little-penguin-1 kernel: [    0.297206] NET: Registered PF_NETLINK/PF_ROUTE protocol family
Jan  8 19:59:58 little-penguin-1 kernel: [    0.297679] DMA: preallocated 1024 KiB GFP_KERNEL pool for atomic allocations
Jan  8 19:59:58 little-penguin-1 kernel: [    0.298164] DMA: preallocated 1024 KiB GFP_KERNEL|GFP_DMA pool for atomic allocations
Jan  8 19:59:58 little-penguin-1 kernel: [    0.298847] DMA: preallocated 1024 KiB GFP_KERNEL|GFP_DMA32 pool for atomic allocations
Jan  8 19:59:58 little-penguin-1 kernel: [    0.299173] audit: initializing netlink subsys (disabled)
Jan  8 19:59:58 little-penguin-1 kernel: [    0.299508] audit: type=2000 audit(1673207993.437:1): state=initialized audit_enabled=0 res=1
Jan  8 19:59:58 little-penguin-1 kernel: [    0.299508] thermal_sys: Registered thermal governor 'fair_share'
Jan  8 19:59:58 little-penguin-1 kernel: [    0.299775] thermal_sys: Registered thermal governor 'bang_bang'
Jan  8 19:59:58 little-penguin-1 kernel: [    0.300134] thermal_sys: Registered thermal governor 'step_wise'
Jan  8 19:59:58 little-penguin-1 kernel: [    0.300465] thermal_sys: Registered thermal governor 'user_space'
Jan  8 19:59:58 little-penguin-1 kernel: [    0.300797] thermal_sys: Registered thermal governor 'power_allocator'
Jan  8 19:59:58 little-penguin-1 kernel: [    0.301138] EISA bus registered
Jan  8 19:59:58 little-penguin-1 kernel: [    0.301788] cpuidle: using governor ladder
Jan  8 19:59:58 little-penguin-1 kernel: [    0.302056] cpuidle: using governor menu
Jan  8 19:59:58 little-penguin-1 kernel: [    0.302375] ACPI: bus type PCI registered
Jan  8 19:59:58 little-penguin-1 kernel: [    0.303160] acpiphp: ACPI Hot Plug PCI Controller Driver version: 0.5
Jan  8 19:59:58 little-penguin-1 kernel: [    0.303656] PCI: Using configuration type 1 for base access
Jan  8 19:59:58 little-penguin-1 kernel: [    0.305430] Kprobes globally optimized
Jan  8 19:59:58 little-penguin-1 kernel: [    0.305704] HugeTLB registered 2.00 MiB page size, pre-allocated 0 pages
Jan  8 19:59:58 little-penguin-1 kernel: [    0.307250] ACPI: Added _OSI(Module Device)
Jan  8 19:59:58 little-penguin-1 kernel: [    0.307543] ACPI: Added _OSI(Processor Device)
Jan  8 19:59:58 little-penguin-1 kernel: [    0.307890] ACPI: Added _OSI(3.0 _SCP Extensions)
Jan  8 19:59:58 little-penguin-1 kernel: [    0.308177] ACPI: Added _OSI(Processor Aggregator Device)
Jan  8 19:59:58 little-penguin-1 kernel: [    0.308489] ACPI: Added _OSI(Linux-Dell-Video)
Jan  8 19:59:58 little-penguin-1 kernel: [    0.308800] ACPI: Added _OSI(Linux-Lenovo-NV-HDMI-Audio)
Jan  8 19:59:58 little-penguin-1 kernel: [    0.311160] ACPI: Added _OSI(Linux-HPI-Hybrid-Graphics)
Jan  8 19:59:58 little-penguin-1 kernel: [    0.314533] ACPI: 2 ACPI AML tables successfully acquired and loaded
Jan  8 19:59:58 little-penguin-1 kernel: [    0.317140] ACPI: Interpreter enabled
Jan  8 19:59:58 little-penguin-1 kernel: [    0.317404] ACPI: PM: (supports S0 S5)
Jan  8 19:59:58 little-penguin-1 kernel: [    0.317698] ACPI: Using IOAPIC for interrupt routing
Jan  8 19:59:58 little-penguin-1 kernel: [    0.318383] PCI: Using host bridge windows from ACPI; if necessary, use "pci=nocrs" and report a bug
Jan  8 19:59:58 little-penguin-1 kernel: [    0.319159] PCI: Using E820 reservations for host bridge windows
Jan  8 19:59:58 little-penguin-1 kernel: [    0.319611] ACPI: Enabled 2 GPEs in block 00 to 07
Jan  8 19:59:58 little-penguin-1 kernel: [    0.326357] ACPI: PCI Root Bridge [PCI0] (domain 0000 [bus 00-ff])
Jan  8 19:59:58 little-penguin-1 kernel: [    0.326723] acpi PNP0A03:00: _OSC: OS supports [ASPM ClockPM Segments MSI EDR HPX-Type3]
Jan  8 19:59:58 little-penguin-1 kernel: [    0.327920] acpi PNP0A03:00: _OSC: not requesting OS control; OS requires [ExtendedConfig ASPM ClockPM MSI]
Jan  8 19:59:58 little-penguin-1 kernel: [    0.328609] acpi PNP0A03:00: fail to add MMCONFIG information, can't access extended PCI configuration space under this bridge.
Jan  8 19:59:58 little-penguin-1 kernel: [    0.329599] PCI host bridge to bus 0000:00
Jan  8 19:59:58 little-penguin-1 kernel: [    0.329947] pci_bus 0000:00: root bus resource [bus 00-ff]
Jan  8 19:59:58 little-penguin-1 kernel: [    0.330280] pci_bus 0000:00: root bus resource [io  0x0000-0x0cf7 window]
Jan  8 19:59:58 little-penguin-1 kernel: [    0.330660] pci_bus 0000:00: root bus resource [io  0x0d00-0xffff window]
Jan  8 19:59:58 little-penguin-1 kernel: [    0.331040] pci_bus 0000:00: root bus resource [mem 0x000a0000-0x000bffff window]
Jan  8 19:59:58 little-penguin-1 kernel: [    0.331159] pci_bus 0000:00: root bus resource [mem 0xe0000000-0xfdffffff window]
Jan  8 19:59:58 little-penguin-1 kernel: [    0.332259] pci 0000:00:00.0: [8086:1237] type 00 class 0x060000
Jan  8 19:59:58 little-penguin-1 kernel: [    0.333521] pci 0000:00:01.0: [8086:7000] type 00 class 0x060100
Jan  8 19:59:58 little-penguin-1 kernel: [    0.334461] pci 0000:00:01.1: [8086:7111] type 00 class 0x01018a
Jan  8 19:59:58 little-penguin-1 kernel: [    0.335299] pci 0000:00:01.1: reg 0x20: [io  0xd000-0xd00f]
Jan  8 19:59:58 little-penguin-1 kernel: [    0.335744] pci 0000:00:01.1: legacy IDE quirk: reg 0x10: [io  0x01f0-0x01f7]
Jan  8 19:59:58 little-penguin-1 kernel: [    0.336137] pci 0000:00:01.1: legacy IDE quirk: reg 0x14: [io  0x03f6]
Jan  8 19:59:58 little-penguin-1 kernel: [    0.336538] pci 0000:00:01.1: legacy IDE quirk: reg 0x18: [io  0x0170-0x0177]
Jan  8 19:59:58 little-penguin-1 kernel: [    0.336930] pci 0000:00:01.1: legacy IDE quirk: reg 0x1c: [io  0x0376]
Jan  8 19:59:58 little-penguin-1 kernel: [    0.338005] pci 0000:00:02.0: [15ad:0405] type 00 class 0x030000
Jan  8 19:59:58 little-penguin-1 kernel: [    0.339412] pci 0000:00:02.0: reg 0x10: [io  0xd010-0xd01f]
Jan  8 19:59:58 little-penguin-1 kernel: [    0.343369] pci 0000:00:02.0: reg 0x14: [mem 0xe0000000-0xe0ffffff pref]
Jan  8 19:59:58 little-penguin-1 kernel: [    0.347164] pci 0000:00:02.0: reg 0x18: [mem 0xf0000000-0xf01fffff]
Jan  8 19:59:58 little-penguin-1 kernel: [    0.358441] pci 0000:00:02.0: Video device with shadowed ROM at [mem 0x000c0000-0x000dffff]
Jan  8 19:59:58 little-penguin-1 kernel: [    0.359157] pci 0000:00:03.0: [8086:100e] type 00 class 0x020000
Jan  8 19:59:58 little-penguin-1 kernel: [    0.359290] pci 0000:00:03.0: reg 0x10: [mem 0xf0200000-0xf021ffff]
Jan  8 19:59:58 little-penguin-1 kernel: [    0.367227] pci 0000:00:03.0: reg 0x18: [io  0xd020-0xd027]
Jan  8 19:59:58 little-penguin-1 kernel: [    0.382838] pci 0000:00:04.0: [80ee:cafe] type 00 class 0x088000
Jan  8 19:59:58 little-penguin-1 kernel: [    0.383218] pci 0000:00:04.0: reg 0x10: [io  0xd040-0xd05f]
Jan  8 19:59:58 little-penguin-1 kernel: [    0.387216] pci 0000:00:04.0: reg 0x14: [mem 0xf0400000-0xf07fffff]
Jan  8 19:59:58 little-penguin-1 kernel: [    0.391213] pci 0000:00:04.0: reg 0x18: [mem 0xf0800000-0xf0803fff pref]
Jan  8 19:59:58 little-penguin-1 kernel: [    0.403897] pci 0000:00:05.0: [8086:2415] type 00 class 0x040100
Jan  8 19:59:58 little-penguin-1 kernel: [    0.404414] pci 0000:00:05.0: reg 0x10: [io  0xd100-0xd1ff]
Jan  8 19:59:58 little-penguin-1 kernel: [    0.404803] pci 0000:00:05.0: reg 0x14: [io  0xd200-0xd23f]
Jan  8 19:59:58 little-penguin-1 kernel: [    0.408206] pci 0000:00:06.0: [106b:003f] type 00 class 0x0c0310
Jan  8 19:59:58 little-penguin-1 kernel: [    0.411248] pci 0000:00:06.0: reg 0x10: [mem 0xf0804000-0xf0804fff]
Jan  8 19:59:58 little-penguin-1 kernel: [    0.427871] pci 0000:00:07.0: [8086:7113] type 00 class 0x068000
Jan  8 19:59:58 little-penguin-1 kernel: [    0.428581] pci 0000:00:07.0: quirk: [io  0x4000-0x403f] claimed by PIIX4 ACPI
Jan  8 19:59:58 little-penguin-1 kernel: [    0.429080] pci 0000:00:07.0: quirk: [io  0x4100-0x410f] claimed by PIIX4 SMB
Jan  8 19:59:58 little-penguin-1 kernel: [    0.431552] pci 0000:00:0b.0: [8086:265c] type 00 class 0x0c0320
Jan  8 19:59:58 little-penguin-1 kernel: [    0.435229] pci 0000:00:0b.0: reg 0x10: [mem 0xf0805000-0xf0805fff]
Jan  8 19:59:58 little-penguin-1 kernel: [    0.456218] pci 0000:00:0d.0: [8086:2829] type 00 class 0x010601
Jan  8 19:59:58 little-penguin-1 kernel: [    0.459280] pci 0000:00:0d.0: reg 0x10: [io  0xd240-0xd247]
Jan  8 19:59:58 little-penguin-1 kernel: [    0.463234] pci 0000:00:0d.0: reg 0x14: [io  0xd248-0xd24b]
Jan  8 19:59:58 little-penguin-1 kernel: [    0.466420] pci 0000:00:0d.0: reg 0x18: [io  0xd250-0xd257]
Jan  8 19:59:58 little-penguin-1 kernel: [    0.467246] pci 0000:00:0d.0: reg 0x1c: [io  0xd258-0xd25b]
Jan  8 19:59:58 little-penguin-1 kernel: [    0.471234] pci 0000:00:0d.0: reg 0x20: [io  0xd260-0xd26f]
Jan  8 19:59:58 little-penguin-1 kernel: [    0.475242] pci 0000:00:0d.0: reg 0x24: [mem 0xf0806000-0xf0807fff]
Jan  8 19:59:58 little-penguin-1 kernel: [    0.486171] ACPI: PCI: Interrupt link LNKA configured for IRQ 11
Jan  8 19:59:58 little-penguin-1 kernel: [    0.486902] ACPI: PCI: Interrupt link LNKB configured for IRQ 10
Jan  8 19:59:58 little-penguin-1 kernel: [    0.487306] ACPI: PCI: Interrupt link LNKC configured for IRQ 9
Jan  8 19:59:58 little-penguin-1 kernel: [    0.487831] ACPI: PCI: Interrupt link LNKD configured for IRQ 11
Jan  8 19:59:58 little-penguin-1 kernel: [    0.488388] iommu: Default domain type: Translated 
Jan  8 19:59:58 little-penguin-1 kernel: [    0.488388] iommu: DMA domain TLB invalidation policy: lazy mode 
Jan  8 19:59:58 little-penguin-1 kernel: [    0.488388] SCSI subsystem initialized
Jan  8 19:59:58 little-penguin-1 kernel: [    0.491188] libata version 3.00 loaded.
Jan  8 19:59:58 little-penguin-1 kernel: [    0.491224] pci 0000:00:02.0: vgaarb: setting as boot VGA device
Jan  8 19:59:58 little-penguin-1 kernel: [    0.491537] pci 0000:00:02.0: vgaarb: VGA device added: decodes=io+mem,owns=io+mem,locks=none
Jan  8 19:59:58 little-penguin-1 kernel: [    0.492076] pci 0000:00:02.0: vgaarb: bridge control possible
Jan  8 19:59:58 little-penguin-1 kernel: [    0.492530] vgaarb: loaded
Jan  8 19:59:58 little-penguin-1 kernel: [    0.492780] ACPI: bus type USB registered
Jan  8 19:59:58 little-penguin-1 kernel: [    0.493151] usbcore: registered new interface driver usbfs
Jan  8 19:59:58 little-penguin-1 kernel: [    0.495167] usbcore: registered new interface driver hub
Jan  8 19:59:58 little-penguin-1 kernel: [    0.495612] usbcore: registered new device driver usb
Jan  8 19:59:58 little-penguin-1 kernel: [    0.495944] pps_core: LinuxPPS API ver. 1 registered
Jan  8 19:59:58 little-penguin-1 kernel: [    0.496256] pps_core: Software ver. 5.3.6 - Copyright 2005-2007 Rodolfo Giometti <giometti@linux.it>
Jan  8 19:59:58 little-penguin-1 kernel: [    0.496816] PTP clock support registered
Jan  8 19:59:58 little-penguin-1 kernel: [    0.497116] EDAC MC: Ver: 3.0.0
Jan  8 19:59:58 little-penguin-1 kernel: [    0.497116] NetLabel: Initializing
Jan  8 19:59:58 little-penguin-1 kernel: [    0.497116] NetLabel:  domain hash size = 128
Jan  8 19:59:58 little-penguin-1 kernel: [    0.499159] NetLabel:  protocols = UNLABELED CIPSOv4 CALIPSO
Jan  8 19:59:58 little-penguin-1 kernel: [    0.499546] NetLabel:  unlabeled traffic allowed by default
Jan  8 19:59:58 little-penguin-1 kernel: [    0.499895] PCI: Using ACPI for IRQ routing
Jan  8 19:59:58 little-penguin-1 kernel: [    0.499895] PCI: pci_cache_line_size set to 64 bytes
Jan  8 19:59:58 little-penguin-1 kernel: [    0.499895] e820: reserve RAM buffer [mem 0x0009fc00-0x0009ffff]
Jan  8 19:59:58 little-penguin-1 kernel: [    0.499895] e820: reserve RAM buffer [mem 0xdfff0000-0xdfffffff]
Jan  8 19:59:58 little-penguin-1 kernel: [    0.499895] clocksource: Switched to clocksource kvm-clock
Jan  8 19:59:58 little-penguin-1 kernel: [    0.509464] VFS: Disk quotas dquot_6.6.0
Jan  8 19:59:58 little-penguin-1 kernel: [    0.514022] VFS: Dquot-cache hash table entries: 512 (order 0, 4096 bytes)
Jan  8 19:59:58 little-penguin-1 kernel: [    0.514487] AppArmor: AppArmor Filesystem Enabled
Jan  8 19:59:58 little-penguin-1 kernel: [    0.514791] pnp: PnP ACPI init
Jan  8 19:59:58 little-penguin-1 kernel: [    0.515899] pnp: PnP ACPI: found 2 devices
Jan  8 19:59:58 little-penguin-1 kernel: [    0.524846] clocksource: acpi_pm: mask: 0xffffff max_cycles: 0xffffff, max_idle_ns: 2085701024 ns
Jan  8 19:59:58 little-penguin-1 kernel: [    0.525450] NET: Registered PF_INET protocol family
Jan  8 19:59:58 little-penguin-1 kernel: [    0.525904] IP idents hash table entries: 131072 (order: 8, 1048576 bytes, linear)
Jan  8 19:59:58 little-penguin-1 kernel: [    0.527515] tcp_listen_portaddr_hash hash table entries: 4096 (order: 4, 65536 bytes, linear)
Jan  8 19:59:58 little-penguin-1 kernel: [    0.527943] Table-perturb hash table entries: 65536 (order: 6, 262144 bytes, linear)
Jan  8 19:59:58 little-penguin-1 kernel: [    0.527943] TCP established hash table entries: 65536 (order: 7, 524288 bytes, linear)
Jan  8 19:59:58 little-penguin-1 kernel: [    0.527943] TCP bind hash table entries: 65536 (order: 8, 1048576 bytes, linear)
Jan  8 19:59:58 little-penguin-1 kernel: [    0.527943] TCP: Hash tables configured (established 65536 bind 65536)
Jan  8 19:59:58 little-penguin-1 kernel: [    0.527943] MPTCP token hash table entries: 8192 (order: 5, 196608 bytes, linear)
Jan  8 19:59:58 little-penguin-1 kernel: [    0.530853] UDP hash table entries: 4096 (order: 5, 131072 bytes, linear)
Jan  8 19:59:58 little-penguin-1 kernel: [    0.531279] UDP-Lite hash table entries: 4096 (order: 5, 131072 bytes, linear)
Jan  8 19:59:58 little-penguin-1 kernel: [    0.531806] NET: Registered PF_UNIX/PF_LOCAL protocol family
Jan  8 19:59:58 little-penguin-1 kernel: [    0.532148] NET: Registered PF_XDP protocol family
Jan  8 19:59:58 little-penguin-1 kernel: [    0.532524] pci_bus 0000:00: resource 4 [io  0x0000-0x0cf7 window]
Jan  8 19:59:58 little-penguin-1 kernel: [    0.532884] pci_bus 0000:00: resource 5 [io  0x0d00-0xffff window]
Jan  8 19:59:58 little-penguin-1 kernel: [    0.533241] pci_bus 0000:00: resource 6 [mem 0x000a0000-0x000bffff window]
Jan  8 19:59:58 little-penguin-1 kernel: [    0.533663] pci_bus 0000:00: resource 7 [mem 0xe0000000-0xfdffffff window]
Jan  8 19:59:58 little-penguin-1 kernel: [    0.534085] pci 0000:00:00.0: Limiting direct PCI/PCI transfers
Jan  8 19:59:58 little-penguin-1 kernel: [    0.534580] pci 0000:00:01.0: Activating ISA DMA hang workarounds
Jan  8 19:59:58 little-penguin-1 kernel: [    0.535251] PCI: CLS 0 bytes, default 64
Jan  8 19:59:58 little-penguin-1 kernel: [    0.535251] Trying to unpack rootfs image as initramfs...
Jan  8 19:59:58 little-penguin-1 kernel: [    0.785441] PCI-DMA: Using software bounce buffering for IO (SWIOTLB)
Jan  8 19:59:58 little-penguin-1 kernel: [    0.786180] software IO TLB: mapped [mem 0x00000000dbff0000-0x00000000dfff0000] (64MB)
Jan  8 19:59:58 little-penguin-1 kernel: [    0.786861] clocksource: tsc: mask: 0xffffffffffffffff max_cycles: 0x29dc03c1beb, max_idle_ns: 440795205215 ns
Jan  8 19:59:58 little-penguin-1 kernel: [    0.787638] clocksource: Switched to clocksource tsc
Jan  8 19:59:58 little-penguin-1 kernel: [    0.788007] platform rtc_cmos: registered platform RTC device (no PNP device found)
Jan  8 19:59:58 little-penguin-1 kernel: [    0.789304] Initialise system trusted keyrings
Jan  8 19:59:58 little-penguin-1 kernel: [    0.789611] Key type blacklist registered
Jan  8 19:59:58 little-penguin-1 kernel: [    0.790062] workingset: timestamp_bits=36 max_order=21 bucket_order=0
Jan  8 19:59:58 little-penguin-1 kernel: [    0.791690] zbud: loaded
Jan  8 19:59:58 little-penguin-1 kernel: [    0.792135] squashfs: version 4.0 (2009/01/31) Phillip Lougher
Jan  8 19:59:58 little-penguin-1 kernel: [    0.792780] fuse: init (API version 7.34)
Jan  8 19:59:58 little-penguin-1 kernel: [    0.793350] integrity: Platform Keyring initialized
Jan  8 19:59:58 little-penguin-1 kernel: [    0.800386] Key type asymmetric registered
Jan  8 19:59:58 little-penguin-1 kernel: [    0.800705] Asymmetric key parser 'x509' registered
Jan  8 19:59:58 little-penguin-1 kernel: [    0.801138] Block layer SCSI generic (bsg) driver version 0.4 loaded (major 243)
Jan  8 19:59:58 little-penguin-1 kernel: [    0.801723] io scheduler mq-deadline registered
Jan  8 19:59:58 little-penguin-1 kernel: [    0.802539] shpchp: Standard Hot Plug PCI Controller Driver version: 0.4
Jan  8 19:59:58 little-penguin-1 kernel: [    0.803076] ACPI: AC: AC Adapter [AC] (on-line)
Jan  8 19:59:58 little-penguin-1 kernel: [    0.803513] input: Power Button as /devices/LNXSYSTM:00/LNXPWRBN:00/input/input0
Jan  8 19:59:58 little-penguin-1 kernel: [    0.805597] ACPI: button: Power Button [PWRF]
Jan  8 19:59:58 little-penguin-1 kernel: [    0.805943] input: Sleep Button as /devices/LNXSYSTM:00/LNXSLPBN:00/input/input1
Jan  8 19:59:58 little-penguin-1 kernel: [    0.806543] ACPI: button: Sleep Button [SLPF]
Jan  8 19:59:58 little-penguin-1 kernel: [    0.807286] Serial: 8250/16550 driver, 32 ports, IRQ sharing enabled
Jan  8 19:59:58 little-penguin-1 kernel: [    0.808481] ACPI: battery: Slot [BAT0] (battery present)
Jan  8 19:59:58 little-penguin-1 kernel: [    0.810564] Linux agpgart interface v0.103
Jan  8 19:59:58 little-penguin-1 kernel: [    0.813040] loop: module loaded
Jan  8 19:59:58 little-penguin-1 kernel: [    0.813535] ata_piix 0000:00:01.1: version 2.13
Jan  8 19:59:58 little-penguin-1 kernel: [    0.813978] scsi host0: ata_piix
Jan  8 19:59:58 little-penguin-1 kernel: [    0.814446] scsi host1: ata_piix
Jan  8 19:59:58 little-penguin-1 kernel: [    0.814737] ata1: PATA max UDMA/33 cmd 0x1f0 ctl 0x3f6 bmdma 0xd000 irq 14
Jan  8 19:59:58 little-penguin-1 kernel: [    0.815124] ata2: PATA max UDMA/33 cmd 0x170 ctl 0x376 bmdma 0xd008 irq 15
Jan  8 19:59:58 little-penguin-1 kernel: [    0.815768] tun: Universal TUN/TAP device driver, 1.6
Jan  8 19:59:58 little-penguin-1 kernel: [    0.816186] PPP generic driver version 2.4.2
Jan  8 19:59:58 little-penguin-1 kernel: [    0.816739] VFIO - User Level meta-driver version: 0.3
Jan  8 19:59:58 little-penguin-1 kernel: [    0.817179] ehci_hcd: USB 2.0 'Enhanced' Host Controller (EHCI) Driver
Jan  8 19:59:58 little-penguin-1 kernel: [    0.817669] ehci-pci: EHCI PCI platform driver
Jan  8 19:59:58 little-penguin-1 kernel: [    0.818617] ehci-pci 0000:00:0b.0: EHCI Host Controller
Jan  8 19:59:58 little-penguin-1 kernel: [    0.818946] ehci-pci 0000:00:0b.0: new USB bus registered, assigned bus number 1
Jan  8 19:59:58 little-penguin-1 kernel: [    0.819730] ehci-pci 0000:00:0b.0: irq 19, io mem 0xf0805000
Jan  8 19:59:58 little-penguin-1 kernel: [    0.835535] ehci-pci 0000:00:0b.0: USB 2.0 started, EHCI 1.00
Jan  8 19:59:58 little-penguin-1 kernel: [    0.835936] usb usb1: New USB device found, idVendor=1d6b, idProduct=0002, bcdDevice= 5.15
Jan  8 19:59:58 little-penguin-1 kernel: [    0.836550] usb usb1: New USB device strings: Mfr=3, Product=2, SerialNumber=1
Jan  8 19:59:58 little-penguin-1 kernel: [    0.837040] usb usb1: Product: EHCI Host Controller
Jan  8 19:59:58 little-penguin-1 kernel: [    0.837349] usb usb1: Manufacturer: Linux 5.15.0-57-generic ehci_hcd
Jan  8 19:59:58 little-penguin-1 kernel: [    0.837744] usb usb1: SerialNumber: 0000:00:0b.0
Jan  8 19:59:58 little-penguin-1 kernel: [    0.838254] hub 1-0:1.0: USB hub found
Jan  8 19:59:58 little-penguin-1 kernel: [    0.838533] hub 1-0:1.0: 12 ports detected
Jan  8 19:59:58 little-penguin-1 kernel: [    0.839050] ehci-platform: EHCI generic platform driver
Jan  8 19:59:58 little-penguin-1 kernel: [    0.839455] ohci_hcd: USB 1.1 'Open' Host Controller (OHCI) Driver
Jan  8 19:59:58 little-penguin-1 kernel: [    0.839868] ohci-pci: OHCI PCI platform driver
Jan  8 19:59:58 little-penguin-1 kernel: [    0.840922] ohci-pci 0000:00:06.0: OHCI PCI host controller
Jan  8 19:59:58 little-penguin-1 kernel: [    0.841265] ohci-pci 0000:00:06.0: new USB bus registered, assigned bus number 2
Jan  8 19:59:58 little-penguin-1 kernel: [    0.841859] ohci-pci 0000:00:06.0: irq 22, io mem 0xf0804000
Jan  8 19:59:58 little-penguin-1 kernel: [    0.900473] usb usb2: New USB device found, idVendor=1d6b, idProduct=0001, bcdDevice= 5.15
Jan  8 19:59:58 little-penguin-1 kernel: [    0.901110] usb usb2: New USB device strings: Mfr=3, Product=2, SerialNumber=1
Jan  8 19:59:58 little-penguin-1 kernel: [    0.901635] usb usb2: Product: OHCI PCI host controller
Jan  8 19:59:58 little-penguin-1 kernel: [    0.901956] usb usb2: Manufacturer: Linux 5.15.0-57-generic ohci_hcd
Jan  8 19:59:58 little-penguin-1 kernel: [    0.902319] usb usb2: SerialNumber: 0000:00:06.0
Jan  8 19:59:58 little-penguin-1 kernel: [    0.902889] hub 2-0:1.0: USB hub found
Jan  8 19:59:58 little-penguin-1 kernel: [    0.903176] hub 2-0:1.0: 12 ports detected
Jan  8 19:59:58 little-penguin-1 kernel: [    0.903871] ohci-platform: OHCI generic platform driver
Jan  8 19:59:58 little-penguin-1 kernel: [    0.904256] uhci_hcd: USB Universal Host Controller Interface driver
Jan  8 19:59:58 little-penguin-1 kernel: [    0.904695] i8042: PNP: PS/2 Controller [PNP0303:PS2K,PNP0f03:PS2M] at 0x60,0x64 irq 1,12
Jan  8 19:59:58 little-penguin-1 kernel: [    0.905656] serio: i8042 KBD port at 0x60,0x64 irq 1
Jan  8 19:59:58 little-penguin-1 kernel: [    0.906006] serio: i8042 AUX port at 0x60,0x64 irq 12
Jan  8 19:59:58 little-penguin-1 kernel: [    0.906700] mousedev: PS/2 mouse device common for all mice
Jan  8 19:59:58 little-penguin-1 kernel: [    0.907852] rtc_cmos rtc_cmos: registered as rtc0
Jan  8 19:59:58 little-penguin-1 kernel: [    0.908515] rtc_cmos rtc_cmos: setting system clock to 2023-01-08T19:59:49 UTC (1673207989)
Jan  8 19:59:58 little-penguin-1 kernel: [    0.909265] rtc_cmos rtc_cmos: alarms up to one day, 114 bytes nvram
Jan  8 19:59:58 little-penguin-1 kernel: [    0.909749] i2c_dev: i2c /dev entries driver
Jan  8 19:59:58 little-penguin-1 kernel: [    0.910155] input: AT Translated Set 2 keyboard as /devices/platform/i8042/serio0/input/input2
Jan  8 19:59:58 little-penguin-1 kernel: [    0.910826] device-mapper: core: CONFIG_IMA_DISABLE_HTABLE is disabled. Duplicate IMA measurements will not be recorded in the IMA log.
Jan  8 19:59:58 little-penguin-1 kernel: [    0.911752] device-mapper: uevent: version 1.0.3
Jan  8 19:59:58 little-penguin-1 kernel: [    0.912248] device-mapper: ioctl: 4.45.0-ioctl (2021-03-22) initialised: dm-devel@redhat.com
Jan  8 19:59:58 little-penguin-1 kernel: [    0.912822] platform eisa.0: Probing EISA bus 0
Jan  8 19:59:58 little-penguin-1 kernel: [    0.913123] platform eisa.0: EISA: Cannot allocate resource for mainboard
Jan  8 19:59:58 little-penguin-1 kernel: [    0.913566] platform eisa.0: Cannot allocate resource for EISA slot 1
Jan  8 19:59:58 little-penguin-1 kernel: [    0.913932] platform eisa.0: Cannot allocate resource for EISA slot 2
Jan  8 19:59:58 little-penguin-1 kernel: [    0.914298] platform eisa.0: Cannot allocate resource for EISA slot 3
Jan  8 19:59:58 little-penguin-1 kernel: [    0.914735] platform eisa.0: Cannot allocate resource for EISA slot 4
Jan  8 19:59:58 little-penguin-1 kernel: [    0.915101] platform eisa.0: Cannot allocate resource for EISA slot 5
Jan  8 19:59:58 little-penguin-1 kernel: [    0.915549] platform eisa.0: Cannot allocate resource for EISA slot 6
Jan  8 19:59:58 little-penguin-1 kernel: [    0.915917] platform eisa.0: Cannot allocate resource for EISA slot 7
Jan  8 19:59:58 little-penguin-1 kernel: [    0.916341] platform eisa.0: Cannot allocate resource for EISA slot 8
Jan  8 19:59:58 little-penguin-1 kernel: [    0.916786] platform eisa.0: EISA: Detected 0 cards
Jan  8 19:59:58 little-penguin-1 kernel: [    0.917096] intel_pstate: CPU model not supported
Jan  8 19:59:58 little-penguin-1 kernel: [    0.917760] ledtrig-cpu: registered to indicate activity on CPUs
Jan  8 19:59:58 little-penguin-1 kernel: [    0.918211] intel_pmc_core intel_pmc_core.0:  initialized
Jan  8 19:59:58 little-penguin-1 kernel: [    0.918580] drop_monitor: Initializing network drop monitor service
Jan  8 19:59:58 little-penguin-1 kernel: [    0.919151] NET: Registered PF_INET6 protocol family
Jan  8 19:59:58 little-penguin-1 kernel: [    0.990384] ata2.00: ATAPI: VBOX CD-ROM, 1.0, max UDMA/133
Jan  8 19:59:58 little-penguin-1 kernel: [    0.992035] scsi 1:0:0:0: CD-ROM            VBOX     CD-ROM           1.0  PQ: 0 ANSI: 5
Jan  8 19:59:58 little-penguin-1 kernel: [    1.019812] sr 1:0:0:0: [sr0] scsi3-mmc drive: 32x/32x xa/form2 tray
Jan  8 19:59:58 little-penguin-1 kernel: [    1.020260] cdrom: Uniform CD-ROM driver Revision: 3.20
Jan  8 19:59:58 little-penguin-1 kernel: [    1.055708] sr 1:0:0:0: Attached scsi CD-ROM sr0
Jan  8 19:59:58 little-penguin-1 kernel: [    1.055760] sr 1:0:0:0: Attached scsi generic sg0 type 5
Jan  8 19:59:58 little-penguin-1 kernel: [    1.086191] Freeing initrd memory: 104780K
Jan  8 19:59:58 little-penguin-1 kernel: [    1.093644] Segment Routing with IPv6
Jan  8 19:59:58 little-penguin-1 kernel: [    1.094048] In-situ OAM (IOAM) with IPv6
Jan  8 19:59:58 little-penguin-1 kernel: [    1.094410] NET: Registered PF_PACKET protocol family
Jan  8 19:59:58 little-penguin-1 kernel: [    1.094798] Key type dns_resolver registered
Jan  8 19:59:58 little-penguin-1 kernel: [    1.095677] IPI shorthand broadcast: enabled
Jan  8 19:59:58 little-penguin-1 kernel: [    1.095993] sched_clock: Marking stable (1033702897, 61946371)->(1103281323, -7632055)
Jan  8 19:59:58 little-penguin-1 kernel: [    1.096904] registered taskstats version 1
Jan  8 19:59:58 little-penguin-1 kernel: [    1.097478] Loading compiled-in X.509 certificates
Jan  8 19:59:58 little-penguin-1 kernel: [    1.098333] Loaded X.509 cert 'Build time autogenerated kernel key: aeaa4d5ea3021317c1182f7df69e47fb43c2b9fb'
Jan  8 19:59:58 little-penguin-1 kernel: [    1.099466] Loaded X.509 cert 'Canonical Ltd. Live Patch Signing: 14df34d1a87cf37625abec039ef2bf521249b969'
Jan  8 19:59:58 little-penguin-1 kernel: [    1.100645] Loaded X.509 cert 'Canonical Ltd. Kernel Module Signing: 88f752e560a1e0737e31163a466ad7b70a850c19'
Jan  8 19:59:58 little-penguin-1 kernel: [    1.101364] blacklist: Loading compiled-in revocation X.509 certificates
Jan  8 19:59:58 little-penguin-1 kernel: [    1.101755] Loaded X.509 cert 'Canonical Ltd. Secure Boot Signing: 61482aa2830d0ab2ad5af10b7250da9033ddcef0'
Jan  8 19:59:58 little-penguin-1 kernel: [    1.102415] zswap: loaded using pool lzo/zbud
Jan  8 19:59:58 little-penguin-1 kernel: [    1.103434] Key type ._fscrypt registered
Jan  8 19:59:58 little-penguin-1 kernel: [    1.103716] Key type .fscrypt registered
Jan  8 19:59:58 little-penguin-1 kernel: [    1.103990] Key type fscrypt-provisioning registered
Jan  8 19:59:58 little-penguin-1 kernel: [    1.107616] Key type encrypted registered
Jan  8 19:59:58 little-penguin-1 kernel: [    1.107901] AppArmor: AppArmor sha1 policy hashing enabled
Jan  8 19:59:58 little-penguin-1 kernel: [    1.108291] ima: No TPM chip found, activating TPM-bypass!
Jan  8 19:59:58 little-penguin-1 kernel: [    1.108624] Loading compiled-in module X.509 certificates
Jan  8 19:59:58 little-penguin-1 kernel: [    1.109377] Loaded X.509 cert 'Build time autogenerated kernel key: aeaa4d5ea3021317c1182f7df69e47fb43c2b9fb'
Jan  8 19:59:58 little-penguin-1 kernel: [    1.110030] ima: Allocated hash algorithm: sha1
Jan  8 19:59:58 little-penguin-1 kernel: [    1.110388] ima: No architecture policies found
Jan  8 19:59:58 little-penguin-1 kernel: [    1.110841] evm: Initialising EVM extended attributes:
Jan  8 19:59:58 little-penguin-1 kernel: [    1.111168] evm: security.selinux
Jan  8 19:59:58 little-penguin-1 kernel: [    1.111846] evm: security.SMACK64
Jan  8 19:59:58 little-penguin-1 kernel: [    1.112237] evm: security.SMACK64EXEC
Jan  8 19:59:58 little-penguin-1 kernel: [    1.112547] evm: security.SMACK64TRANSMUTE
Jan  8 19:59:58 little-penguin-1 kernel: [    1.112888] evm: security.SMACK64MMAP
Jan  8 19:59:58 little-penguin-1 kernel: [    1.113159] evm: security.apparmor
Jan  8 19:59:58 little-penguin-1 kernel: [    1.113419] evm: security.ima
Jan  8 19:59:58 little-penguin-1 kernel: [    1.113663] evm: security.capability
Jan  8 19:59:58 little-penguin-1 kernel: [    1.113931] evm: HMAC attrs: 0x1
Jan  8 19:59:58 little-penguin-1 kernel: [    1.114497] PM:   Magic number: 7:29:1001
Jan  8 19:59:58 little-penguin-1 kernel: [    1.114820] memory memory40: hash matches
Jan  8 19:59:58 little-penguin-1 kernel: [    1.115504] RAS: Correctable Errors collector initialized.
Jan  8 19:59:58 little-penguin-1 kernel: [    1.117457] Freeing unused decrypted memory: 2036K
Jan  8 19:59:58 little-penguin-1 kernel: [    1.118297] Freeing unused kernel image (initmem) memory: 3232K
Jan  8 19:59:58 little-penguin-1 kernel: [    1.147314] Write protecting the kernel read-only data: 30720k
Jan  8 19:59:58 little-penguin-1 kernel: [    1.148195] Freeing unused kernel image (text/rodata gap) memory: 2036K
Jan  8 19:59:58 little-penguin-1 kernel: [    1.148915] Freeing unused kernel image (rodata/data gap) memory: 1476K
Jan  8 19:59:58 little-penguin-1 kernel: [    1.205137] x86/mm: Checked W+X mappings: passed, no W+X pages found.
Jan  8 19:59:58 little-penguin-1 kernel: [    1.205522] x86/mm: Checking user space page tables
Jan  8 19:59:58 little-penguin-1 kernel: [    1.257419] x86/mm: Checked W+X mappings: passed, no W+X pages found.
Jan  8 19:59:58 little-penguin-1 kernel: [    1.257797] Run /init as init process
Jan  8 19:59:58 little-penguin-1 kernel: [    1.258062]   with arguments:
Jan  8 19:59:58 little-penguin-1 kernel: [    1.258064]     /init
Jan  8 19:59:58 little-penguin-1 kernel: [    1.258065]   with environment:
Jan  8 19:59:58 little-penguin-1 kernel: [    1.258065]     HOME=/
Jan  8 19:59:58 little-penguin-1 kernel: [    1.258066]     TERM=linux
Jan  8 19:59:58 little-penguin-1 kernel: [    1.258067]     BOOT_IMAGE=/vmlinuz-5.15.0-57-generic
Jan  8 19:59:58 little-penguin-1 kernel: [    1.307398] usb 2-1: new full-speed USB device number 2 using ohci-pci
Jan  8 19:59:58 little-penguin-1 kernel: [    1.350450] e1000: Intel(R) PRO/1000 Network Driver
Jan  8 19:59:58 little-penguin-1 kernel: [    1.350874] e1000: Copyright (c) 1999-2006 Intel Corporation.
Jan  8 19:59:58 little-penguin-1 kernel: [    1.352973] ahci 0000:00:0d.0: version 3.0
Jan  8 19:59:58 little-penguin-1 kernel: [    1.353653] ahci 0000:00:0d.0: SSS flag set, parallel bus scan disabled
Jan  8 19:59:58 little-penguin-1 kernel: [    1.354197] ahci 0000:00:0d.0: AHCI 0001.0100 32 slots 1 ports 3 Gbps 0x1 impl SATA mode
Jan  8 19:59:58 little-penguin-1 kernel: [    1.354750] ahci 0000:00:0d.0: flags: 64bit ncq stag only ccc 
Jan  8 19:59:58 little-penguin-1 kernel: [    1.357454] scsi host2: ahci
Jan  8 19:59:58 little-penguin-1 kernel: [    1.357756] ata3: SATA max UDMA/133 abar m8192@0xf0806000 port 0xf0806100 irq 21
Jan  8 19:59:58 little-penguin-1 kernel: [    1.357773] ACPI: video: Video Device [GFX0] (multi-head: yes  rom: no  post: no)
Jan  8 19:59:58 little-penguin-1 kernel: [    1.360388] input: Video Bus as /devices/LNXSYSTM:00/LNXSYBUS:00/PNP0A03:00/LNXVIDEO:00/input/input5
Jan  8 19:59:58 little-penguin-1 kernel: [    1.368135] piix4_smbus 0000:00:07.0: SMBus Host Controller at 0x4100, revision 0
Jan  8 19:59:58 little-penguin-1 kernel: [    1.371397] cryptd: max_cpu_qlen set to 1000
Jan  8 19:59:58 little-penguin-1 kernel: [    1.376307] AVX2 version of gcm_enc/dec engaged.
Jan  8 19:59:58 little-penguin-1 kernel: [    1.376825] AES CTR mode by8 optimization enabled
Jan  8 19:59:58 little-penguin-1 kernel: [    1.557565] input: ImExPS/2 Generic Explorer Mouse as /devices/platform/i8042/serio1/input/input4
Jan  8 19:59:58 little-penguin-1 kernel: [    1.635487] usb 2-1: New USB device found, idVendor=80ee, idProduct=0021, bcdDevice= 1.00
Jan  8 19:59:58 little-penguin-1 kernel: [    1.636074] usb 2-1: New USB device strings: Mfr=1, Product=3, SerialNumber=0
Jan  8 19:59:58 little-penguin-1 kernel: [    1.636673] usb 2-1: Product: USB Tablet
Jan  8 19:59:58 little-penguin-1 kernel: [    1.636984] usb 2-1: Manufacturer: VirtualBox
Jan  8 19:59:58 little-penguin-1 kernel: [    1.645567] hid: raw HID events driver (C) Jiri Kosina
Jan  8 19:59:58 little-penguin-1 kernel: [    1.672641] ata3: SATA link up 3.0 Gbps (SStatus 123 SControl 300)
Jan  8 19:59:58 little-penguin-1 kernel: [    1.673230] ata3.00: ATA-6: VBOX HARDDISK, 1.0, max UDMA/133
Jan  8 19:59:58 little-penguin-1 kernel: [    1.673709] ata3.00: 67108864 sectors, multi 128: LBA48 NCQ (depth 32)
Jan  8 19:59:58 little-penguin-1 kernel: [    1.674489] ata3.00: configured for UDMA/133
Jan  8 19:59:58 little-penguin-1 kernel: [    1.674939] scsi 2:0:0:0: Direct-Access     ATA      VBOX HARDDISK    1.0  PQ: 0 ANSI: 5
Jan  8 19:59:58 little-penguin-1 kernel: [    1.675822] sd 2:0:0:0: [sda] 67108864 512-byte logical blocks: (34.4 GB/32.0 GiB)
Jan  8 19:59:58 little-penguin-1 kernel: [    1.675837] sd 2:0:0:0: Attached scsi generic sg1 type 0
Jan  8 19:59:58 little-penguin-1 kernel: [    1.676454] sd 2:0:0:0: [sda] Write Protect is off
Jan  8 19:59:58 little-penguin-1 kernel: [    1.678579] sd 2:0:0:0: [sda] Mode Sense: 00 3a 00 00
Jan  8 19:59:58 little-penguin-1 kernel: [    1.678616] sd 2:0:0:0: [sda] Write cache: enabled, read cache: enabled, doesn't support DPO or FUA
Jan  8 19:59:58 little-penguin-1 kernel: [    1.724801]  sda: sda1 sda2 sda3
Jan  8 19:59:58 little-penguin-1 kernel: [    1.742529] e1000 0000:00:03.0 eth0: (PCI:33MHz:32-bit) 08:00:27:0f:09:77
Jan  8 19:59:58 little-penguin-1 kernel: [    1.742961] e1000 0000:00:03.0 eth0: Intel(R) PRO/1000 Network Connection
Jan  8 19:59:58 little-penguin-1 kernel: [    1.755436] sd 2:0:0:0: [sda] Attached SCSI disk
Jan  8 19:59:58 little-penguin-1 kernel: [    1.758459] e1000 0000:00:03.0 enp0s3: renamed from eth0
Jan  8 19:59:58 little-penguin-1 kernel: [    1.772299] vmwgfx 0000:00:02.0: vgaarb: deactivate vga console
Jan  8 19:59:58 little-penguin-1 kernel: [    1.774012] Console: switching to colour dummy device 80x25
Jan  8 19:59:58 little-penguin-1 kernel: [    1.774982] [TTM] Zone  kernel: Available graphics memory: 4070176 KiB
Jan  8 19:59:58 little-penguin-1 kernel: [    1.774986] [TTM] Zone   dma32: Available graphics memory: 2097152 KiB
Jan  8 19:59:58 little-penguin-1 kernel: [    1.775019] vmwgfx 0000:00:02.0: [drm] FIFO at 0x00000000f0000000 size is 2048 kiB
Jan  8 19:59:58 little-penguin-1 kernel: [    1.775029] vmwgfx 0000:00:02.0: [drm] VRAM at 0x00000000e0000000 size is 16384 kiB
Jan  8 19:59:58 little-penguin-1 kernel: [    1.775042] vmwgfx 0000:00:02.0: [drm] Running on SVGA version 2.
Jan  8 19:59:58 little-penguin-1 kernel: [    1.775050] vmwgfx 0000:00:02.0: [drm] DMA map mode: Caching DMA mappings.
Jan  8 19:59:58 little-penguin-1 kernel: [    1.775088] vmwgfx 0000:00:02.0: [drm] Legacy memory limits: VRAM = 16384 kB, FIFO = 2048 kB, surface = 507904 kB
Jan  8 19:59:58 little-penguin-1 kernel: [    1.775101] vmwgfx 0000:00:02.0: [drm] MOB limits: max mob size = 0 kB, max mob pages = 0
Jan  8 19:59:58 little-penguin-1 kernel: [    1.775106] vmwgfx 0000:00:02.0: [drm] Capabilities: rect copy, cursor, cursor bypass, cursor bypass 2, alpha cursor, extended fifo, pitchlock, irq mask, gmr, traces, gmr2, screen object 2, command buffers, 
Jan  8 19:59:58 little-penguin-1 kernel: [    1.775112] vmwgfx 0000:00:02.0: [drm] Max GMR ids is 8192
Jan  8 19:59:58 little-penguin-1 kernel: [    1.775114] vmwgfx 0000:00:02.0: [drm] Max number of GMR pages is 1048576
Jan  8 19:59:58 little-penguin-1 kernel: [    1.775117] vmwgfx 0000:00:02.0: [drm] Maximum display memory size is 16384 kiB
Jan  8 19:59:58 little-penguin-1 kernel: [    1.775720] vmwgfx 0000:00:02.0: [drm] Screen Object display unit initialized
Jan  8 19:59:58 little-penguin-1 kernel: [    1.775933] vmwgfx 0000:00:02.0: [drm] Fifo max 0x00200000 min 0x00001000 cap 0x00000355
Jan  8 19:59:58 little-penguin-1 kernel: [    1.776039] vmwgfx 0000:00:02.0: [drm] Using command buffers with DMA pool.
Jan  8 19:59:58 little-penguin-1 kernel: [    1.776050] vmwgfx 0000:00:02.0: [drm] Available shader model: Legacy.
Jan  8 19:59:58 little-penguin-1 kernel: [    1.776057] [drm:vmw_host_printf [vmwgfx]] *ERROR* Failed to send host log message.
Jan  8 19:59:58 little-penguin-1 kernel: [    1.777516] fbcon: svgadrmfb (fb0) is primary device
Jan  8 19:59:58 little-penguin-1 kernel: [    1.777967] Console: switching to colour frame buffer device 100x37
Jan  8 19:59:58 little-penguin-1 kernel: [    1.779262] usbcore: registered new interface driver usbhid
Jan  8 19:59:58 little-penguin-1 kernel: [    1.779283] usbhid: USB HID core driver
Jan  8 19:59:58 little-penguin-1 kernel: [    1.779845] [drm] Initialized vmwgfx 2.19.0 20210722 for 0000:00:02.0 on minor 0
Jan  8 19:59:58 little-penguin-1 kernel: [    1.783293] input: VirtualBox USB Tablet as /devices/pci0000:00/0000:00:06.0/usb2/2-1/2-1:1.0/0003:80EE:0021.0001/input/input6
Jan  8 19:59:58 little-penguin-1 kernel: [    1.783455] hid-generic 0003:80EE:0021.0001: input,hidraw0: USB HID v1.10 Mouse [VirtualBox USB Tablet] on usb-0000:00:06.0-1/input0
Jan  8 19:59:58 little-penguin-1 kernel: [    2.359311] raid6: avx2x4   gen() 37723 MB/s
Jan  8 19:59:58 little-penguin-1 kernel: [    2.427310] raid6: avx2x4   xor() 18686 MB/s
Jan  8 19:59:58 little-penguin-1 kernel: [    2.495309] raid6: avx2x2   gen() 38152 MB/s
Jan  8 19:59:58 little-penguin-1 kernel: [    2.563333] raid6: avx2x2   xor() 20907 MB/s
Jan  8 19:59:58 little-penguin-1 kernel: [    2.631341] raid6: avx2x1   gen() 23311 MB/s
Jan  8 19:59:58 little-penguin-1 kernel: [    2.699333] raid6: avx2x1   xor() 16089 MB/s
Jan  8 19:59:58 little-penguin-1 kernel: [    2.767307] raid6: sse2x4   gen() 15344 MB/s
Jan  8 19:59:58 little-penguin-1 kernel: [    2.835306] raid6: sse2x4   xor()  9325 MB/s
Jan  8 19:59:58 little-penguin-1 kernel: [    2.903312] raid6: sse2x2   gen() 15858 MB/s
Jan  8 19:59:58 little-penguin-1 kernel: [    2.971303] raid6: sse2x2   xor()  9898 MB/s
Jan  8 19:59:58 little-penguin-1 kernel: [    3.039340] raid6: sse2x1   gen() 12811 MB/s
Jan  8 19:59:58 little-penguin-1 kernel: [    3.107330] raid6: sse2x1   xor()  6682 MB/s
Jan  8 19:59:58 little-penguin-1 kernel: [    3.107761] raid6: using algorithm avx2x2 gen() 38152 MB/s
Jan  8 19:59:58 little-penguin-1 kernel: [    3.108213] raid6: .... xor() 20907 MB/s, rmw enabled
Jan  8 19:59:58 little-penguin-1 kernel: [    3.108530] raid6: using avx2x2 recovery algorithm
Jan  8 19:59:58 little-penguin-1 kernel: [    3.110054] xor: automatically using best checksumming function   avx       
Jan  8 19:59:58 little-penguin-1 kernel: [    3.111373] async_tx: api initialized (async)
Jan  8 19:59:58 little-penguin-1 kernel: [    3.263837] Btrfs loaded, crc32c=crc32c-intel, zoned=yes, fsverity=yes
Jan  8 19:59:58 little-penguin-1 kernel: [    3.648406] EXT4-fs (dm-0): mounted filesystem with ordered data mode. Opts: (null). Quota mode: none.
Jan  8 19:59:58 little-penguin-1 kernel: [    4.405132] mtd device must be supplied (device name is empty)
Jan  8 19:59:58 little-penguin-1 kernel: [    4.417127] EXT4-fs (dm-0): re-mounted. Opts: (null). Quota mode: none.
Jan  8 19:59:58 little-penguin-1 kernel: [    4.420813] IPMI message handler: version 39.2
Jan  8 19:59:58 little-penguin-1 kernel: [    4.422678] ipmi device interface
Jan  8 19:59:58 little-penguin-1 kernel: [    4.445701] alua: device handler registered
Jan  8 19:59:58 little-penguin-1 kernel: [    4.453536] emc: device handler registered
Jan  8 19:59:58 little-penguin-1 kernel: [    4.466941] rdac: device handler registered
Jan  8 19:59:58 little-penguin-1 kernel: [    4.570305] loop0: detected capacity change from 0 to 126896
Jan  8 19:59:58 little-penguin-1 kernel: [    4.571412] loop1: detected capacity change from 0 to 163736
Jan  8 19:59:58 little-penguin-1 kernel: [    4.574748] loop2: detected capacity change from 0 to 96176
Jan  8 19:59:58 little-penguin-1 kernel: [    4.793444] vboxguest: host-version: 7.0.4r154605 0x8000000f
Jan  8 19:59:58 little-penguin-1 kernel: [    4.793937] vbg_heartbeat_init: Setting up heartbeat to trigger every 2000 milliseconds
Jan  8 19:59:58 little-penguin-1 kernel: [    4.795003] input: VirtualBox mouse integration as /devices/pci0000:00/0000:00:04.0/input/input7
Jan  8 19:59:58 little-penguin-1 kernel: [    4.837331] vboxguest: misc device minor 123, IRQ 20, I/O port d040, MMIO at 0x00000000f0400000 (size 0x0000000000400000)
Jan  8 19:59:58 little-penguin-1 kernel: [    4.945648] RAPL PMU: API unit is 2^-32 Joules, 0 fixed counters, 10737418240 ms ovfl timer
Jan  8 19:59:58 little-penguin-1 kernel: [    5.073145] EXT4-fs (sda2): mounted filesystem with ordered data mode. Opts: (null). Quota mode: none.
Jan  8 19:59:58 little-penguin-1 kernel: [    5.161006] snd_intel8x0 0000:00:05.0: allow list rate for 1028:0177 is 48000
Jan  8 19:59:58 little-penguin-1 kernel: [    5.283557] audit: type=1400 audit(1673207993.871:2): apparmor="STATUS" operation="profile_load" profile="unconfined" name="lsb_release" pid=626 comm="apparmor_parser"
Jan  8 19:59:58 little-penguin-1 kernel: [    5.289845] audit: type=1400 audit(1673207993.875:3): apparmor="STATUS" operation="profile_load" profile="unconfined" name="nvidia_modprobe" pid=627 comm="apparmor_parser"
Jan  8 19:59:58 little-penguin-1 kernel: [    5.290828] audit: type=1400 audit(1673207993.875:4): apparmor="STATUS" operation="profile_load" profile="unconfined" name="nvidia_modprobe//kmod" pid=627 comm="apparmor_parser"
Jan  8 19:59:58 little-penguin-1 kernel: [    5.375203] audit: type=1400 audit(1673207993.959:5): apparmor="STATUS" operation="profile_load" profile="unconfined" name="/usr/bin/man" pid=629 comm="apparmor_parser"
Jan  8 19:59:58 little-penguin-1 kernel: [    5.376182] audit: type=1400 audit(1673207993.963:6): apparmor="STATUS" operation="profile_load" profile="unconfined" name="man_filter" pid=629 comm="apparmor_parser"
Jan  8 19:59:58 little-penguin-1 kernel: [    5.377787] audit: type=1400 audit(1673207993.963:7): apparmor="STATUS" operation="profile_load" profile="unconfined" name="man_groff" pid=629 comm="apparmor_parser"
Jan  8 19:59:58 little-penguin-1 kernel: [    5.556853] audit: type=1400 audit(1673207994.143:8): apparmor="STATUS" operation="profile_load" profile="unconfined" name="tcpdump" pid=633 comm="apparmor_parser"
Jan  8 19:59:58 little-penguin-1 kernel: [    5.644050] audit: type=1400 audit(1673207994.231:9): apparmor="STATUS" operation="profile_load" profile="unconfined" name="/usr/lib/NetworkManager/nm-dhcp-client.action" pid=628 comm="apparmor_parser"
Jan  8 19:59:58 little-penguin-1 kernel: [    5.645412] audit: type=1400 audit(1673207994.231:10): apparmor="STATUS" operation="profile_load" profile="unconfined" name="/usr/lib/NetworkManager/nm-dhcp-helper" pid=628 comm="apparmor_parser"
Jan  8 19:59:58 little-penguin-1 kernel: [    5.646815] audit: type=1400 audit(1673207994.231:11): apparmor="STATUS" operation="profile_load" profile="unconfined" name="/usr/lib/connman/scripts/dhclient-script" pid=628 comm="apparmor_parser"
Jan  8 19:59:58 little-penguin-1 kernel: [    5.649592] audit: type=1400 audit(1673207994.235:12): apparmor="STATUS" operation="profile_load" profile="unconfined" name="/{,usr/}sbin/dhclient" pid=628 comm="apparmor_parser"
Jan  8 19:59:58 little-penguin-1 kernel: [    5.867093] audit: type=1400 audit(1673207994.451:13): apparmor="STATUS" operation="profile_load" profile="unconfined" name="/usr/lib/snapd/snap-confine" pid=634 comm="apparmor_parser"
Jan  8 19:59:58 little-penguin-1 kernel: [    5.868044] audit: type=1400 audit(1673207994.455:14): apparmor="STATUS" operation="profile_load" profile="unconfined" name="/usr/lib/snapd/snap-confine//mount-namespace-capture-helper" pid=634 comm="apparmor_parser"
Jan  8 19:59:58 little-penguin-1 kernel: [    6.551654] e1000: enp0s3 NIC Link is Up 1000 Mbps Full Duplex, Flow Control: RX
Jan  8 19:59:58 little-penguin-1 kernel: [    6.552016] IPv6: ADDRCONF(NETDEV_CHANGE): enp0s3: link becomes ready
Jan  8 19:59:58 little-penguin-1 kernel: [   10.221217] loop3: detected capacity change from 0 to 8
Jan  8 19:59:59 little-penguin-1 kernel: [   11.127535] kauditd_printk_skb: 16 callbacks suppressed
Jan  8 19:59:59 little-penguin-1 kernel: [   11.127541] audit: type=1400 audit(1673207999.715:31): apparmor="STATUS" operation="profile_replace" profile="unconfined" name="/snap/snapd/16292/usr/lib/snapd/snap-confine" pid=922 comm="apparmor_parser"
Jan  8 19:59:59 little-penguin-1 kernel: [   11.143532] audit: type=1400 audit(1673207999.731:32): apparmor="STATUS" operation="profile_replace" profile="unconfined" name="/snap/snapd/16292/usr/lib/snapd/snap-confine//mount-namespace-capture-helper" pid=922 comm="apparmor_parser"
Jan  8 19:59:59 little-penguin-1 kernel: [   11.176410] audit: type=1400 audit(1673207999.763:33): apparmor="STATUS" operation="profile_replace" profile="unconfined" name="snap-update-ns.lxd" pid=924 comm="apparmor_parser"
Jan  8 19:59:59 little-penguin-1 kernel: [   11.346342] audit: type=1400 audit(1673207999.931:34): apparmor="STATUS" operation="profile_replace" profile="unconfined" name="snap.lxd.activate" pid=925 comm="apparmor_parser"
Jan  8 19:59:59 little-penguin-1 kernel: [   11.365783] audit: type=1400 audit(1673207999.951:35): apparmor="STATUS" operation="profile_replace" profile="unconfined" name="snap.lxd.benchmark" pid=926 comm="apparmor_parser"
Jan  8 20:00:00 little-penguin-1 kernel: [   11.539909] audit: type=1400 audit(1673208000.127:36): apparmor="STATUS" operation="profile_replace" profile="unconfined" name="snap.lxd.buginfo" pid=927 comm="apparmor_parser"
Jan  8 20:00:00 little-penguin-1 kernel: [   11.562437] audit: type=1400 audit(1673208000.147:37): apparmor="STATUS" operation="profile_replace" profile="unconfined" name="snap.lxd.check-kernel" pid=928 comm="apparmor_parser"
Jan  8 20:00:00 little-penguin-1 kernel: [   11.777630] audit: type=1400 audit(1673208000.363:38): apparmor="STATUS" operation="profile_replace" profile="unconfined" name="snap.lxd.daemon" pid=929 comm="apparmor_parser"
Jan  8 20:00:00 little-penguin-1 kernel: [   11.802553] audit: type=1400 audit(1673208000.387:39): apparmor="STATUS" operation="profile_replace" profile="unconfined" name="snap.lxd.hook.configure" pid=930 comm="apparmor_parser"
Jan  8 20:00:00 little-penguin-1 kernel: [   11.943664] audit: type=1400 audit(1673208000.531:40): apparmor="STATUS" operation="profile_replace" profile="unconfined" name="snap.lxd.hook.install" pid=931 comm="apparmor_parser"
Jan  8 20:03:15 little-penguin-1 kernel: [    0.000000] Linux version 5.15.0-57-generic (buildd@lcy02-amd64-110) (gcc (Ubuntu 11.3.0-1ubuntu1~22.04) 11.3.0, GNU ld (GNU Binutils for Ubuntu) 2.38) #63-Ubuntu SMP Thu Nov 24 13:43:17 UTC 2022 (Ubuntu 5.15.0-57.63-generic 5.15.74)
Jan  8 20:03:15 little-penguin-1 kernel: [    0.000000] Command line: BOOT_IMAGE=/vmlinuz-5.15.0-57-generic root=/dev/mapper/ubuntu--vg-ubuntu--lv ro
Jan  8 20:03:15 little-penguin-1 kernel: [    0.000000] KERNEL supported cpus:
Jan  8 20:03:15 little-penguin-1 kernel: [    0.000000]   Intel GenuineIntel
Jan  8 20:03:15 little-penguin-1 kernel: [    0.000000]   AMD AuthenticAMD
Jan  8 20:03:15 little-penguin-1 kernel: [    0.000000]   Hygon HygonGenuine
Jan  8 20:03:15 little-penguin-1 kernel: [    0.000000]   Centaur CentaurHauls
Jan  8 20:03:15 little-penguin-1 kernel: [    0.000000]   zhaoxin   Shanghai  
Jan  8 20:03:15 little-penguin-1 kernel: [    0.000000] x86/fpu: Supporting XSAVE feature 0x001: 'x87 floating point registers'
Jan  8 20:03:15 little-penguin-1 kernel: [    0.000000] x86/fpu: Supporting XSAVE feature 0x002: 'SSE registers'
Jan  8 20:03:15 little-penguin-1 kernel: [    0.000000] x86/fpu: Supporting XSAVE feature 0x004: 'AVX registers'
Jan  8 20:03:15 little-penguin-1 kernel: [    0.000000] x86/fpu: xstate_offset[2]:  576, xstate_sizes[2]:  256
Jan  8 20:03:15 little-penguin-1 kernel: [    0.000000] x86/fpu: Enabled xstate features 0x7, context size is 832 bytes, using 'standard' format.
Jan  8 20:03:15 little-penguin-1 kernel: [    0.000000] signal: max sigframe size: 1776
Jan  8 20:03:15 little-penguin-1 kernel: [    0.000000] BIOS-provided physical RAM map:
Jan  8 20:03:15 little-penguin-1 kernel: [    0.000000] BIOS-e820: [mem 0x0000000000000000-0x000000000009fbff] usable
Jan  8 20:03:15 little-penguin-1 kernel: [    0.000000] BIOS-e820: [mem 0x000000000009fc00-0x000000000009ffff] reserved
Jan  8 20:03:15 little-penguin-1 kernel: [    0.000000] BIOS-e820: [mem 0x00000000000f0000-0x00000000000fffff] reserved
Jan  8 20:03:15 little-penguin-1 kernel: [    0.000000] BIOS-e820: [mem 0x0000000000100000-0x00000000dffeffff] usable
Jan  8 20:03:15 little-penguin-1 kernel: [    0.000000] BIOS-e820: [mem 0x00000000dfff0000-0x00000000dfffffff] ACPI data
Jan  8 20:03:15 little-penguin-1 kernel: [    0.000000] BIOS-e820: [mem 0x00000000fec00000-0x00000000fec00fff] reserved
Jan  8 20:03:15 little-penguin-1 kernel: [    0.000000] BIOS-e820: [mem 0x00000000fee00000-0x00000000fee00fff] reserved
Jan  8 20:03:15 little-penguin-1 kernel: [    0.000000] BIOS-e820: [mem 0x00000000fffc0000-0x00000000ffffffff] reserved
Jan  8 20:03:15 little-penguin-1 kernel: [    0.000000] BIOS-e820: [mem 0x0000000100000000-0x000000021fffffff] usable
Jan  8 20:03:15 little-penguin-1 kernel: [    0.000000] NX (Execute Disable) protection: active
Jan  8 20:03:15 little-penguin-1 kernel: [    0.000000] SMBIOS 2.5 present.
Jan  8 20:03:15 little-penguin-1 kernel: [    0.000000] DMI: innotek GmbH VirtualBox/VirtualBox, BIOS VirtualBox 12/01/2006
Jan  8 20:03:15 little-penguin-1 kernel: [    0.000000] Hypervisor detected: KVM
Jan  8 20:03:15 little-penguin-1 kernel: [    0.000000] kvm-clock: Using msrs 4b564d01 and 4b564d00
Jan  8 20:03:15 little-penguin-1 kernel: [    0.000000] kvm-clock: cpu 0, msr 25c01001, primary cpu clock
Jan  8 20:03:15 little-penguin-1 kernel: [    0.000001] kvm-clock: using sched offset of 4698962102 cycles
Jan  8 20:03:15 little-penguin-1 kernel: [    0.000004] clocksource: kvm-clock: mask: 0xffffffffffffffff max_cycles: 0x1cd42e4dffb, max_idle_ns: 881590591483 ns
Jan  8 20:03:15 little-penguin-1 kernel: [    0.000007] tsc: Detected 2903.998 MHz processor
Jan  8 20:03:15 little-penguin-1 kernel: [    0.002272] e820: update [mem 0x00000000-0x00000fff] usable ==> reserved
Jan  8 20:03:15 little-penguin-1 kernel: [    0.002278] e820: remove [mem 0x000a0000-0x000fffff] usable
Jan  8 20:03:15 little-penguin-1 kernel: [    0.002287] last_pfn = 0x220000 max_arch_pfn = 0x400000000
Jan  8 20:03:15 little-penguin-1 kernel: [    0.002302] Disabled
Jan  8 20:03:15 little-penguin-1 kernel: [    0.002304] x86/PAT: MTRRs disabled, skipping PAT initialization too.
Jan  8 20:03:15 little-penguin-1 kernel: [    0.002306] CPU MTRRs all blank - virtualized system.
Jan  8 20:03:15 little-penguin-1 kernel: [    0.002309] x86/PAT: Configuration [0-7]: WB  WT  UC- UC  WB  WT  UC- UC  
Jan  8 20:03:15 little-penguin-1 kernel: [    0.002315] last_pfn = 0xdfff0 max_arch_pfn = 0x400000000
Jan  8 20:03:15 little-penguin-1 kernel: [    0.002358] found SMP MP-table at [mem 0x0009fff0-0x0009ffff]
Jan  8 20:03:15 little-penguin-1 kernel: [    0.002920] RAMDISK: [mem 0x2b349000-0x3199bfff]
Jan  8 20:03:15 little-penguin-1 kernel: [    0.002930] ACPI: Early table checksum verification disabled
Jan  8 20:03:15 little-penguin-1 kernel: [    0.002934] ACPI: RSDP 0x00000000000E0000 000024 (v02 VBOX  )
Jan  8 20:03:15 little-penguin-1 kernel: [    0.002940] ACPI: XSDT 0x00000000DFFF0030 00003C (v01 VBOX   VBOXXSDT 00000001 ASL  00000061)
Jan  8 20:03:15 little-penguin-1 kernel: [    0.002948] ACPI: FACP 0x00000000DFFF00F0 0000F4 (v04 VBOX   VBOXFACP 00000001 ASL  00000061)
Jan  8 20:03:15 little-penguin-1 kernel: [    0.002957] ACPI: DSDT 0x00000000DFFF0620 002353 (v02 VBOX   VBOXBIOS 00000002 INTL 20190509)
Jan  8 20:03:15 little-penguin-1 kernel: [    0.002963] ACPI: FACS 0x00000000DFFF0200 000040
Jan  8 20:03:15 little-penguin-1 kernel: [    0.002968] ACPI: FACS 0x00000000DFFF0200 000040
Jan  8 20:03:15 little-penguin-1 kernel: [    0.002973] ACPI: APIC 0x00000000DFFF0240 00006C (v02 VBOX   VBOXAPIC 00000001 ASL  00000061)
Jan  8 20:03:15 little-penguin-1 kernel: [    0.002978] ACPI: SSDT 0x00000000DFFF02B0 00036C (v01 VBOX   VBOXCPUT 00000002 INTL 20190509)
Jan  8 20:03:15 little-penguin-1 kernel: [    0.002983] ACPI: Reserving FACP table memory at [mem 0xdfff00f0-0xdfff01e3]
Jan  8 20:03:15 little-penguin-1 kernel: [    0.002986] ACPI: Reserving DSDT table memory at [mem 0xdfff0620-0xdfff2972]
Jan  8 20:03:15 little-penguin-1 kernel: [    0.002988] ACPI: Reserving FACS table memory at [mem 0xdfff0200-0xdfff023f]
Jan  8 20:03:15 little-penguin-1 kernel: [    0.002989] ACPI: Reserving FACS table memory at [mem 0xdfff0200-0xdfff023f]
Jan  8 20:03:15 little-penguin-1 kernel: [    0.002991] ACPI: Reserving APIC table memory at [mem 0xdfff0240-0xdfff02ab]
Jan  8 20:03:15 little-penguin-1 kernel: [    0.002993] ACPI: Reserving SSDT table memory at [mem 0xdfff02b0-0xdfff061b]
Jan  8 20:03:15 little-penguin-1 kernel: [    0.003472] No NUMA configuration found
Jan  8 20:03:15 little-penguin-1 kernel: [    0.003475] Faking a node at [mem 0x0000000000000000-0x000000021fffffff]
Jan  8 20:03:15 little-penguin-1 kernel: [    0.003481] NODE_DATA(0) allocated [mem 0x21ffd2000-0x21fffbfff]
Jan  8 20:03:15 little-penguin-1 kernel: [    0.003883] Zone ranges:
Jan  8 20:03:15 little-penguin-1 kernel: [    0.003885]   DMA      [mem 0x0000000000001000-0x0000000000ffffff]
Jan  8 20:03:15 little-penguin-1 kernel: [    0.003887]   DMA32    [mem 0x0000000001000000-0x00000000ffffffff]
Jan  8 20:03:15 little-penguin-1 kernel: [    0.003889]   Normal   [mem 0x0000000100000000-0x000000021fffffff]
Jan  8 20:03:15 little-penguin-1 kernel: [    0.003892]   Device   empty
Jan  8 20:03:15 little-penguin-1 kernel: [    0.003893] Movable zone start for each node
Jan  8 20:03:15 little-penguin-1 kernel: [    0.003896] Early memory node ranges
Jan  8 20:03:15 little-penguin-1 kernel: [    0.003897]   node   0: [mem 0x0000000000001000-0x000000000009efff]
Jan  8 20:03:15 little-penguin-1 kernel: [    0.003899]   node   0: [mem 0x0000000000100000-0x00000000dffeffff]
Jan  8 20:03:15 little-penguin-1 kernel: [    0.003901]   node   0: [mem 0x0000000100000000-0x000000021fffffff]
Jan  8 20:03:15 little-penguin-1 kernel: [    0.003903] Initmem setup node 0 [mem 0x0000000000001000-0x000000021fffffff]
Jan  8 20:03:15 little-penguin-1 kernel: [    0.003911] On node 0, zone DMA: 1 pages in unavailable ranges
Jan  8 20:03:15 little-penguin-1 kernel: [    0.003945] On node 0, zone DMA: 97 pages in unavailable ranges
Jan  8 20:03:15 little-penguin-1 kernel: [    0.023775] On node 0, zone Normal: 16 pages in unavailable ranges
Jan  8 20:03:15 little-penguin-1 kernel: [    0.024131] ACPI: PM-Timer IO Port: 0x4008
Jan  8 20:03:15 little-penguin-1 kernel: [    0.024197] IOAPIC[0]: apic_id 4, version 32, address 0xfec00000, GSI 0-23
Jan  8 20:03:15 little-penguin-1 kernel: [    0.024200] ACPI: INT_SRC_OVR (bus 0 bus_irq 0 global_irq 2 dfl dfl)
Jan  8 20:03:15 little-penguin-1 kernel: [    0.024203] ACPI: INT_SRC_OVR (bus 0 bus_irq 9 global_irq 9 low level)
Jan  8 20:03:15 little-penguin-1 kernel: [    0.024207] ACPI: Using ACPI (MADT) for SMP configuration information
Jan  8 20:03:15 little-penguin-1 kernel: [    0.024214] smpboot: Allowing 4 CPUs, 0 hotplug CPUs
Jan  8 20:03:15 little-penguin-1 kernel: [    0.024233] PM: hibernation: Registered nosave memory: [mem 0x00000000-0x00000fff]
Jan  8 20:03:15 little-penguin-1 kernel: [    0.024235] PM: hibernation: Registered nosave memory: [mem 0x0009f000-0x0009ffff]
Jan  8 20:03:15 little-penguin-1 kernel: [    0.024237] PM: hibernation: Registered nosave memory: [mem 0x000a0000-0x000effff]
Jan  8 20:03:15 little-penguin-1 kernel: [    0.024238] PM: hibernation: Registered nosave memory: [mem 0x000f0000-0x000fffff]
Jan  8 20:03:15 little-penguin-1 kernel: [    0.024240] PM: hibernation: Registered nosave memory: [mem 0xdfff0000-0xdfffffff]
Jan  8 20:03:15 little-penguin-1 kernel: [    0.024241] PM: hibernation: Registered nosave memory: [mem 0xe0000000-0xfebfffff]
Jan  8 20:03:15 little-penguin-1 kernel: [    0.024243] PM: hibernation: Registered nosave memory: [mem 0xfec00000-0xfec00fff]
Jan  8 20:03:15 little-penguin-1 kernel: [    0.024244] PM: hibernation: Registered nosave memory: [mem 0xfec01000-0xfedfffff]
Jan  8 20:03:15 little-penguin-1 kernel: [    0.024245] PM: hibernation: Registered nosave memory: [mem 0xfee00000-0xfee00fff]
Jan  8 20:03:15 little-penguin-1 kernel: [    0.024247] PM: hibernation: Registered nosave memory: [mem 0xfee01000-0xfffbffff]
Jan  8 20:03:15 little-penguin-1 kernel: [    0.024248] PM: hibernation: Registered nosave memory: [mem 0xfffc0000-0xffffffff]
Jan  8 20:03:15 little-penguin-1 kernel: [    0.024250] [mem 0xe0000000-0xfebfffff] available for PCI devices
Jan  8 20:03:15 little-penguin-1 kernel: [    0.024252] Booting paravirtualized kernel on KVM
Jan  8 20:03:15 little-penguin-1 kernel: [    0.024254] clocksource: refined-jiffies: mask: 0xffffffff max_cycles: 0xffffffff, max_idle_ns: 7645519600211568 ns
Jan  8 20:03:15 little-penguin-1 kernel: [    0.024260] setup_percpu: NR_CPUS:8192 nr_cpumask_bits:4 nr_cpu_ids:4 nr_node_ids:1
Jan  8 20:03:15 little-penguin-1 kernel: [    0.024361] percpu: Embedded 60 pages/cpu s208896 r8192 d28672 u524288
Jan  8 20:03:15 little-penguin-1 kernel: [    0.024367] pcpu-alloc: s208896 r8192 d28672 u524288 alloc=1*2097152
Jan  8 20:03:15 little-penguin-1 kernel: [    0.024369] pcpu-alloc: [0] 0 1 2 3 
Jan  8 20:03:15 little-penguin-1 kernel: [    0.024394] kvm-guest: PV spinlocks enabled
Jan  8 20:03:15 little-penguin-1 kernel: [    0.024397] PV qspinlock hash table entries: 256 (order: 0, 4096 bytes, linear)
Jan  8 20:03:15 little-penguin-1 kernel: [    0.024405] Built 1 zonelists, mobility grouping on.  Total pages: 2064112
Jan  8 20:03:15 little-penguin-1 kernel: [    0.024407] Policy zone: Normal
Jan  8 20:03:15 little-penguin-1 kernel: [    0.024408] Kernel command line: BOOT_IMAGE=/vmlinuz-5.15.0-57-generic root=/dev/mapper/ubuntu--vg-ubuntu--lv ro
Jan  8 20:03:15 little-penguin-1 kernel: [    0.024445] Unknown kernel command line parameters "BOOT_IMAGE=/vmlinuz-5.15.0-57-generic", will be passed to user space.
Jan  8 20:03:15 little-penguin-1 kernel: [    0.024708] Dentry cache hash table entries: 1048576 (order: 11, 8388608 bytes, linear)
Jan  8 20:03:15 little-penguin-1 kernel: [    0.024872] Inode-cache hash table entries: 524288 (order: 10, 4194304 bytes, linear)
Jan  8 20:03:15 little-penguin-1 kernel: [    0.024944] mem auto-init: stack:off, heap alloc:on, heap free:off
Jan  8 20:03:15 little-penguin-1 kernel: [    0.048821] Memory: 8026492K/8388152K available (16393K kernel code, 4378K rwdata, 10812K rodata, 3232K init, 6568K bss, 361400K reserved, 0K cma-reserved)
Jan  8 20:03:15 little-penguin-1 kernel: [    0.049817] SLUB: HWalign=64, Order=0-3, MinObjects=0, CPUs=4, Nodes=1
Jan  8 20:03:15 little-penguin-1 kernel: [    0.049857] Kernel/User page tables isolation: enabled
Jan  8 20:03:15 little-penguin-1 kernel: [    0.049877] ftrace: allocating 50532 entries in 198 pages
Jan  8 20:03:15 little-penguin-1 kernel: [    0.077177] ftrace: allocated 198 pages with 4 groups
Jan  8 20:03:15 little-penguin-1 kernel: [    0.077363] rcu: Hierarchical RCU implementation.
Jan  8 20:03:15 little-penguin-1 kernel: [    0.077364] rcu: 	RCU restricting CPUs from NR_CPUS=8192 to nr_cpu_ids=4.
Jan  8 20:03:15 little-penguin-1 kernel: [    0.077366] 	Rude variant of Tasks RCU enabled.
Jan  8 20:03:15 little-penguin-1 kernel: [    0.077367] 	Tracing variant of Tasks RCU enabled.
Jan  8 20:03:15 little-penguin-1 kernel: [    0.077368] rcu: RCU calculated value of scheduler-enlistment delay is 25 jiffies.
Jan  8 20:03:15 little-penguin-1 kernel: [    0.077370] rcu: Adjusting geometry for rcu_fanout_leaf=16, nr_cpu_ids=4
Jan  8 20:03:15 little-penguin-1 kernel: [    0.082999] NR_IRQS: 524544, nr_irqs: 456, preallocated irqs: 16
Jan  8 20:03:15 little-penguin-1 kernel: [    0.083477] random: crng init done
Jan  8 20:03:15 little-penguin-1 kernel: [    0.099212] Console: colour VGA+ 80x25
Jan  8 20:03:15 little-penguin-1 kernel: [    0.154013] printk: console [tty0] enabled
Jan  8 20:03:15 little-penguin-1 kernel: [    0.154330] ACPI: Core revision 20210730
Jan  8 20:03:15 little-penguin-1 kernel: [    0.154729] APIC: Switch to symmetric I/O mode setup
Jan  8 20:03:15 little-penguin-1 kernel: [    0.155401] x2apic enabled
Jan  8 20:03:15 little-penguin-1 kernel: [    0.155999] Switched APIC routing to physical x2apic.
Jan  8 20:03:15 little-penguin-1 kernel: [    0.157755] ..TIMER: vector=0x30 apic1=0 pin1=2 apic2=-1 pin2=-1
Jan  8 20:03:15 little-penguin-1 kernel: [    0.158265] clocksource: tsc-early: mask: 0xffffffffffffffff max_cycles: 0x29dc03c1beb, max_idle_ns: 440795205215 ns
Jan  8 20:03:15 little-penguin-1 kernel: [    0.159015] Calibrating delay loop (skipped) preset value.. 5807.99 BogoMIPS (lpj=11615992)
Jan  8 20:03:15 little-penguin-1 kernel: [    0.159599] pid_max: default: 32768 minimum: 301
Jan  8 20:03:15 little-penguin-1 kernel: [    0.159948] LSM: Security Framework initializing
Jan  8 20:03:15 little-penguin-1 kernel: [    0.160281] landlock: Up and running.
Jan  8 20:03:15 little-penguin-1 kernel: [    0.160567] Yama: becoming mindful.
Jan  8 20:03:15 little-penguin-1 kernel: [    0.160873] AppArmor: AppArmor initialized
Jan  8 20:03:15 little-penguin-1 kernel: [    0.161219] Mount-cache hash table entries: 16384 (order: 5, 131072 bytes, linear)
Jan  8 20:03:15 little-penguin-1 kernel: [    0.163023] Mountpoint-cache hash table entries: 16384 (order: 5, 131072 bytes, linear)
Jan  8 20:03:15 little-penguin-1 kernel: [    0.167405] Last level iTLB entries: 4KB 64, 2MB 8, 4MB 8
Jan  8 20:03:15 little-penguin-1 kernel: [    0.167793] Last level dTLB entries: 4KB 64, 2MB 0, 4MB 0, 1GB 4
Jan  8 20:03:15 little-penguin-1 kernel: [    0.168211] Spectre V1 : Mitigation: usercopy/swapgs barriers and __user pointer sanitization
Jan  8 20:03:15 little-penguin-1 kernel: [    0.168839] Spectre V2 : Mitigation: Retpolines
Jan  8 20:03:15 little-penguin-1 kernel: [    0.169241] Spectre V2 : Spectre v2 / SpectreRSB mitigation: Filling RSB on context switch
Jan  8 20:03:15 little-penguin-1 kernel: [    0.169965] Spectre V2 : Spectre v2 / SpectreRSB : Filling RSB on VMEXIT
Jan  8 20:03:15 little-penguin-1 kernel: [    0.170488] RETBleed: WARNING: Spectre v2 mitigation leaves CPU vulnerable to RETBleed attacks, data leaks possible!
Jan  8 20:03:15 little-penguin-1 kernel: [    0.171014] RETBleed: Vulnerable
Jan  8 20:03:15 little-penguin-1 kernel: [    0.171349] Speculative Store Bypass: Vulnerable
Jan  8 20:03:15 little-penguin-1 kernel: [    0.171723] MDS: Mitigation: Clear CPU buffers
Jan  8 20:03:15 little-penguin-1 kernel: [    0.172065] MMIO Stale Data: Mitigation: Clear CPU buffers
Jan  8 20:03:15 little-penguin-1 kernel: [    0.172444] SRBDS: Unknown: Dependent on hypervisor status
Jan  8 20:03:15 little-penguin-1 kernel: [    0.196323] Freeing SMP alternatives memory: 40K
Jan  8 20:03:15 little-penguin-1 kernel: [    0.304718] smpboot: CPU0: Intel(R) Core(TM) i7-7820HQ CPU @ 2.90GHz (family: 0x6, model: 0x9e, stepping: 0x9)
Jan  8 20:03:15 little-penguin-1 kernel: [    0.305460] Performance Events: unsupported p6 CPU model 158 no PMU driver, software events only.
Jan  8 20:03:15 little-penguin-1 kernel: [    0.306039] rcu: Hierarchical SRCU implementation.
Jan  8 20:03:15 little-penguin-1 kernel: [    0.306761] NMI watchdog: Perf NMI watchdog permanently disabled
Jan  8 20:03:15 little-penguin-1 kernel: [    0.307011] smp: Bringing up secondary CPUs ...
Jan  8 20:03:15 little-penguin-1 kernel: [    0.307011] x86: Booting SMP configuration:
Jan  8 20:03:15 little-penguin-1 kernel: [    0.307011] .... node  #0, CPUs:      #1
Jan  8 20:03:15 little-penguin-1 kernel: [    0.079560] kvm-clock: cpu 1, msr 25c01041, secondary cpu clock
Jan  8 20:03:15 little-penguin-1 kernel: [    0.307110]  #2
Jan  8 20:03:15 little-penguin-1 kernel: [    0.079560] kvm-clock: cpu 2, msr 25c01081, secondary cpu clock
Jan  8 20:03:15 little-penguin-1 kernel: [    0.311107]  #3
Jan  8 20:03:15 little-penguin-1 kernel: [    0.079560] kvm-clock: cpu 3, msr 25c010c1, secondary cpu clock
Jan  8 20:03:15 little-penguin-1 kernel: [    0.315235] smp: Brought up 1 node, 4 CPUs
Jan  8 20:03:15 little-penguin-1 kernel: [    0.316126] smpboot: Max logical packages: 1
Jan  8 20:03:15 little-penguin-1 kernel: [    0.316459] smpboot: Total of 4 processors activated (23231.98 BogoMIPS)
Jan  8 20:03:15 little-penguin-1 kernel: [    0.317082] devtmpfs: initialized
Jan  8 20:03:15 little-penguin-1 kernel: [    0.317082] x86/mm: Memory block size: 128MB
Jan  8 20:03:15 little-penguin-1 kernel: [    0.319645] clocksource: jiffies: mask: 0xffffffff max_cycles: 0xffffffff, max_idle_ns: 7645041785100000 ns
Jan  8 20:03:15 little-penguin-1 kernel: [    0.319802] futex hash table entries: 1024 (order: 4, 65536 bytes, linear)
Jan  8 20:03:15 little-penguin-1 kernel: [    0.320296] pinctrl core: initialized pinctrl subsystem
Jan  8 20:03:15 little-penguin-1 kernel: [    0.320836] PM: RTC time: 20:03:04, date: 2023-01-08
Jan  8 20:03:15 little-penguin-1 kernel: [    0.321314] NET: Registered PF_NETLINK/PF_ROUTE protocol family
Jan  8 20:03:15 little-penguin-1 kernel: [    0.321794] DMA: preallocated 1024 KiB GFP_KERNEL pool for atomic allocations
Jan  8 20:03:15 little-penguin-1 kernel: [    0.323063] DMA: preallocated 1024 KiB GFP_KERNEL|GFP_DMA pool for atomic allocations
Jan  8 20:03:15 little-penguin-1 kernel: [    0.323675] DMA: preallocated 1024 KiB GFP_KERNEL|GFP_DMA32 pool for atomic allocations
Jan  8 20:03:15 little-penguin-1 kernel: [    0.324207] audit: initializing netlink subsys (disabled)
Jan  8 20:03:15 little-penguin-1 kernel: [    0.324623] audit: type=2000 audit(1673208189.344:1): state=initialized audit_enabled=0 res=1
Jan  8 20:03:15 little-penguin-1 kernel: [    0.324623] thermal_sys: Registered thermal governor 'fair_share'
Jan  8 20:03:15 little-penguin-1 kernel: [    0.324623] thermal_sys: Registered thermal governor 'bang_bang'
Jan  8 20:03:15 little-penguin-1 kernel: [    0.324623] thermal_sys: Registered thermal governor 'step_wise'
Jan  8 20:03:15 little-penguin-1 kernel: [    0.324623] thermal_sys: Registered thermal governor 'user_space'
Jan  8 20:03:15 little-penguin-1 kernel: [    0.324632] thermal_sys: Registered thermal governor 'power_allocator'
Jan  8 20:03:15 little-penguin-1 kernel: [    0.324992] EISA bus registered
Jan  8 20:03:15 little-penguin-1 kernel: [    0.327251] cpuidle: using governor ladder
Jan  8 20:03:15 little-penguin-1 kernel: [    0.327564] cpuidle: using governor menu
Jan  8 20:03:15 little-penguin-1 kernel: [    0.327923] ACPI: bus type PCI registered
Jan  8 20:03:15 little-penguin-1 kernel: [    0.328217] acpiphp: ACPI Hot Plug PCI Controller Driver version: 0.5
Jan  8 20:03:15 little-penguin-1 kernel: [    0.328755] PCI: Using configuration type 1 for base access
Jan  8 20:03:15 little-penguin-1 kernel: [    0.330561] Kprobes globally optimized
Jan  8 20:03:15 little-penguin-1 kernel: [    0.331072] HugeTLB registered 2.00 MiB page size, pre-allocated 0 pages
Jan  8 20:03:15 little-penguin-1 kernel: [    0.331431] ACPI: Added _OSI(Module Device)
Jan  8 20:03:15 little-penguin-1 kernel: [    0.331431] ACPI: Added _OSI(Processor Device)
Jan  8 20:03:15 little-penguin-1 kernel: [    0.331675] ACPI: Added _OSI(3.0 _SCP Extensions)
Jan  8 20:03:15 little-penguin-1 kernel: [    0.335014] ACPI: Added _OSI(Processor Aggregator Device)
Jan  8 20:03:15 little-penguin-1 kernel: [    0.335342] ACPI: Added _OSI(Linux-Dell-Video)
Jan  8 20:03:15 little-penguin-1 kernel: [    0.335635] ACPI: Added _OSI(Linux-Lenovo-NV-HDMI-Audio)
Jan  8 20:03:15 little-penguin-1 kernel: [    0.335960] ACPI: Added _OSI(Linux-HPI-Hybrid-Graphics)
Jan  8 20:03:15 little-penguin-1 kernel: [    0.339483] ACPI: 2 ACPI AML tables successfully acquired and loaded
Jan  8 20:03:15 little-penguin-1 kernel: [    0.341718] ACPI: Interpreter enabled
Jan  8 20:03:15 little-penguin-1 kernel: [    0.341997] ACPI: PM: (supports S0 S5)
Jan  8 20:03:15 little-penguin-1 kernel: [    0.342266] ACPI: Using IOAPIC for interrupt routing
Jan  8 20:03:15 little-penguin-1 kernel: [    0.342845] PCI: Using host bridge windows from ACPI; if necessary, use "pci=nocrs" and report a bug
Jan  8 20:03:15 little-penguin-1 kernel: [    0.343016] PCI: Using E820 reservations for host bridge windows
Jan  8 20:03:15 little-penguin-1 kernel: [    0.343514] ACPI: Enabled 2 GPEs in block 00 to 07
Jan  8 20:03:15 little-penguin-1 kernel: [    0.350396] ACPI: PCI Root Bridge [PCI0] (domain 0000 [bus 00-ff])
Jan  8 20:03:15 little-penguin-1 kernel: [    0.350765] acpi PNP0A03:00: _OSC: OS supports [ASPM ClockPM Segments MSI EDR HPX-Type3]
Jan  8 20:03:15 little-penguin-1 kernel: [    0.351606] acpi PNP0A03:00: _OSC: not requesting OS control; OS requires [ExtendedConfig ASPM ClockPM MSI]
Jan  8 20:03:15 little-penguin-1 kernel: [    0.352189] acpi PNP0A03:00: fail to add MMCONFIG information, can't access extended PCI configuration space under this bridge.
Jan  8 20:03:15 little-penguin-1 kernel: [    0.353178] PCI host bridge to bus 0000:00
Jan  8 20:03:15 little-penguin-1 kernel: [    0.353447] pci_bus 0000:00: root bus resource [bus 00-ff]
Jan  8 20:03:15 little-penguin-1 kernel: [    0.353762] pci_bus 0000:00: root bus resource [io  0x0000-0x0cf7 window]
Jan  8 20:03:15 little-penguin-1 kernel: [    0.354123] pci_bus 0000:00: root bus resource [io  0x0d00-0xffff window]
Jan  8 20:03:15 little-penguin-1 kernel: [    0.354483] pci_bus 0000:00: root bus resource [mem 0x000a0000-0x000bffff window]
Jan  8 20:03:15 little-penguin-1 kernel: [    0.355013] pci_bus 0000:00: root bus resource [mem 0xe0000000-0xfdffffff window]
Jan  8 20:03:15 little-penguin-1 kernel: [    0.356069] pci 0000:00:00.0: [8086:1237] type 00 class 0x060000
Jan  8 20:03:15 little-penguin-1 kernel: [    0.357446] pci 0000:00:01.0: [8086:7000] type 00 class 0x060100
Jan  8 20:03:15 little-penguin-1 kernel: [    0.358396] pci 0000:00:01.1: [8086:7111] type 00 class 0x01018a
Jan  8 20:03:15 little-penguin-1 kernel: [    0.359276] pci 0000:00:01.1: reg 0x20: [io  0xd000-0xd00f]
Jan  8 20:03:15 little-penguin-1 kernel: [    0.359721] pci 0000:00:01.1: legacy IDE quirk: reg 0x10: [io  0x01f0-0x01f7]
Jan  8 20:03:15 little-penguin-1 kernel: [    0.360113] pci 0000:00:01.1: legacy IDE quirk: reg 0x14: [io  0x03f6]
Jan  8 20:03:15 little-penguin-1 kernel: [    0.360537] pci 0000:00:01.1: legacy IDE quirk: reg 0x18: [io  0x0170-0x0177]
Jan  8 20:03:15 little-penguin-1 kernel: [    0.361047] pci 0000:00:01.1: legacy IDE quirk: reg 0x1c: [io  0x0376]
Jan  8 20:03:15 little-penguin-1 kernel: [    0.362048] pci 0000:00:02.0: [15ad:0405] type 00 class 0x030000
Jan  8 20:03:15 little-penguin-1 kernel: [    0.366222] pci 0000:00:02.0: reg 0x10: [io  0xd010-0xd01f]
Jan  8 20:03:15 little-penguin-1 kernel: [    0.367210] pci 0000:00:02.0: reg 0x14: [mem 0xe0000000-0xe0ffffff pref]
Jan  8 20:03:15 little-penguin-1 kernel: [    0.371222] pci 0000:00:02.0: reg 0x18: [mem 0xf0000000-0xf01fffff]
Jan  8 20:03:15 little-penguin-1 kernel: [    0.382474] pci 0000:00:02.0: Video device with shadowed ROM at [mem 0x000c0000-0x000dffff]
Jan  8 20:03:15 little-penguin-1 kernel: [    0.383011] pci 0000:00:03.0: [8086:100e] type 00 class 0x020000
Jan  8 20:03:15 little-penguin-1 kernel: [    0.387140] pci 0000:00:03.0: reg 0x10: [mem 0xf0200000-0xf021ffff]
Jan  8 20:03:15 little-penguin-1 kernel: [    0.395090] pci 0000:00:03.0: reg 0x18: [io  0xd020-0xd027]
Jan  8 20:03:15 little-penguin-1 kernel: [    0.407921] pci 0000:00:04.0: [80ee:cafe] type 00 class 0x088000
Jan  8 20:03:15 little-penguin-1 kernel: [    0.411066] pci 0000:00:04.0: reg 0x10: [io  0xd040-0xd05f]
Jan  8 20:03:15 little-penguin-1 kernel: [    0.415089] pci 0000:00:04.0: reg 0x14: [mem 0xf0400000-0xf07fffff]
Jan  8 20:03:15 little-penguin-1 kernel: [    0.422527] pci 0000:00:04.0: reg 0x18: [mem 0xf0800000-0xf0803fff pref]
Jan  8 20:03:15 little-penguin-1 kernel: [    0.431714] pci 0000:00:05.0: [8086:2415] type 00 class 0x040100
Jan  8 20:03:15 little-penguin-1 kernel: [    0.432169] pci 0000:00:05.0: reg 0x10: [io  0xd100-0xd1ff]
Jan  8 20:03:15 little-penguin-1 kernel: [    0.435026] pci 0000:00:05.0: reg 0x14: [io  0xd200-0xd23f]
Jan  8 20:03:15 little-penguin-1 kernel: [    0.436285] pci 0000:00:06.0: [106b:003f] type 00 class 0x0c0310
Jan  8 20:03:15 little-penguin-1 kernel: [    0.439124] pci 0000:00:06.0: reg 0x10: [mem 0xf0804000-0xf0804fff]
Jan  8 20:03:15 little-penguin-1 kernel: [    0.459594] pci 0000:00:07.0: [8086:7113] type 00 class 0x068000
Jan  8 20:03:15 little-penguin-1 kernel: [    0.460300] pci 0000:00:07.0: quirk: [io  0x4000-0x403f] claimed by PIIX4 ACPI
Jan  8 20:03:15 little-penguin-1 kernel: [    0.460862] pci 0000:00:07.0: quirk: [io  0x4100-0x410f] claimed by PIIX4 SMB
Jan  8 20:03:15 little-penguin-1 kernel: [    0.463652] pci 0000:00:0b.0: [8086:265c] type 00 class 0x0c0320
Jan  8 20:03:15 little-penguin-1 kernel: [    0.466990] pci 0000:00:0b.0: reg 0x10: [mem 0xf0805000-0xf0805fff]
Jan  8 20:03:15 little-penguin-1 kernel: [    0.483071] pci 0000:00:0d.0: [8086:2829] type 00 class 0x010601
Jan  8 20:03:15 little-penguin-1 kernel: [    0.487110] pci 0000:00:0d.0: reg 0x10: [io  0xd240-0xd247]
Jan  8 20:03:15 little-penguin-1 kernel: [    0.491127] pci 0000:00:0d.0: reg 0x14: [io  0xd248-0xd24b]
Jan  8 20:03:15 little-penguin-1 kernel: [    0.495081] pci 0000:00:0d.0: reg 0x18: [io  0xd250-0xd257]
Jan  8 20:03:15 little-penguin-1 kernel: [    0.498262] pci 0000:00:0d.0: reg 0x1c: [io  0xd258-0xd25b]
Jan  8 20:03:15 little-penguin-1 kernel: [    0.499077] pci 0000:00:0d.0: reg 0x20: [io  0xd260-0xd26f]
Jan  8 20:03:15 little-penguin-1 kernel: [    0.503086] pci 0000:00:0d.0: reg 0x24: [mem 0xf0806000-0xf0807fff]
Jan  8 20:03:15 little-penguin-1 kernel: [    0.515840] ACPI: PCI: Interrupt link LNKA configured for IRQ 11
Jan  8 20:03:15 little-penguin-1 kernel: [    0.516628] ACPI: PCI: Interrupt link LNKB configured for IRQ 10
Jan  8 20:03:15 little-penguin-1 kernel: [    0.517192] ACPI: PCI: Interrupt link LNKC configured for IRQ 9
Jan  8 20:03:15 little-penguin-1 kernel: [    0.517652] ACPI: PCI: Interrupt link LNKD configured for IRQ 11
Jan  8 20:03:15 little-penguin-1 kernel: [    0.519171] iommu: Default domain type: Translated 
Jan  8 20:03:15 little-penguin-1 kernel: [    0.519369] iommu: DMA domain TLB invalidation policy: lazy mode 
Jan  8 20:03:15 little-penguin-1 kernel: [    0.519909] SCSI subsystem initialized
Jan  8 20:03:15 little-penguin-1 kernel: [    0.520201] libata version 3.00 loaded.
Jan  8 20:03:15 little-penguin-1 kernel: [    0.520201] pci 0000:00:02.0: vgaarb: setting as boot VGA device
Jan  8 20:03:15 little-penguin-1 kernel: [    0.520201] pci 0000:00:02.0: vgaarb: VGA device added: decodes=io+mem,owns=io+mem,locks=none
Jan  8 20:03:15 little-penguin-1 kernel: [    0.520201] pci 0000:00:02.0: vgaarb: bridge control possible
Jan  8 20:03:15 little-penguin-1 kernel: [    0.520441] vgaarb: loaded
Jan  8 20:03:15 little-penguin-1 kernel: [    0.520817] ACPI: bus type USB registered
Jan  8 20:03:15 little-penguin-1 kernel: [    0.521110] usbcore: registered new interface driver usbfs
Jan  8 20:03:15 little-penguin-1 kernel: [    0.523020] usbcore: registered new interface driver hub
Jan  8 20:03:15 little-penguin-1 kernel: [    0.523350] usbcore: registered new device driver usb
Jan  8 20:03:15 little-penguin-1 kernel: [    0.523681] pps_core: LinuxPPS API ver. 1 registered
Jan  8 20:03:15 little-penguin-1 kernel: [    0.524030] pps_core: Software ver. 5.3.6 - Copyright 2005-2007 Rodolfo Giometti <giometti@linux.it>
Jan  8 20:03:15 little-penguin-1 kernel: [    0.524594] PTP clock support registered
Jan  8 20:03:15 little-penguin-1 kernel: [    0.524900] EDAC MC: Ver: 3.0.0
Jan  8 20:03:15 little-penguin-1 kernel: [    0.524900] NetLabel: Initializing
Jan  8 20:03:15 little-penguin-1 kernel: [    0.524900] NetLabel:  domain hash size = 128
Jan  8 20:03:15 little-penguin-1 kernel: [    0.524900] NetLabel:  protocols = UNLABELED CIPSOv4 CALIPSO
Jan  8 20:03:15 little-penguin-1 kernel: [    0.524900] NetLabel:  unlabeled traffic allowed by default
Jan  8 20:03:15 little-penguin-1 kernel: [    0.524900] PCI: Using ACPI for IRQ routing
Jan  8 20:03:15 little-penguin-1 kernel: [    0.527014] PCI: pci_cache_line_size set to 64 bytes
Jan  8 20:03:15 little-penguin-1 kernel: [    0.527207] e820: reserve RAM buffer [mem 0x0009fc00-0x0009ffff]
Jan  8 20:03:15 little-penguin-1 kernel: [    0.527210] e820: reserve RAM buffer [mem 0xdfff0000-0xdfffffff]
Jan  8 20:03:15 little-penguin-1 kernel: [    0.527870] clocksource: Switched to clocksource kvm-clock
Jan  8 20:03:15 little-penguin-1 kernel: [    0.541176] VFS: Disk quotas dquot_6.6.0
Jan  8 20:03:15 little-penguin-1 kernel: [    0.541462] VFS: Dquot-cache hash table entries: 512 (order 0, 4096 bytes)
Jan  8 20:03:15 little-penguin-1 kernel: [    0.541524] AppArmor: AppArmor Filesystem Enabled
Jan  8 20:03:15 little-penguin-1 kernel: [    0.541524] pnp: PnP ACPI init
Jan  8 20:03:15 little-penguin-1 kernel: [    0.541524] pnp: PnP ACPI: found 2 devices
Jan  8 20:03:15 little-penguin-1 kernel: [    0.552551] clocksource: acpi_pm: mask: 0xffffff max_cycles: 0xffffff, max_idle_ns: 2085701024 ns
Jan  8 20:03:15 little-penguin-1 kernel: [    0.553155] NET: Registered PF_INET protocol family
Jan  8 20:03:15 little-penguin-1 kernel: [    0.553523] IP idents hash table entries: 131072 (order: 8, 1048576 bytes, linear)
Jan  8 20:03:15 little-penguin-1 kernel: [    0.554780] tcp_listen_portaddr_hash hash table entries: 4096 (order: 4, 65536 bytes, linear)
Jan  8 20:03:15 little-penguin-1 kernel: [    0.555399] Table-perturb hash table entries: 65536 (order: 6, 262144 bytes, linear)
Jan  8 20:03:15 little-penguin-1 kernel: [    0.555649] TCP established hash table entries: 65536 (order: 7, 524288 bytes, linear)
Jan  8 20:03:15 little-penguin-1 kernel: [    0.555649] TCP bind hash table entries: 65536 (order: 8, 1048576 bytes, linear)
Jan  8 20:03:15 little-penguin-1 kernel: [    0.555649] TCP: Hash tables configured (established 65536 bind 65536)
Jan  8 20:03:15 little-penguin-1 kernel: [    0.555649] MPTCP token hash table entries: 8192 (order: 5, 196608 bytes, linear)
Jan  8 20:03:15 little-penguin-1 kernel: [    0.555649] UDP hash table entries: 4096 (order: 5, 131072 bytes, linear)
Jan  8 20:03:15 little-penguin-1 kernel: [    0.555649] UDP-Lite hash table entries: 4096 (order: 5, 131072 bytes, linear)
Jan  8 20:03:15 little-penguin-1 kernel: [    0.555649] NET: Registered PF_UNIX/PF_LOCAL protocol family
Jan  8 20:03:15 little-penguin-1 kernel: [    0.555649] NET: Registered PF_XDP protocol family
Jan  8 20:03:15 little-penguin-1 kernel: [    0.555649] pci_bus 0000:00: resource 4 [io  0x0000-0x0cf7 window]
Jan  8 20:03:15 little-penguin-1 kernel: [    0.555649] pci_bus 0000:00: resource 5 [io  0x0d00-0xffff window]
Jan  8 20:03:15 little-penguin-1 kernel: [    0.555649] pci_bus 0000:00: resource 6 [mem 0x000a0000-0x000bffff window]
Jan  8 20:03:15 little-penguin-1 kernel: [    0.555649] pci_bus 0000:00: resource 7 [mem 0xe0000000-0xfdffffff window]
Jan  8 20:03:15 little-penguin-1 kernel: [    0.555649] pci 0000:00:00.0: Limiting direct PCI/PCI transfers
Jan  8 20:03:15 little-penguin-1 kernel: [    0.561379] pci 0000:00:01.0: Activating ISA DMA hang workarounds
Jan  8 20:03:15 little-penguin-1 kernel: [    0.564439] PCI: CLS 0 bytes, default 64
Jan  8 20:03:15 little-penguin-1 kernel: [    0.564737] Trying to unpack rootfs image as initramfs...
Jan  8 20:03:15 little-penguin-1 kernel: [    0.601623] PCI-DMA: Using software bounce buffering for IO (SWIOTLB)
Jan  8 20:03:15 little-penguin-1 kernel: [    0.602071] software IO TLB: mapped [mem 0x00000000dbff0000-0x00000000dfff0000] (64MB)
Jan  8 20:03:15 little-penguin-1 kernel: [    0.602631] clocksource: tsc: mask: 0xffffffffffffffff max_cycles: 0x29dc03c1beb, max_idle_ns: 440795205215 ns
Jan  8 20:03:15 little-penguin-1 kernel: [    0.603387] clocksource: Switched to clocksource tsc
Jan  8 20:03:15 little-penguin-1 kernel: [    0.603876] platform rtc_cmos: registered platform RTC device (no PNP device found)
Jan  8 20:03:15 little-penguin-1 kernel: [    0.605038] Initialise system trusted keyrings
Jan  8 20:03:15 little-penguin-1 kernel: [    0.605381] Key type blacklist registered
Jan  8 20:03:15 little-penguin-1 kernel: [    0.605760] workingset: timestamp_bits=36 max_order=21 bucket_order=0
Jan  8 20:03:15 little-penguin-1 kernel: [    0.607402] zbud: loaded
Jan  8 20:03:15 little-penguin-1 kernel: [    0.607838] squashfs: version 4.0 (2009/01/31) Phillip Lougher
